{
  "175433": {
    "validation": {
      "cycles": 84,
      "validity_mismatches": [],
      "valid_plans": 50,
      "within_1mm": 49,
      "max_plan_error_m": 0.00480723349461828
    },
    "modes": {
      "fixed": {
        "cycles": 84,
        "failures_full": 34,
        "failures_mask": 34,
        "validity_differences": [],
        "horizon_shape_differences": [],
        "max_plan_difference_m": 0.0,
        "max_k1_difference_m": 0.0,
        "changed_over_1mm": [],
        "interval_changed_cycles": [
          13,
          14,
          15,
          16
        ]
      },
      "carried": {
        "cycles": 84,
        "failures_full": 34,
        "failures_mask": 34,
        "validity_differences": [],
        "horizon_shape_differences": [],
        "max_plan_difference_m": 0.0,
        "max_k1_difference_m": 0.0,
        "changed_over_1mm": [],
        "interval_changed_cycles": [
          13,
          14,
          15,
          16
        ]
      }
    }
  },
  "174526": {
    "validation": {
      "cycles": 67,
      "validity_mismatches": [],
      "valid_plans": 58,
      "within_1mm": 57,
      "max_plan_error_m": 0.018692269315408544
    },
    "modes": {
      "fixed": {
        "cycles": 67,
        "failures_full": 9,
        "failures_mask": 9,
        "validity_differences": [],
        "horizon_shape_differences": [],
        "max_plan_difference_m": 3.7532730207500222,
        "max_k1_difference_m": 0.0,
        "changed_over_1mm": [
          {
            "i": 25,
            "time": "17:46:17.441",
            "max_m": 3.7532730207500222,
            "k1_m": 0.0
          }
        ],
        "interval_changed_cycles": [
          0,
          17,
          18,
          19,
          23,
          24,
          25
        ]
      },
      "carried": {
        "cycles": 67,
        "failures_full": 9,
        "failures_mask": 9,
        "validity_differences": [],
        "horizon_shape_differences": [],
        "max_plan_difference_m": 3.7532730207500222,
        "max_k1_difference_m": 0.1930734732934934,
        "changed_over_1mm": [
          {
            "i": 25,
            "time": "17:46:17.441",
            "max_m": 3.7532730207500222,
            "k1_m": 0.0
          },
          {
            "i": 26,
            "time": "17:46:17.941",
            "max_m": 0.3729375281929708,
            "k1_m": 0.1930734732934934
          },
          {
            "i": 27,
            "time": "17:46:18.441",
            "max_m": 0.15116920982832807,
            "k1_m": 0.15116920982832807
          },
          {
            "i": 28,
            "time": "17:46:18.941",
            "max_m": 0.07534902618833152,
            "k1_m": 0.07534902618833152
          },
          {
            "i": 29,
            "time": "17:46:19.441",
            "max_m": 0.0248673424942924,
            "k1_m": 0.0248673424942924
          },
          {
            "i": 30,
            "time": "17:46:19.941",
            "max_m": 0.01015180628582637,
            "k1_m": 0.01015180628582637
          },
          {
            "i": 31,
            "time": "17:46:20.441",
            "max_m": 0.006478920116269121,
            "k1_m": 0.006478920116269121
          },
          {
            "i": 32,
            "time": "17:46:20.941",
            "max_m": 0.0025512663662401805,
            "k1_m": 0.0025512663662401805
          },
          {
            "i": 33,
            "time": "17:46:21.441",
            "max_m": 0.0010620092027823452,
            "k1_m": 0.0010620092027823452
          }
        ],
        "interval_changed_cycles": [
          0,
          17,
          18,
          19,
          23,
          24,
          25,
          26,
          27,
          28,
          29,
          30,
          31,
          32,
          33,
          34,
          35,
          36,
          37,
          38,
          39,
          40,
          41,
          42,
          43,
          44,
          45,
          46,
          47,
          48,
          49,
          50,
          51,
          52,
          53,
          54,
          55,
          56,
          57,
          58,
          59,
          60,
          61,
          62,
          63,
          64,
          65,
          66
        ]
      }
    }
  }
}
