[INFO] [1791223535.394023249] [upper_planner_node]: planner state input: Odometry topic=/motive/vehicle/odom_map yaw=orientation.z scalar
[INFO] [1791223535.399035950] [upper_planner_node]: Egocentric MIQP planner ready: rate=1.00Hz pred_dt=0.750s Nmax=7 lower_dt=0.100s target_v=6.000m/s scale=fullscale wheelbase=2.80m length=4.70m bev=40.00m margin=2.00m state=odom grid=/bev/occupancy_grid sparse=/planner/upper_path_sparse dense=/planner/lower_reference_path
[INFO] [1791223535.399224662] [upper_planner_node]: upper branch model: cumulative_increment=1 turn_window_at_split=1 turn_target_absolute=1 split_continuity=6.75m r_dpsi=3.000 lambda_turn=0.600
[WARN] [1791223535.454583551] [upper_planner_node]: interval_diag step=7 reason=3 ref_body=(23.779,19.165) heading_deg=46.28 center_cell=(76,125) center_value=100 line_free=0 blocked=137 unknown=99 outside=2 longest_run=0 min_run=2 grid_free=5156 zero=5156 positive=7988 unknown=3240 topic=/bev/occupancy_grid frame=Vehicle origin=(0.000,-20.000) origin_yaw_deg=0.00 size=128x128 res=0.3125 positive_is_drivable=0 threshold=0 waypoint_bias=0 previous=1
[WARN] [1791223535.454899947] [upper_planner_node]: no valid preview interval at step=7; usable horizon=6 reason=3
[WARN] [1791223535.455401501] [upper_planner_node]: no valid preview interval at step=7; usable horizon=6 reason=3
[WARN] [1791223535.462669072] [upper_planner_node]: no valid preview interval at step=6; usable horizon=5 reason=3
[WARN] [1791223535.462811605] [upper_planner_node]: no valid preview interval at step=7; usable horizon=5 reason=3
[WARN] [1791223535.463146274] [upper_planner_node]: no valid preview interval at step=6; usable horizon=5 reason=3
[WARN] [1791223535.463266214] [upper_planner_node]: no valid preview interval at step=7; usable horizon=5 reason=3
[WARN] [1791223535.463596019] [upper_planner_node]: no valid preview interval at step=6; usable horizon=5 reason=3
[WARN] [1791223535.463724728] [upper_planner_node]: no valid preview interval at step=7; usable horizon=5 reason=3
[WARN] [1791223535.464047108] [upper_planner_node]: no valid preview interval at step=6; usable horizon=5 reason=3
[WARN] [1791223535.464162792] [upper_planner_node]: no valid preview interval at step=7; usable horizon=5 reason=3
[WARN] [1791223535.464491668] [upper_planner_node]: no valid preview interval at step=4; usable horizon=3 reason=3
[WARN] [1791223535.464612761] [upper_planner_node]: no valid preview interval at step=5; usable horizon=3 reason=3
[WARN] [1791223535.464723965] [upper_planner_node]: no valid preview interval at step=6; usable horizon=3 reason=3
[WARN] [1791223535.464827137] [upper_planner_node]: no valid preview interval at step=7; usable horizon=3 reason=3
[WARN] [1791223535.465089515] [upper_planner_node]: no valid preview interval at step=4; usable horizon=3 reason=3
[WARN] [1791223535.465211152] [upper_planner_node]: no valid preview interval at step=5; usable horizon=3 reason=3
[WARN] [1791223535.465318164] [upper_planner_node]: no valid preview interval at step=6; usable horizon=3 reason=3
[WARN] [1791223535.465422104] [upper_planner_node]: no valid preview interval at step=7; usable horizon=3 reason=3
[WARN] [1791223535.465664641] [upper_planner_node]: no valid preview interval at step=4; usable horizon=3 reason=3
[WARN] [1791223535.465778053] [upper_planner_node]: no valid preview interval at step=5; usable horizon=3 reason=3
[WARN] [1791223535.465884873] [upper_planner_node]: no valid preview interval at step=6; usable horizon=3 reason=3
[WARN] [1791223535.466040815] [upper_planner_node]: no valid preview interval at step=7; usable horizon=3 reason=3
[WARN] [1791223535.466284984] [upper_planner_node]: no valid preview interval at step=4; usable horizon=3 reason=3
[WARN] [1791223535.466409629] [upper_planner_node]: no valid preview interval at step=5; usable horizon=3 reason=3
[WARN] [1791223535.466520065] [upper_planner_node]: no valid preview interval at step=6; usable horizon=3 reason=3
[WARN] [1791223535.466625381] [upper_planner_node]: no valid preview interval at step=7; usable horizon=3 reason=3
[INFO] [1791223535.489243674] [upper_planner_node]: planner state input: Odometry topic=/motive/vehicle/odom_map yaw=orientation.z scalar
[INFO] [1791223535.492387953] [upper_planner_node]: Egocentric MIQP planner ready: rate=1.00Hz pred_dt=0.750s Nmax=7 lower_dt=0.100s target_v=6.000m/s scale=fullscale wheelbase=2.80m length=4.70m bev=40.00m margin=2.00m state=odom grid=/bev/occupancy_grid sparse=/planner/upper_path_sparse dense=/planner/lower_reference_path
[INFO] [1791223535.492525750] [upper_planner_node]: upper branch model: cumulative_increment=1 turn_window_at_split=1 turn_target_absolute=1 split_continuity=6.75m r_dpsi=3.000 lambda_turn=0.600
[WARN] [1791223535.548084423] [upper_planner_node]: no valid preview interval at step=7; usable horizon=6 reason=3
[WARN] [1791223535.548731391] [upper_planner_node]: no valid preview interval at step=7; usable horizon=6 reason=3
[WARN] [1791223535.556043987] [upper_planner_node]: no valid preview interval at step=6; usable horizon=5 reason=3
[WARN] [1791223535.556231930] [upper_planner_node]: no valid preview interval at step=7; usable horizon=5 reason=3
[WARN] [1791223535.556566439] [upper_planner_node]: no valid preview interval at step=6; usable horizon=5 reason=3
[WARN] [1791223535.556688043] [upper_planner_node]: no valid preview interval at step=7; usable horizon=5 reason=3
[WARN] [1791223535.557004343] [upper_planner_node]: no valid preview interval at step=6; usable horizon=5 reason=3
[WARN] [1791223535.557124348] [upper_planner_node]: no valid preview interval at step=7; usable horizon=5 reason=3
[WARN] [1791223535.557444072] [upper_planner_node]: no valid preview interval at step=6; usable horizon=5 reason=3
[WARN] [1791223535.557561708] [upper_planner_node]: no valid preview interval at step=7; usable horizon=5 reason=3
[WARN] [1791223535.557906681] [upper_planner_node]: no valid preview interval at step=4; usable horizon=3 reason=3
[WARN] [1791223535.558029438] [upper_planner_node]: no valid preview interval at step=5; usable horizon=3 reason=3
[WARN] [1791223535.558148611] [upper_planner_node]: no valid preview interval at step=6; usable horizon=3 reason=3
[WARN] [1791223535.558254823] [upper_planner_node]: no valid preview interval at step=7; usable horizon=3 reason=3
[WARN] [1791223535.558517552] [upper_planner_node]: no valid preview interval at step=4; usable horizon=3 reason=3
[WARN] [1791223535.558635029] [upper_planner_node]: no valid preview interval at step=5; usable horizon=3 reason=3
[WARN] [1791223535.558746969] [upper_planner_node]: no valid preview interval at step=6; usable horizon=3 reason=3
[WARN] [1791223535.558847933] [upper_planner_node]: no valid preview interval at step=7; usable horizon=3 reason=3
[WARN] [1791223535.559092774] [upper_planner_node]: no valid preview interval at step=4; usable horizon=3 reason=3
[WARN] [1791223535.559209611] [upper_planner_node]: no valid preview interval at step=5; usable horizon=3 reason=3
[WARN] [1791223535.559367921] [upper_planner_node]: no valid preview interval at step=6; usable horizon=3 reason=3
[WARN] [1791223535.559469236] [upper_planner_node]: no valid preview interval at step=7; usable horizon=3 reason=3
[WARN] [1791223535.559735454] [upper_planner_node]: no valid preview interval at step=4; usable horizon=3 reason=3
[WARN] [1791223535.559866243] [upper_planner_node]: no valid preview interval at step=5; usable horizon=3 reason=3
[WARN] [1791223535.559975079] [upper_planner_node]: no valid preview interval at step=6; usable horizon=3 reason=3
[WARN] [1791223535.560078123] [upper_planner_node]: no valid preview interval at step=7; usable horizon=3 reason=3
