[INFO] [1791223535.765860705] [upper_planner_node]: planner state input: Odometry topic=/motive/vehicle/odom_map yaw=orientation.z scalar
[INFO] [1791223535.771165673] [upper_planner_node]: Egocentric MIQP planner ready: rate=1.00Hz pred_dt=0.750s Nmax=7 lower_dt=0.100s target_v=6.000m/s scale=fullscale wheelbase=2.80m length=4.70m bev=40.00m margin=2.00m state=odom grid=/bev/occupancy_grid sparse=/planner/upper_path_sparse dense=/planner/lower_reference_path
[INFO] [1791223535.771382097] [upper_planner_node]: upper branch model: cumulative_increment=1 turn_window_at_split=1 turn_target_absolute=1 split_continuity=6.75m r_dpsi=3.000 lambda_turn=0.600
[WARN] [1791223535.806362937] [upper_planner_node]: interval_diag step=4 reason=3 ref_body=(8.673,-15.773) heading_deg=-61.20 center_cell=(27,13) center_value=100 line_free=0 blocked=347 unknown=99 outside=1 longest_run=0 min_run=2 grid_free=2466 zero=2466 positive=10678 unknown=3240 topic=/bev/occupancy_grid frame=Vehicle origin=(0.000,-20.000) origin_yaw_deg=0.00 size=128x128 res=0.3125 positive_is_drivable=0 threshold=0 waypoint_bias=0 previous=0
[WARN] [1791223535.806575777] [upper_planner_node]: no valid preview interval at step=4; usable horizon=3 reason=3
[WARN] [1791223535.807871346] [upper_planner_node]: no valid preview interval at step=4; usable horizon=3 reason=3
[WARN] [1791223535.809058303] [upper_planner_node]: no valid preview interval at step=4; usable horizon=3 reason=3
[WARN] [1791223535.810273452] [upper_planner_node]: no valid preview interval at step=4; usable horizon=3 reason=3
[WARN] [1791223535.811562941] [upper_planner_node]: no valid preview interval at step=3; usable horizon=2 reason=3
[WARN] [1791223535.811771621] [upper_planner_node]: no valid preview interval at step=4; usable horizon=2 reason=3
[WARN] [1791223535.813054197] [upper_planner_node]: no valid preview interval at step=2; usable horizon=1 reason=3
[WARN] [1791223535.813183642] [upper_planner_node]: no valid preview interval at step=3; usable horizon=1 reason=3
[WARN] [1791223535.813291326] [upper_planner_node]: no valid preview interval at step=4; usable horizon=1 reason=3
[WARN] [1791223535.814473259] [upper_planner_node]: no valid preview interval at step=1; usable horizon=0 reason=3
[WARN] [1791223535.814596624] [upper_planner_node]: no valid preview interval at step=2; usable horizon=0 reason=3
[WARN] [1791223535.814707188] [upper_planner_node]: no valid preview interval at step=3; usable horizon=0 reason=3
[WARN] [1791223535.814810392] [upper_planner_node]: no valid preview interval at step=4; usable horizon=0 reason=3
[WARN] [1791223535.815957571] [upper_planner_node]: no valid preview interval at step=1; usable horizon=0 reason=3
[WARN] [1791223535.816085640] [upper_planner_node]: no valid preview interval at step=2; usable horizon=0 reason=3
[WARN] [1791223535.816198860] [upper_planner_node]: no valid preview interval at step=3; usable horizon=0 reason=3
[WARN] [1791223535.816300560] [upper_planner_node]: no valid preview interval at step=4; usable horizon=0 reason=3
[INFO] [1791223535.839348086] [upper_planner_node]: planner state input: Odometry topic=/motive/vehicle/odom_map yaw=orientation.z scalar
[INFO] [1791223535.842338182] [upper_planner_node]: Egocentric MIQP planner ready: rate=1.00Hz pred_dt=0.750s Nmax=7 lower_dt=0.100s target_v=6.000m/s scale=fullscale wheelbase=2.80m length=4.70m bev=40.00m margin=2.00m state=odom grid=/bev/occupancy_grid sparse=/planner/upper_path_sparse dense=/planner/lower_reference_path
[INFO] [1791223535.842486444] [upper_planner_node]: upper branch model: cumulative_increment=1 turn_window_at_split=1 turn_target_absolute=1 split_continuity=6.75m r_dpsi=3.000 lambda_turn=0.600
[WARN] [1791223535.877350032] [upper_planner_node]: no valid preview interval at step=4; usable horizon=3 reason=3
[WARN] [1791223535.878700227] [upper_planner_node]: no valid preview interval at step=4; usable horizon=3 reason=3
[WARN] [1791223535.879966450] [upper_planner_node]: no valid preview interval at step=4; usable horizon=3 reason=3
[WARN] [1791223535.881160447] [upper_planner_node]: no valid preview interval at step=4; usable horizon=3 reason=3
[WARN] [1791223535.882468753] [upper_planner_node]: no valid preview interval at step=3; usable horizon=2 reason=3
[WARN] [1791223535.882607606] [upper_planner_node]: no valid preview interval at step=4; usable horizon=2 reason=3
[WARN] [1791223535.883832292] [upper_planner_node]: no valid preview interval at step=2; usable horizon=1 reason=3
[WARN] [1791223535.883971049] [upper_planner_node]: no valid preview interval at step=3; usable horizon=1 reason=3
[WARN] [1791223535.884083886] [upper_planner_node]: no valid preview interval at step=4; usable horizon=1 reason=3
[WARN] [1791223535.885274747] [upper_planner_node]: no valid preview interval at step=1; usable horizon=0 reason=3
[WARN] [1791223535.885405088] [upper_planner_node]: no valid preview interval at step=2; usable horizon=0 reason=3
[WARN] [1791223535.885515748] [upper_planner_node]: no valid preview interval at step=3; usable horizon=0 reason=3
[WARN] [1791223535.885618312] [upper_planner_node]: no valid preview interval at step=4; usable horizon=0 reason=3
[WARN] [1791223535.886701360] [upper_planner_node]: no valid preview interval at step=1; usable horizon=0 reason=3
[WARN] [1791223535.886822869] [upper_planner_node]: no valid preview interval at step=2; usable horizon=0 reason=3
[WARN] [1791223535.886929881] [upper_planner_node]: no valid preview interval at step=3; usable horizon=0 reason=3
[WARN] [1791223535.887031773] [upper_planner_node]: no valid preview interval at step=4; usable horizon=0 reason=3
