[INFO] [1791223536.091758409] [upper_planner_node]: planner state input: Odometry topic=/motive/vehicle/odom_map yaw=orientation.z scalar
[INFO] [1791223536.097183158] [upper_planner_node]: Egocentric MIQP planner ready: rate=1.00Hz pred_dt=0.750s Nmax=7 lower_dt=0.100s target_v=6.000m/s scale=fullscale wheelbase=2.80m length=4.70m bev=40.00m margin=2.00m state=odom grid=/bev/occupancy_grid sparse=/planner/upper_path_sparse dense=/planner/lower_reference_path
[INFO] [1791223536.097389630] [upper_planner_node]: upper branch model: cumulative_increment=1 turn_window_at_split=1 turn_target_absolute=1 split_continuity=6.75m r_dpsi=3.000 lambda_turn=0.600
[WARN] [1791223536.127569520] [upper_planner_node]: interval_diag step=7 reason=3 ref_body=(26.981,-16.257) heading_deg=-31.07 center_cell=(86,11) center_value=100 line_free=0 blocked=152 unknown=144 outside=1 longest_run=0 min_run=2 grid_free=5731 zero=5731 positive=7413 unknown=3240 topic=/bev/occupancy_grid frame=Vehicle origin=(0.000,-20.000) origin_yaw_deg=0.00 size=128x128 res=0.3125 positive_is_drivable=0 threshold=0 waypoint_bias=0 previous=0
[WARN] [1791223536.127801017] [upper_planner_node]: no valid preview interval at step=7; usable horizon=6 reason=3
[WARN] [1791223536.129290065] [upper_planner_node]: no valid preview interval at step=7; usable horizon=6 reason=3
[WARN] [1791223536.142335229] [upper_planner_node]: no valid preview interval at step=4; usable horizon=3 reason=3
[WARN] [1791223536.142533765] [upper_planner_node]: no valid preview interval at step=5; usable horizon=3 reason=3
[WARN] [1791223536.142706795] [upper_planner_node]: no valid interval at the measured k=0 state; retaining future horizon=7 reason=3
[WARN] [1791223536.143133499] [upper_planner_node]: no valid interval at the measured k=0 state; retaining future horizon=7 reason=3
[WARN] [1791223536.143501545] [upper_planner_node]: no valid interval at the measured k=0 state; retaining future horizon=7 reason=3
[WARN] [1791223536.144029917] [upper_planner_node]: no valid preview interval at step=4; usable horizon=3 reason=3
[WARN] [1791223536.144209636] [upper_planner_node]: no valid interval at the measured k=0 state; retaining future horizon=7 reason=3
[WARN] [1791223536.145281868] [upper_planner_node]: no valid preview interval at step=3; usable horizon=2 reason=3
[WARN] [1791223536.145421682] [upper_planner_node]: no valid preview interval at step=4; usable horizon=2 reason=3
[WARN] [1791223536.147706440] [upper_planner_node]: no valid interval at the measured k=0 state; retaining future horizon=7 reason=3
[WARN] [1791223536.150162372] [upper_planner_node]: no valid preview interval at step=3; usable horizon=2 reason=3
[WARN] [1791223536.150325163] [upper_planner_node]: no valid preview interval at step=4; usable horizon=2 reason=3
[WARN] [1791223536.151520856] [upper_planner_node]: no valid preview interval at step=3; usable horizon=2 reason=3
[WARN] [1791223536.151703358] [upper_planner_node]: no valid preview interval at step=4; usable horizon=2 reason=3
[WARN] [1791223536.152304725] [upper_planner_node]: no valid interval at the measured k=0 state; retaining future horizon=7 reason=3
[WARN] [1791223536.152691012] [upper_planner_node]: no valid interval at the measured k=0 state; retaining future horizon=7 reason=3
[WARN] [1791223536.153136661] [upper_planner_node]: no valid preview interval at step=1; usable horizon=0 reason=3
[WARN] [1791223536.153275866] [upper_planner_node]: no valid preview interval at step=2; usable horizon=0 reason=3
[WARN] [1791223536.153447104] [upper_planner_node]: no valid preview interval at step=3; usable horizon=0 reason=3
[WARN] [1791223536.153555780] [upper_planner_node]: no valid preview interval at step=4; usable horizon=0 reason=3
[WARN] [1791223536.153667945] [upper_planner_node]: no valid interval at the measured k=0 state; retaining future horizon=7 reason=3
[INFO] [1791223536.177191648] [upper_planner_node]: planner state input: Odometry topic=/motive/vehicle/odom_map yaw=orientation.z scalar
[INFO] [1791223536.180489180] [upper_planner_node]: Egocentric MIQP planner ready: rate=1.00Hz pred_dt=0.750s Nmax=7 lower_dt=0.100s target_v=6.000m/s scale=fullscale wheelbase=2.80m length=4.70m bev=40.00m margin=2.00m state=odom grid=/bev/occupancy_grid sparse=/planner/upper_path_sparse dense=/planner/lower_reference_path
[INFO] [1791223536.180742662] [upper_planner_node]: upper branch model: cumulative_increment=1 turn_window_at_split=1 turn_target_absolute=1 split_continuity=6.75m r_dpsi=3.000 lambda_turn=0.600
[WARN] [1791223536.211869244] [upper_planner_node]: no valid preview interval at step=7; usable horizon=6 reason=3
[WARN] [1791223536.213623486] [upper_planner_node]: no valid preview interval at step=7; usable horizon=6 reason=3
[WARN] [1791223536.228397708] [upper_planner_node]: no valid preview interval at step=6; usable horizon=5 reason=3
[WARN] [1791223536.229077285] [upper_planner_node]: no valid preview interval at step=6; usable horizon=5 reason=3
[WARN] [1791223536.229457652] [upper_planner_node]: no valid preview interval at step=4; usable horizon=3 reason=3
[WARN] [1791223536.229599673] [upper_planner_node]: no valid preview interval at step=5; usable horizon=3 reason=3
[WARN] [1791223536.229765407] [upper_planner_node]: no valid interval at the measured k=0 state; retaining future horizon=7 reason=3
[WARN] [1791223536.230216624] [upper_planner_node]: no valid interval at the measured k=0 state; retaining future horizon=7 reason=3
[WARN] [1791223536.230623424] [upper_planner_node]: no valid interval at the measured k=0 state; retaining future horizon=7 reason=3
[WARN] [1791223536.231110322] [upper_planner_node]: no valid preview interval at step=4; usable horizon=3 reason=3
[WARN] [1791223536.231280312] [upper_planner_node]: no valid interval at the measured k=0 state; retaining future horizon=7 reason=3
[WARN] [1791223536.232464837] [upper_planner_node]: no valid preview interval at step=3; usable horizon=2 reason=3
[WARN] [1791223536.232628395] [upper_planner_node]: no valid preview interval at step=4; usable horizon=2 reason=3
[WARN] [1791223536.234719546] [upper_planner_node]: no valid interval at the measured k=0 state; retaining future horizon=7 reason=3
[WARN] [1791223536.238223102] [upper_planner_node]: no valid preview interval at step=3; usable horizon=2 reason=3
[WARN] [1791223536.238398597] [upper_planner_node]: no valid preview interval at step=4; usable horizon=2 reason=3
[WARN] [1791223536.239666261] [upper_planner_node]: no valid preview interval at step=3; usable horizon=2 reason=3
[WARN] [1791223536.239811194] [upper_planner_node]: no valid preview interval at step=4; usable horizon=2 reason=3
[WARN] [1791223536.240406449] [upper_planner_node]: no valid interval at the measured k=0 state; retaining future horizon=7 reason=3
[WARN] [1791223536.240840993] [upper_planner_node]: no valid interval at the measured k=0 state; retaining future horizon=7 reason=3
[WARN] [1791223536.241273041] [upper_planner_node]: no valid preview interval at step=1; usable horizon=0 reason=3
[WARN] [1791223536.241514970] [upper_planner_node]: no valid preview interval at step=2; usable horizon=0 reason=3
[WARN] [1791223536.241629215] [upper_planner_node]: no valid preview interval at step=3; usable horizon=0 reason=3
[WARN] [1791223536.241738755] [upper_planner_node]: no valid preview interval at step=4; usable horizon=0 reason=3
[WARN] [1791223536.241852519] [upper_planner_node]: no valid interval at the measured k=0 state; retaining future horizon=7 reason=3
