[INFO] [1791279883.859370976] [upper_planner_node]: planner state input: Odometry topic=/motive/vehicle/odom_map yaw=orientation.z scalar
[INFO] [1791279883.864862340] [upper_planner_node]: Egocentric MIQP planner ready: rate=2.00Hz pred_dt=0.750s Nmax=7 lower_dt=0.100s target_v=6.000m/s scale=fullscale wheelbase=2.80m length=4.70m bev=40.00m margin=2.00m state=odom grid=/bev/occupancy_grid sparse=/planner/upper_path_sparse dense=/planner/lower_reference_path
[INFO] [1791279883.865038825] [upper_planner_node]: upper branch model: cumulative_increment=1 turn_window_at_split=1 turn_target_absolute=1 split_continuity=6.75m r_dpsi=3.000 lambda_turn=0.600
[WARN] [1791279883.898229992] [upper_planner_node]: interval_diag step=3 reason=3 ref_body=(9.544,8.455) heading_deg=68.60 center_cell=(17,91) center_value=100 line_free=0 blocked=430 unknown=0 outside=1 longest_run=0 min_run=2 grid_free=3464 zero=3464 positive=12920 unknown=0 topic=/bev/occupancy_grid frame=Vehicle origin=(4.000,-20.000) origin_yaw_deg=0.00 size=128x128 res=0.3125 positive_is_drivable=0 threshold=0 waypoint_bias=0 previous=1
[WARN] [1791279883.898422638] [upper_planner_node]: no valid preview interval at step=3; usable horizon=2 reason=3
[WARN] [1791279883.898566130] [upper_planner_node]: no valid preview interval at step=4; usable horizon=2 reason=3
[WARN] [1791279883.898691318] [upper_planner_node]: no valid preview interval at step=5; usable horizon=2 reason=3
[WARN] [1791279883.900017085] [upper_planner_node]: no valid preview interval at step=4; usable horizon=3 reason=3
[WARN] [1791279883.900411497] [upper_planner_node]: no valid preview interval at step=3; usable horizon=2 reason=3
[WARN] [1791279883.900549037] [upper_planner_node]: no valid preview interval at step=4; usable horizon=2 reason=3
[WARN] [1791279883.900917176] [upper_planner_node]: no valid preview interval at step=3; usable horizon=2 reason=3
[WARN] [1791279883.901043068] [upper_planner_node]: no valid preview interval at step=4; usable horizon=2 reason=3
[WARN] [1791279883.901434184] [upper_planner_node]: no valid preview interval at step=3; usable horizon=2 reason=3
[WARN] [1791279883.901564972] [upper_planner_node]: no valid preview interval at step=4; usable horizon=2 reason=3
[WARN] [1791279883.901911638] [upper_planner_node]: no valid preview interval at step=3; usable horizon=2 reason=3
[WARN] [1791279883.902048026] [upper_planner_node]: no valid preview interval at step=4; usable horizon=2 reason=3
[WARN] [1791279883.902399781] [upper_planner_node]: no valid preview interval at step=3; usable horizon=2 reason=3
[WARN] [1791279883.902536329] [upper_planner_node]: no valid preview interval at step=4; usable horizon=2 reason=3
[WARN] [1791279883.902887411] [upper_planner_node]: no valid preview interval at step=4; usable horizon=3 reason=3
[INFO] [1791279883.927037060] [upper_planner_node]: planner state input: Odometry topic=/motive/vehicle/odom_map yaw=orientation.z scalar
[INFO] [1791279883.930033501] [upper_planner_node]: Egocentric MIQP planner ready: rate=2.00Hz pred_dt=0.750s Nmax=7 lower_dt=0.100s target_v=6.000m/s scale=fullscale wheelbase=2.80m length=4.70m bev=40.00m margin=2.00m state=odom grid=/bev/occupancy_grid sparse=/planner/upper_path_sparse dense=/planner/lower_reference_path
[INFO] [1791279883.930187714] [upper_planner_node]: upper branch model: cumulative_increment=1 turn_window_at_split=1 turn_target_absolute=1 split_continuity=6.75m r_dpsi=3.000 lambda_turn=0.600
