[INFO] [1791279861.296885016] [upper_planner_node]: planner state input: Odometry topic=/motive/vehicle/odom_map yaw=orientation.z scalar
[INFO] [1791279861.302277529] [upper_planner_node]: Egocentric MIQP planner ready: rate=2.00Hz pred_dt=0.750s Nmax=7 lower_dt=0.100s target_v=6.000m/s scale=fullscale wheelbase=2.80m length=4.70m bev=40.00m margin=2.00m state=odom grid=/bev/occupancy_grid sparse=/planner/upper_path_sparse dense=/planner/lower_reference_path
[INFO] [1791279861.302431613] [upper_planner_node]: upper branch model: cumulative_increment=1 turn_window_at_split=1 turn_target_absolute=1 split_continuity=6.75m r_dpsi=3.000 lambda_turn=0.600
[WARN] [1791279861.340481583] [upper_planner_node]: interval_diag step=3 reason=3 ref_body=(9.185,8.360) heading_deg=67.98 center_cell=(19,90) center_value=100 line_free=0 blocked=432 unknown=0 outside=1 longest_run=0 min_run=2 grid_free=3464 zero=3464 positive=12920 unknown=0 topic=/bev/occupancy_grid frame=Vehicle origin=(2.950,-20.000) origin_yaw_deg=0.00 size=128x128 res=0.3125 positive_is_drivable=0 threshold=0 waypoint_bias=0 previous=1
[WARN] [1791279861.340779799] [upper_planner_node]: no valid preview interval at step=3; usable horizon=2 reason=3
[WARN] [1791279861.340909179] [upper_planner_node]: no valid preview interval at step=4; usable horizon=2 reason=3
[WARN] [1791279861.341024703] [upper_planner_node]: no valid preview interval at step=5; usable horizon=2 reason=3
[WARN] [1791279861.342292005] [upper_planner_node]: no valid preview interval at step=3; usable horizon=2 reason=3
[WARN] [1791279861.342437769] [upper_planner_node]: no valid preview interval at step=4; usable horizon=2 reason=3
[WARN] [1791279861.342763315] [upper_planner_node]: no valid preview interval at step=2; usable horizon=1 reason=3
[WARN] [1791279861.342889207] [upper_planner_node]: no valid preview interval at step=3; usable horizon=1 reason=3
[WARN] [1791279861.343036731] [upper_planner_node]: no valid preview interval at step=4; usable horizon=1 reason=3
[WARN] [1791279861.343363877] [upper_planner_node]: no valid preview interval at step=2; usable horizon=1 reason=3
[WARN] [1791279861.343487592] [upper_planner_node]: no valid preview interval at step=3; usable horizon=1 reason=3
[WARN] [1791279861.343598956] [upper_planner_node]: no valid preview interval at step=4; usable horizon=1 reason=3
[WARN] [1791279861.343890004] [upper_planner_node]: no valid preview interval at step=2; usable horizon=1 reason=3
[WARN] [1791279861.344013720] [upper_planner_node]: no valid preview interval at step=3; usable horizon=1 reason=3
[WARN] [1791279861.344125755] [upper_planner_node]: no valid preview interval at step=4; usable horizon=1 reason=3
[WARN] [1791279861.344422532] [upper_planner_node]: no valid preview interval at step=2; usable horizon=1 reason=3
[WARN] [1791279861.344545032] [upper_planner_node]: no valid preview interval at step=3; usable horizon=1 reason=3
[WARN] [1791279861.344657611] [upper_planner_node]: no valid preview interval at step=4; usable horizon=1 reason=3
[WARN] [1791279861.344980149] [upper_planner_node]: no valid preview interval at step=3; usable horizon=2 reason=3
[WARN] [1791279861.345105369] [upper_planner_node]: no valid preview interval at step=4; usable horizon=2 reason=3
[WARN] [1791279861.345440675] [upper_planner_node]: no valid preview interval at step=3; usable horizon=2 reason=3
[WARN] [1791279861.345565063] [upper_planner_node]: no valid preview interval at step=4; usable horizon=2 reason=3
[WARN] [1791279861.345908785] [upper_planner_node]: no valid preview interval at step=4; usable horizon=3 reason=3
[INFO] [1791279861.369894494] [upper_planner_node]: planner state input: Odometry topic=/motive/vehicle/odom_map yaw=orientation.z scalar
[INFO] [1791279861.372814997] [upper_planner_node]: Egocentric MIQP planner ready: rate=2.00Hz pred_dt=0.750s Nmax=7 lower_dt=0.100s target_v=6.000m/s scale=fullscale wheelbase=2.80m length=4.70m bev=40.00m margin=2.00m state=odom grid=/bev/occupancy_grid sparse=/planner/upper_path_sparse dense=/planner/lower_reference_path
[INFO] [1791279861.373066844] [upper_planner_node]: upper branch model: cumulative_increment=1 turn_window_at_split=1 turn_target_absolute=1 split_continuity=6.75m r_dpsi=3.000 lambda_turn=0.600
