[INFO] [1791279885.670207209] [upper_planner_node]: planner state input: Odometry topic=/motive/vehicle/odom_map yaw=orientation.z scalar
[INFO] [1791279885.675899027] [upper_planner_node]: Egocentric MIQP planner ready: rate=2.00Hz pred_dt=0.750s Nmax=6 lower_dt=0.100s target_v=6.000m/s scale=fullscale wheelbase=2.80m length=4.70m bev=40.00m margin=2.00m state=odom grid=/bev/occupancy_grid sparse=/planner/upper_path_sparse dense=/planner/lower_reference_path
[INFO] [1791279885.676097497] [upper_planner_node]: upper branch model: cumulative_increment=1 turn_window_at_split=1 turn_target_absolute=1 split_continuity=6.75m r_dpsi=3.000 lambda_turn=0.600
[WARN] [1791279885.697477527] [upper_planner_node]: interval_diag step=1 reason=3 ref_body=(4.313,-1.712) heading_deg=37.00 center_cell=(1,58) center_value=100 line_free=0 blocked=236 unknown=0 outside=0 longest_run=0 min_run=2 grid_free=821 zero=821 positive=15563 unknown=0 topic=/bev/occupancy_grid frame=Vehicle origin=(4.000,-20.000) origin_yaw_deg=0.00 size=128x128 res=0.3125 positive_is_drivable=0 threshold=0 waypoint_bias=0 previous=1
[WARN] [1791279885.697663741] [upper_planner_node]: no valid preview interval at step=1; usable horizon=0 reason=3
[WARN] [1791279885.697801601] [upper_planner_node]: no valid preview interval at step=2; usable horizon=0 reason=3
[WARN] [1791279885.698012167] [upper_planner_node]: no valid preview interval at step=6; usable horizon=0 reason=3
[WARN] [1791279885.698299056] [upper_planner_node]: no valid preview interval at step=5; usable horizon=4 reason=3
[WARN] [1791279885.698422228] [upper_planner_node]: no valid preview interval at step=6; usable horizon=4 reason=3
[WARN] [1791279885.698687131] [upper_planner_node]: no valid preview interval at step=1; usable horizon=0 reason=3
[WARN] [1791279885.698819711] [upper_planner_node]: no valid preview interval at step=2; usable horizon=0 reason=3
[WARN] [1791279885.699024646] [upper_planner_node]: no valid preview interval at step=3; usable horizon=0 reason=3
[WARN] [1791279885.699153769] [upper_planner_node]: no valid preview interval at step=4; usable horizon=0 reason=3
[WARN] [1791279885.699272205] [upper_planner_node]: no valid preview interval at step=5; usable horizon=0 reason=3
[WARN] [1791279885.699386992] [upper_planner_node]: no valid preview interval at step=6; usable horizon=0 reason=3
[WARN] [1791279885.699548565] [upper_planner_node]: no valid preview interval at step=1; usable horizon=0 reason=3
[WARN] [1791279885.699664569] [upper_planner_node]: no valid preview interval at step=2; usable horizon=0 reason=3
[WARN] [1791279885.699777468] [upper_planner_node]: no valid preview interval at step=3; usable horizon=0 reason=3
[WARN] [1791279885.699889823] [upper_planner_node]: no valid preview interval at step=4; usable horizon=0 reason=3
[WARN] [1791279885.700001411] [upper_planner_node]: no valid preview interval at step=5; usable horizon=0 reason=3
[WARN] [1791279885.700113062] [upper_planner_node]: no valid preview interval at step=6; usable horizon=0 reason=3
[WARN] [1791279885.700298092] [upper_planner_node]: no valid preview interval at step=2; usable horizon=1 reason=3
[WARN] [1791279885.700418767] [upper_planner_node]: no valid preview interval at step=3; usable horizon=1 reason=3
[WARN] [1791279885.700531250] [upper_planner_node]: no valid preview interval at step=4; usable horizon=1 reason=3
[WARN] [1791279885.700641750] [upper_planner_node]: no valid preview interval at step=5; usable horizon=1 reason=3
[WARN] [1791279885.700751641] [upper_planner_node]: no valid preview interval at step=6; usable horizon=1 reason=3
[WARN] [1791279885.700987008] [upper_planner_node]: no valid preview interval at step=2; usable horizon=1 reason=3
[WARN] [1791279885.701116868] [upper_planner_node]: no valid preview interval at step=3; usable horizon=1 reason=3
[WARN] [1791279885.701238888] [upper_planner_node]: no valid preview interval at step=4; usable horizon=1 reason=3
[WARN] [1791279885.701352267] [upper_planner_node]: no valid preview interval at step=5; usable horizon=1 reason=3
[WARN] [1791279885.701463886] [upper_planner_node]: no valid preview interval at step=6; usable horizon=1 reason=3
[WARN] [1791279885.701889659] [upper_planner_node]: no valid preview interval at step=2; usable horizon=1 reason=3
[WARN] [1791279885.702043840] [upper_planner_node]: no valid preview interval at step=3; usable horizon=1 reason=3
[WARN] [1791279885.702171715] [upper_planner_node]: no valid preview interval at step=4; usable horizon=1 reason=3
[WARN] [1791279885.702291591] [upper_planner_node]: no valid preview interval at step=5; usable horizon=1 reason=3
[WARN] [1791279885.702399242] [upper_planner_node]: no valid preview interval at step=6; usable horizon=1 reason=3
[WARN] [1791279885.702635345] [upper_planner_node]: no valid preview interval at step=2; usable horizon=1 reason=3
[WARN] [1791279885.702815671] [upper_planner_node]: no valid preview interval at step=3; usable horizon=1 reason=3
[WARN] [1791279885.702979772] [upper_planner_node]: no valid preview interval at step=4; usable horizon=1 reason=3
[WARN] [1791279885.703108351] [upper_planner_node]: no valid preview interval at step=5; usable horizon=1 reason=3
[WARN] [1791279885.703389512] [upper_planner_node]: no valid preview interval at step=2; usable horizon=1 reason=3
[WARN] [1791279885.703518252] [upper_planner_node]: no valid preview interval at step=3; usable horizon=1 reason=3
[WARN] [1791279885.703637487] [upper_planner_node]: no valid preview interval at step=4; usable horizon=1 reason=3
[WARN] [1791279885.703788308] [upper_planner_node]: no valid preview interval at step=5; usable horizon=1 reason=3
[WARN] [1791279885.704080572] [upper_planner_node]: no valid preview interval at step=2; usable horizon=1 reason=3
[WARN] [1791279885.704214944] [upper_planner_node]: no valid preview interval at step=3; usable horizon=1 reason=3
[WARN] [1791279885.704559563] [upper_planner_node]: no valid preview interval at step=2; usable horizon=1 reason=3
[WARN] [1791279885.704682094] [upper_planner_node]: no valid preview interval at step=3; usable horizon=1 reason=3
[INFO] [1791279885.727807137] [upper_planner_node]: planner state input: Odometry topic=/motive/vehicle/odom_map yaw=orientation.z scalar
[INFO] [1791279885.730835835] [upper_planner_node]: Egocentric MIQP planner ready: rate=2.00Hz pred_dt=0.750s Nmax=6 lower_dt=0.100s target_v=6.000m/s scale=fullscale wheelbase=2.80m length=4.70m bev=40.00m margin=2.00m state=odom grid=/bev/occupancy_grid sparse=/planner/upper_path_sparse dense=/planner/lower_reference_path
[INFO] [1791279885.730996320] [upper_planner_node]: upper branch model: cumulative_increment=1 turn_window_at_split=1 turn_target_absolute=1 split_continuity=6.75m r_dpsi=3.000 lambda_turn=0.600
