[INFO] [1791279862.223891122] [upper_planner_node]: planner state input: Odometry topic=/motive/vehicle/odom_map yaw=orientation.z scalar
[INFO] [1791279862.229747585] [upper_planner_node]: Egocentric MIQP planner ready: rate=2.00Hz pred_dt=0.750s Nmax=6 lower_dt=0.100s target_v=6.000m/s scale=fullscale wheelbase=2.80m length=4.70m bev=40.00m margin=2.00m state=odom grid=/bev/occupancy_grid sparse=/planner/upper_path_sparse dense=/planner/lower_reference_path
[INFO] [1791279862.229931462] [upper_planner_node]: upper branch model: cumulative_increment=1 turn_window_at_split=1 turn_target_absolute=1 split_continuity=6.75m r_dpsi=3.000 lambda_turn=0.600
[WARN] [1791279862.239517509] [upper_planner_node]: no valid interval at the measured k=0 state; retaining future horizon=6 reason=3
[WARN] [1791279862.240166968] [upper_planner_node]: no valid interval at the measured k=0 state; retaining future horizon=6 reason=3
[WARN] [1791279862.246475029] [upper_planner_node]: no valid interval at the measured k=0 state; retaining future horizon=6 reason=3
[WARN] [1791279862.246948195] [upper_planner_node]: no valid interval at the measured k=0 state; retaining future horizon=6 reason=3
[WARN] [1791279862.252128958] [upper_planner_node]: no valid interval at the measured k=0 state; retaining future horizon=6 reason=3
[WARN] [1791279862.252514121] [upper_planner_node]: no valid interval at the measured k=0 state; retaining future horizon=6 reason=3
[WARN] [1791279862.254052535] [upper_planner_node]: no valid interval at the measured k=0 state; retaining future horizon=6 reason=3
[WARN] [1791279862.254202684] [upper_planner_node]: interval_diag step=1 reason=3 ref_body=(3.936,-2.462) heading_deg=-21.90 center_cell=(12,56) center_value=100 line_free=0 blocked=348 unknown=0 outside=1 longest_run=0 min_run=2 grid_free=0 zero=0 positive=16384 unknown=0 topic=/bev/occupancy_grid frame=Vehicle origin=(0.000,-20.000) origin_yaw_deg=0.00 size=128x128 res=0.3125 positive_is_drivable=0 threshold=0 waypoint_bias=0 previous=1
[WARN] [1791279862.254272190] [upper_planner_node]: no valid preview interval at step=1; usable horizon=0 reason=3
[WARN] [1791279862.254385057] [upper_planner_node]: no valid preview interval at step=2; usable horizon=0 reason=3
[WARN] [1791279862.254493540] [upper_planner_node]: no valid preview interval at step=3; usable horizon=0 reason=3
[WARN] [1791279862.254600199] [upper_planner_node]: no valid preview interval at step=4; usable horizon=0 reason=3
[WARN] [1791279862.254703658] [upper_planner_node]: no valid preview interval at step=5; usable horizon=0 reason=3
[WARN] [1791279862.254808014] [upper_planner_node]: no valid preview interval at step=6; usable horizon=0 reason=3
[WARN] [1791279862.254886576] [upper_planner_node]: no valid interval at the measured k=0 state; retaining future horizon=6 reason=3
[WARN] [1791279862.255020852] [upper_planner_node]: no valid preview interval at step=1; usable horizon=0 reason=3
[WARN] [1791279862.255132055] [upper_planner_node]: no valid preview interval at step=2; usable horizon=0 reason=3
[WARN] [1791279862.255236986] [upper_planner_node]: no valid preview interval at step=3; usable horizon=0 reason=3
[WARN] [1791279862.255340766] [upper_planner_node]: no valid preview interval at step=4; usable horizon=0 reason=3
[WARN] [1791279862.255446209] [upper_planner_node]: no valid preview interval at step=5; usable horizon=0 reason=3
[WARN] [1791279862.255552132] [upper_planner_node]: no valid preview interval at step=6; usable horizon=0 reason=3
[WARN] [1791279862.255628902] [upper_planner_node]: no valid interval at the measured k=0 state; retaining future horizon=6 reason=3
[WARN] [1791279862.255741834] [upper_planner_node]: no valid preview interval at step=1; usable horizon=0 reason=3
[WARN] [1791279862.255849581] [upper_planner_node]: no valid preview interval at step=2; usable horizon=0 reason=3
[WARN] [1791279862.255954640] [upper_planner_node]: no valid preview interval at step=3; usable horizon=0 reason=3
[WARN] [1791279862.256057971] [upper_planner_node]: no valid preview interval at step=4; usable horizon=0 reason=3
[WARN] [1791279862.256414078] [upper_planner_node]: no valid preview interval at step=5; usable horizon=0 reason=3
[WARN] [1791279862.256536193] [upper_planner_node]: no valid preview interval at step=6; usable horizon=0 reason=3
[WARN] [1791279862.256755720] [upper_planner_node]: no valid interval at the measured k=0 state; retaining future horizon=6 reason=3
[WARN] [1791279862.257093810] [upper_planner_node]: no valid preview interval at step=6; usable horizon=5 reason=3
[WARN] [1791279862.257532159] [upper_planner_node]: no valid preview interval at step=5; usable horizon=4 reason=3
[WARN] [1791279862.257668835] [upper_planner_node]: no valid preview interval at step=6; usable horizon=4 reason=3
[INFO] [1791279862.280940667] [upper_planner_node]: planner state input: Odometry topic=/motive/vehicle/odom_map yaw=orientation.z scalar
[INFO] [1791279862.283930996] [upper_planner_node]: Egocentric MIQP planner ready: rate=2.00Hz pred_dt=0.750s Nmax=6 lower_dt=0.100s target_v=6.000m/s scale=fullscale wheelbase=2.80m length=4.70m bev=40.00m margin=2.00m state=odom grid=/bev/occupancy_grid sparse=/planner/upper_path_sparse dense=/planner/lower_reference_path
[INFO] [1791279862.284071672] [upper_planner_node]: upper branch model: cumulative_increment=1 turn_window_at_split=1 turn_target_absolute=1 split_continuity=6.75m r_dpsi=3.000 lambda_turn=0.600
[WARN] [1791279862.293570612] [upper_planner_node]: no valid interval at the measured k=0 state; retaining future horizon=6 reason=3
[WARN] [1791279862.294208807] [upper_planner_node]: no valid interval at the measured k=0 state; retaining future horizon=6 reason=3
[WARN] [1791279862.300659880] [upper_planner_node]: no valid interval at the measured k=0 state; retaining future horizon=6 reason=3
[WARN] [1791279862.301082741] [upper_planner_node]: no valid interval at the measured k=0 state; retaining future horizon=6 reason=3
[WARN] [1791279862.306337202] [upper_planner_node]: no valid interval at the measured k=0 state; retaining future horizon=6 reason=3
[WARN] [1791279862.306751166] [upper_planner_node]: no valid interval at the measured k=0 state; retaining future horizon=6 reason=3
[WARN] [1791279862.308375631] [upper_planner_node]: no valid interval at the measured k=0 state; retaining future horizon=5 reason=3
