[INFO] [1791279882.594822311] [upper_planner_node]: planner state input: Odometry topic=/motive/vehicle/odom_map yaw=orientation.z scalar
[INFO] [1791279882.600276650] [upper_planner_node]: Egocentric MIQP planner ready: rate=2.00Hz pred_dt=0.750s Nmax=7 lower_dt=0.100s target_v=6.000m/s scale=fullscale wheelbase=2.80m length=4.70m bev=40.00m margin=2.00m state=odom grid=/bev/occupancy_grid sparse=/planner/upper_path_sparse dense=/planner/lower_reference_path
[INFO] [1791279882.600560723] [upper_planner_node]: upper branch model: cumulative_increment=1 turn_window_at_split=1 turn_target_absolute=1 split_continuity=6.75m r_dpsi=3.000 lambda_turn=0.600
[WARN] [1791279882.634477063] [upper_planner_node]: interval_diag step=1 reason=3 ref_body=(4.225,-1.754) heading_deg=-18.97 center_cell=(0,58) center_value=100 line_free=0 blocked=237 unknown=0 outside=1 longest_run=0 min_run=2 grid_free=0 zero=0 positive=16384 unknown=0 topic=/bev/occupancy_grid frame=Vehicle origin=(4.000,-20.000) origin_yaw_deg=0.00 size=128x128 res=0.3125 positive_is_drivable=0 threshold=0 waypoint_bias=0 previous=1
[WARN] [1791279882.634645580] [upper_planner_node]: no valid preview interval at step=1; usable horizon=0 reason=3
[WARN] [1791279882.634782800] [upper_planner_node]: no valid preview interval at step=2; usable horizon=0 reason=3
[WARN] [1791279882.634975414] [upper_planner_node]: no valid preview interval at step=3; usable horizon=0 reason=3
[WARN] [1791279882.635103098] [upper_planner_node]: no valid preview interval at step=4; usable horizon=0 reason=3
[WARN] [1791279882.635224606] [upper_planner_node]: no valid preview interval at step=5; usable horizon=0 reason=3
[WARN] [1791279882.635340929] [upper_planner_node]: no valid preview interval at step=6; usable horizon=0 reason=3
[WARN] [1791279882.635454340] [upper_planner_node]: no valid preview interval at step=7; usable horizon=0 reason=3
[WARN] [1791279882.635618857] [upper_planner_node]: no valid preview interval at step=1; usable horizon=0 reason=3
[WARN] [1791279882.635745325] [upper_planner_node]: no valid preview interval at step=2; usable horizon=0 reason=3
[WARN] [1791279882.635859921] [upper_planner_node]: no valid preview interval at step=3; usable horizon=0 reason=3
[WARN] [1791279882.635967796] [upper_planner_node]: no valid preview interval at step=4; usable horizon=0 reason=3
[WARN] [1791279882.636080471] [upper_planner_node]: no valid preview interval at step=5; usable horizon=0 reason=3
[WARN] [1791279882.636186906] [upper_planner_node]: no valid preview interval at step=6; usable horizon=0 reason=3
[WARN] [1791279882.636292381] [upper_planner_node]: no valid preview interval at step=7; usable horizon=0 reason=3
[WARN] [1791279882.636450658] [upper_planner_node]: no valid preview interval at step=1; usable horizon=0 reason=3
[WARN] [1791279882.636570726] [upper_planner_node]: no valid preview interval at step=2; usable horizon=0 reason=3
[WARN] [1791279882.636685769] [upper_planner_node]: no valid preview interval at step=3; usable horizon=0 reason=3
[WARN] [1791279882.636797965] [upper_planner_node]: no valid preview interval at step=4; usable horizon=0 reason=3
[WARN] [1791279882.636906576] [upper_planner_node]: no valid preview interval at step=5; usable horizon=0 reason=3
[WARN] [1791279882.637012531] [upper_planner_node]: no valid preview interval at step=6; usable horizon=0 reason=3
[WARN] [1791279882.637118614] [upper_planner_node]: no valid preview interval at step=7; usable horizon=0 reason=3
[INFO] [1791279882.659467953] [upper_planner_node]: planner state input: Odometry topic=/motive/vehicle/odom_map yaw=orientation.z scalar
[INFO] [1791279882.662334503] [upper_planner_node]: Egocentric MIQP planner ready: rate=2.00Hz pred_dt=0.750s Nmax=7 lower_dt=0.100s target_v=6.000m/s scale=fullscale wheelbase=2.80m length=4.70m bev=40.00m margin=2.00m state=odom grid=/bev/occupancy_grid sparse=/planner/upper_path_sparse dense=/planner/lower_reference_path
[INFO] [1791279882.662463691] [upper_planner_node]: upper branch model: cumulative_increment=1 turn_window_at_split=1 turn_target_absolute=1 split_continuity=6.75m r_dpsi=3.000 lambda_turn=0.600
