[INFO] [1791279864.602053809] [upper_planner_node]: planner state input: Odometry topic=/motive/vehicle/odom_map yaw=orientation.z scalar
[INFO] [1791279864.607780316] [upper_planner_node]: Egocentric MIQP planner ready: rate=2.00Hz pred_dt=0.750s Nmax=6 lower_dt=0.100s target_v=6.000m/s scale=fullscale wheelbase=2.80m length=4.70m bev=40.00m margin=2.00m state=odom grid=/bev/occupancy_grid sparse=/planner/upper_path_sparse dense=/planner/lower_reference_path
[INFO] [1791279864.607929601] [upper_planner_node]: upper branch model: cumulative_increment=1 turn_window_at_split=1 turn_target_absolute=1 split_continuity=6.75m r_dpsi=3.000 lambda_turn=0.600
[WARN] [1791279864.628265984] [upper_planner_node]: interval_diag step=2 reason=3 ref_body=(6.158,-6.769) heading_deg=-24.15 center_cell=(10,42) center_value=100 line_free=0 blocked=372 unknown=0 outside=1 longest_run=0 min_run=2 grid_free=821 zero=821 positive=15563 unknown=0 topic=/bev/occupancy_grid frame=Vehicle origin=(2.950,-20.000) origin_yaw_deg=0.00 size=128x128 res=0.3125 positive_is_drivable=0 threshold=0 waypoint_bias=0 previous=1
[WARN] [1791279864.628429157] [upper_planner_node]: no valid preview interval at step=2; usable horizon=1 reason=3
[WARN] [1791279864.628560585] [upper_planner_node]: no valid preview interval at step=3; usable horizon=1 reason=3
[WARN] [1791279864.628684141] [upper_planner_node]: no valid preview interval at step=4; usable horizon=1 reason=3
[WARN] [1791279864.628798448] [upper_planner_node]: no valid preview interval at step=5; usable horizon=1 reason=3
[WARN] [1791279864.628908276] [upper_planner_node]: no valid preview interval at step=6; usable horizon=1 reason=3
[WARN] [1791279864.629161147] [upper_planner_node]: no valid preview interval at step=2; usable horizon=1 reason=3
[WARN] [1791279864.629287519] [upper_planner_node]: no valid preview interval at step=3; usable horizon=1 reason=3
[WARN] [1791279864.629397890] [upper_planner_node]: no valid preview interval at step=4; usable horizon=1 reason=3
[WARN] [1791279864.629709708] [upper_planner_node]: no valid preview interval at step=3; usable horizon=2 reason=3
[WARN] [1791279864.629828175] [upper_planner_node]: no valid preview interval at step=4; usable horizon=2 reason=3
[WARN] [1791279864.629942226] [upper_planner_node]: no valid preview interval at step=5; usable horizon=2 reason=3
[WARN] [1791279864.630055862] [upper_planner_node]: no valid preview interval at step=6; usable horizon=2 reason=3
[WARN] [1791279864.630333886] [upper_planner_node]: no valid preview interval at step=4; usable horizon=3 reason=3
[WARN] [1791279864.630459010] [upper_planner_node]: no valid preview interval at step=5; usable horizon=3 reason=3
[WARN] [1791279864.630736106] [upper_planner_node]: no valid preview interval at step=1; usable horizon=0 reason=3
[WARN] [1791279864.630869582] [upper_planner_node]: no valid preview interval at step=2; usable horizon=0 reason=3
[WARN] [1791279864.631017491] [upper_planner_node]: no valid preview interval at step=3; usable horizon=0 reason=3
[WARN] [1791279864.631148695] [upper_planner_node]: no valid preview interval at step=4; usable horizon=0 reason=3
[WARN] [1791279864.631265626] [upper_planner_node]: no valid preview interval at step=5; usable horizon=0 reason=3
[WARN] [1791279864.631372253] [upper_planner_node]: no valid preview interval at step=6; usable horizon=0 reason=3
[WARN] [1791279864.631537474] [upper_planner_node]: no valid preview interval at step=1; usable horizon=0 reason=3
[WARN] [1791279864.631653894] [upper_planner_node]: no valid preview interval at step=2; usable horizon=0 reason=3
[WARN] [1791279864.631775433] [upper_planner_node]: no valid preview interval at step=3; usable horizon=0 reason=3
[WARN] [1791279864.631890669] [upper_planner_node]: no valid preview interval at step=4; usable horizon=0 reason=3
[WARN] [1791279864.631998832] [upper_planner_node]: no valid preview interval at step=5; usable horizon=0 reason=3
[WARN] [1791279864.632102803] [upper_planner_node]: no valid preview interval at step=6; usable horizon=0 reason=3
[WARN] [1791279864.632268760] [upper_planner_node]: no valid preview interval at step=1; usable horizon=0 reason=3
[WARN] [1791279864.632492735] [upper_planner_node]: no valid preview interval at step=2; usable horizon=0 reason=3
[WARN] [1791279864.632608322] [upper_planner_node]: no valid preview interval at step=3; usable horizon=0 reason=3
[WARN] [1791279864.632727558] [upper_planner_node]: no valid preview interval at step=4; usable horizon=0 reason=3
[WARN] [1791279864.632836361] [upper_planner_node]: no valid preview interval at step=5; usable horizon=0 reason=3
[WARN] [1791279864.632938220] [upper_planner_node]: no valid preview interval at step=6; usable horizon=0 reason=3
[WARN] [1791279864.633128050] [upper_planner_node]: no valid preview interval at step=2; usable horizon=1 reason=3
[WARN] [1791279864.633248469] [upper_planner_node]: no valid preview interval at step=3; usable horizon=1 reason=3
[WARN] [1791279864.633361753] [upper_planner_node]: no valid preview interval at step=4; usable horizon=1 reason=3
[WARN] [1791279864.633467100] [upper_planner_node]: no valid preview interval at step=5; usable horizon=1 reason=3
[WARN] [1791279864.633733316] [upper_planner_node]: no valid preview interval at step=2; usable horizon=1 reason=3
[WARN] [1791279864.633866920] [upper_planner_node]: no valid preview interval at step=3; usable horizon=1 reason=3
[WARN] [1791279864.633981803] [upper_planner_node]: no valid preview interval at step=4; usable horizon=1 reason=3
[WARN] [1791279864.634087406] [upper_planner_node]: no valid preview interval at step=5; usable horizon=1 reason=3
[WARN] [1791279864.634352502] [upper_planner_node]: no valid preview interval at step=2; usable horizon=1 reason=3
[WARN] [1791279864.634474970] [upper_planner_node]: no valid preview interval at step=3; usable horizon=1 reason=3
[WARN] [1791279864.634804164] [upper_planner_node]: no valid preview interval at step=2; usable horizon=1 reason=3
[WARN] [1791279864.634941896] [upper_planner_node]: no valid preview interval at step=3; usable horizon=1 reason=3
[WARN] [1791279864.635086540] [upper_planner_node]: no valid preview interval at step=5; usable horizon=1 reason=3
[INFO] [1791279864.657305316] [upper_planner_node]: planner state input: Odometry topic=/motive/vehicle/odom_map yaw=orientation.z scalar
[INFO] [1791279864.660173210] [upper_planner_node]: Egocentric MIQP planner ready: rate=2.00Hz pred_dt=0.750s Nmax=6 lower_dt=0.100s target_v=6.000m/s scale=fullscale wheelbase=2.80m length=4.70m bev=40.00m margin=2.00m state=odom grid=/bev/occupancy_grid sparse=/planner/upper_path_sparse dense=/planner/lower_reference_path
[INFO] [1791279864.660318014] [upper_planner_node]: upper branch model: cumulative_increment=1 turn_window_at_split=1 turn_target_absolute=1 split_continuity=6.75m r_dpsi=3.000 lambda_turn=0.600
