[INFO] [1791279884.176629375] [upper_planner_node]: planner state input: Odometry topic=/motive/vehicle/odom_map yaw=orientation.z scalar
[INFO] [1791279884.181889596] [upper_planner_node]: Egocentric MIQP planner ready: rate=2.00Hz pred_dt=0.750s Nmax=7 lower_dt=0.100s target_v=6.000m/s scale=fullscale wheelbase=2.80m length=4.70m bev=40.00m margin=2.00m state=odom grid=/bev/occupancy_grid sparse=/planner/upper_path_sparse dense=/planner/lower_reference_path
[INFO] [1791279884.182082082] [upper_planner_node]: upper branch model: cumulative_increment=1 turn_window_at_split=1 turn_target_absolute=1 split_continuity=6.75m r_dpsi=3.000 lambda_turn=0.600
[WARN] [1791279884.209300238] [upper_planner_node]: interval_diag step=7 reason=3 ref_body=(29.664,-7.059) heading_deg=-3.49 center_cell=(78,41) center_value=100 line_free=0 blocked=401 unknown=0 outside=1 longest_run=0 min_run=2 grid_free=3887 zero=3887 positive=12497 unknown=0 topic=/bev/occupancy_grid frame=Vehicle origin=(5.000,-20.000) origin_yaw_deg=0.00 size=128x128 res=0.3125 positive_is_drivable=0 threshold=0 waypoint_bias=0 previous=1
[WARN] [1791279884.209586103] [upper_planner_node]: no valid preview interval at step=7; usable horizon=6 reason=3
[WARN] [1791279884.212323017] [upper_planner_node]: no valid preview interval at step=2; usable horizon=1 reason=3
[WARN] [1791279884.212485166] [upper_planner_node]: no valid preview interval at step=3; usable horizon=1 reason=3
[WARN] [1791279884.212608977] [upper_planner_node]: no valid preview interval at step=4; usable horizon=1 reason=3
[WARN] [1791279884.212721493] [upper_planner_node]: no valid preview interval at step=5; usable horizon=1 reason=3
[WARN] [1791279884.212831192] [upper_planner_node]: no valid preview interval at step=6; usable horizon=1 reason=3
[WARN] [1791279884.212939707] [upper_planner_node]: no valid preview interval at step=7; usable horizon=1 reason=3
[WARN] [1791279884.213159970] [upper_planner_node]: no valid preview interval at step=2; usable horizon=1 reason=3
[WARN] [1791279884.213282277] [upper_planner_node]: no valid preview interval at step=3; usable horizon=1 reason=3
[WARN] [1791279884.213393449] [upper_planner_node]: no valid preview interval at step=4; usable horizon=1 reason=3
[WARN] [1791279884.213500780] [upper_planner_node]: no valid preview interval at step=5; usable horizon=1 reason=3
[WARN] [1791279884.213608079] [upper_planner_node]: no valid preview interval at step=6; usable horizon=1 reason=3
[WARN] [1791279884.213714994] [upper_planner_node]: no valid preview interval at step=7; usable horizon=1 reason=3
[WARN] [1791279884.213952313] [upper_planner_node]: no valid preview interval at step=3; usable horizon=2 reason=3
[WARN] [1791279884.214083261] [upper_planner_node]: no valid preview interval at step=4; usable horizon=2 reason=3
[WARN] [1791279884.214197761] [upper_planner_node]: no valid preview interval at step=5; usable horizon=2 reason=3
[WARN] [1791279884.214309092] [upper_planner_node]: no valid preview interval at step=6; usable horizon=2 reason=3
[WARN] [1791279884.214418887] [upper_planner_node]: no valid preview interval at step=7; usable horizon=2 reason=3
[WARN] [1791279884.214671535] [upper_planner_node]: no valid preview interval at step=3; usable horizon=2 reason=3
[WARN] [1791279884.214788690] [upper_planner_node]: no valid preview interval at step=4; usable horizon=2 reason=3
[WARN] [1791279884.214926070] [upper_planner_node]: no valid preview interval at step=5; usable horizon=2 reason=3
[WARN] [1791279884.215051194] [upper_planner_node]: no valid preview interval at step=6; usable horizon=2 reason=3
[WARN] [1791279884.215164509] [upper_planner_node]: no valid preview interval at step=7; usable horizon=2 reason=3
[WARN] [1791279884.215421253] [upper_planner_node]: no valid preview interval at step=3; usable horizon=2 reason=3
[WARN] [1791279884.215553001] [upper_planner_node]: no valid preview interval at step=4; usable horizon=2 reason=3
[WARN] [1791279884.215666252] [upper_planner_node]: no valid preview interval at step=5; usable horizon=2 reason=3
[WARN] [1791279884.215896371] [upper_planner_node]: no valid preview interval at step=6; usable horizon=2 reason=3
[WARN] [1791279884.216007959] [upper_planner_node]: no valid preview interval at step=7; usable horizon=2 reason=3
[WARN] [1791279884.216256862] [upper_planner_node]: no valid preview interval at step=3; usable horizon=2 reason=3
[WARN] [1791279884.216382722] [upper_planner_node]: no valid preview interval at step=4; usable horizon=2 reason=3
[WARN] [1791279884.216495077] [upper_planner_node]: no valid preview interval at step=5; usable horizon=2 reason=3
[WARN] [1791279884.216598376] [upper_planner_node]: no valid preview interval at step=6; usable horizon=2 reason=3
[WARN] [1791279884.216874513] [upper_planner_node]: no valid preview interval at step=3; usable horizon=2 reason=3
[WARN] [1791279884.217000052] [upper_planner_node]: no valid preview interval at step=4; usable horizon=2 reason=3
[WARN] [1791279884.217113624] [upper_planner_node]: no valid preview interval at step=5; usable horizon=2 reason=3
[WARN] [1791279884.217222779] [upper_planner_node]: no valid preview interval at step=6; usable horizon=2 reason=3
[WARN] [1791279884.217506979] [upper_planner_node]: no valid preview interval at step=3; usable horizon=2 reason=3
[WARN] [1791279884.217637479] [upper_planner_node]: no valid preview interval at step=4; usable horizon=2 reason=3
[WARN] [1791279884.217751371] [upper_planner_node]: no valid preview interval at step=5; usable horizon=2 reason=3
[WARN] [1791279884.218071860] [upper_planner_node]: no valid preview interval at step=3; usable horizon=2 reason=3
[WARN] [1791279884.218200472] [upper_planner_node]: no valid preview interval at step=4; usable horizon=2 reason=3
[WARN] [1791279884.218317212] [upper_planner_node]: no valid preview interval at step=5; usable horizon=2 reason=3
[WARN] [1791279884.218633733] [upper_planner_node]: no valid preview interval at step=3; usable horizon=2 reason=3
[WARN] [1791279884.218758249] [upper_planner_node]: no valid preview interval at step=4; usable horizon=2 reason=3
[WARN] [1791279884.218874284] [upper_planner_node]: no valid preview interval at step=5; usable horizon=2 reason=3
[WARN] [1791279884.219215702] [upper_planner_node]: no valid preview interval at step=3; usable horizon=2 reason=3
[WARN] [1791279884.219346842] [upper_planner_node]: no valid preview interval at step=4; usable horizon=2 reason=3
[INFO] [1791279884.242694611] [upper_planner_node]: planner state input: Odometry topic=/motive/vehicle/odom_map yaw=orientation.z scalar
[INFO] [1791279884.245761327] [upper_planner_node]: Egocentric MIQP planner ready: rate=2.00Hz pred_dt=0.750s Nmax=7 lower_dt=0.100s target_v=6.000m/s scale=fullscale wheelbase=2.80m length=4.70m bev=40.00m margin=2.00m state=odom grid=/bev/occupancy_grid sparse=/planner/upper_path_sparse dense=/planner/lower_reference_path
[INFO] [1791279884.245943924] [upper_planner_node]: upper branch model: cumulative_increment=1 turn_window_at_split=1 turn_target_absolute=1 split_continuity=6.75m r_dpsi=3.000 lambda_turn=0.600
