[INFO] [1791279864.308941018] [upper_planner_node]: planner state input: Odometry topic=/motive/vehicle/odom_map yaw=orientation.z scalar
[INFO] [1791279864.314427422] [upper_planner_node]: Egocentric MIQP planner ready: rate=2.00Hz pred_dt=0.750s Nmax=6 lower_dt=0.100s target_v=6.000m/s scale=fullscale wheelbase=2.80m length=4.70m bev=40.00m margin=2.00m state=odom grid=/bev/occupancy_grid sparse=/planner/upper_path_sparse dense=/planner/lower_reference_path
[INFO] [1791279864.314565922] [upper_planner_node]: upper branch model: cumulative_increment=1 turn_window_at_split=1 turn_target_absolute=1 split_continuity=6.75m r_dpsi=3.000 lambda_turn=0.600
[WARN] [1791279864.339249604] [upper_planner_node]: no valid interval at the measured k=0 state; retaining future horizon=6 reason=3
[WARN] [1791279864.339522284] [upper_planner_node]: interval_diag step=1 reason=3 ref_body=(4.425,0.517) heading_deg=48.54 center_cell=(14,65) center_value=100 line_free=0 blocked=369 unknown=0 outside=1 longest_run=0 min_run=2 grid_free=821 zero=821 positive=15563 unknown=0 topic=/bev/occupancy_grid frame=Vehicle origin=(0.000,-20.000) origin_yaw_deg=0.00 size=128x128 res=0.3125 positive_is_drivable=0 threshold=0 waypoint_bias=0 previous=1
[WARN] [1791279864.339604462] [upper_planner_node]: no valid preview interval at step=1; usable horizon=0 reason=3
[WARN] [1791279864.339750643] [upper_planner_node]: no valid preview interval at step=3; usable horizon=0 reason=3
[WARN] [1791279864.339865910] [upper_planner_node]: no valid preview interval at step=4; usable horizon=0 reason=3
[WARN] [1791279864.339973625] [upper_planner_node]: no valid preview interval at step=5; usable horizon=0 reason=3
[WARN] [1791279864.340074940] [upper_planner_node]: no valid preview interval at step=6; usable horizon=0 reason=3
[WARN] [1791279864.340166047] [upper_planner_node]: no valid interval at the measured k=0 state; retaining future horizon=6 reason=3
[WARN] [1791279864.340348964] [upper_planner_node]: no valid preview interval at step=3; usable horizon=2 reason=3
[WARN] [1791279864.340463656] [upper_planner_node]: no valid preview interval at step=4; usable horizon=2 reason=3
[WARN] [1791279864.340567915] [upper_planner_node]: no valid preview interval at step=5; usable horizon=2 reason=3
[WARN] [1791279864.340670446] [upper_planner_node]: no valid preview interval at step=6; usable horizon=2 reason=3
[WARN] [1791279864.340823987] [upper_planner_node]: no valid interval at the measured k=0 state; retaining future horizon=6 reason=3
[WARN] [1791279864.340949558] [upper_planner_node]: no valid preview interval at step=1; usable horizon=0 reason=3
[WARN] [1791279864.341063930] [upper_planner_node]: no valid preview interval at step=2; usable horizon=0 reason=3
[WARN] [1791279864.341177821] [upper_planner_node]: no valid preview interval at step=3; usable horizon=0 reason=3
[WARN] [1791279864.341292065] [upper_planner_node]: no valid preview interval at step=4; usable horizon=0 reason=3
[WARN] [1791279864.341398116] [upper_planner_node]: no valid preview interval at step=5; usable horizon=0 reason=3
[WARN] [1791279864.341499719] [upper_planner_node]: no valid preview interval at step=6; usable horizon=0 reason=3
[WARN] [1791279864.341583497] [upper_planner_node]: no valid interval at the measured k=0 state; retaining future horizon=6 reason=3
[WARN] [1791279864.341696269] [upper_planner_node]: no valid preview interval at step=1; usable horizon=0 reason=3
[WARN] [1791279864.341805584] [upper_planner_node]: no valid preview interval at step=2; usable horizon=0 reason=3
[WARN] [1791279864.341912787] [upper_planner_node]: no valid preview interval at step=3; usable horizon=0 reason=3
[WARN] [1791279864.342020950] [upper_planner_node]: no valid preview interval at step=4; usable horizon=0 reason=3
[WARN] [1791279864.342126906] [upper_planner_node]: no valid preview interval at step=5; usable horizon=0 reason=3
[WARN] [1791279864.342229341] [upper_planner_node]: no valid preview interval at step=6; usable horizon=0 reason=3
[WARN] [1791279864.342314751] [upper_planner_node]: no valid interval at the measured k=0 state; retaining future horizon=6 reason=3
[WARN] [1791279864.342551910] [upper_planner_node]: no valid preview interval at step=1; usable horizon=0 reason=3
[WARN] [1791279864.342664074] [upper_planner_node]: no valid preview interval at step=2; usable horizon=0 reason=3
[WARN] [1791279864.342772237] [upper_planner_node]: no valid preview interval at step=3; usable horizon=0 reason=3
[WARN] [1791279864.342879504] [upper_planner_node]: no valid preview interval at step=4; usable horizon=0 reason=3
[WARN] [1791279864.343011828] [upper_planner_node]: no valid preview interval at step=5; usable horizon=0 reason=3
[WARN] [1791279864.343123671] [upper_planner_node]: no valid preview interval at step=6; usable horizon=0 reason=3
[WARN] [1791279864.343210618] [upper_planner_node]: no valid interval at the measured k=0 state; retaining future horizon=6 reason=3
[WARN] [1791279864.343321213] [upper_planner_node]: no valid preview interval at step=1; usable horizon=0 reason=3
[WARN] [1791279864.343430017] [upper_planner_node]: no valid preview interval at step=2; usable horizon=0 reason=3
[WARN] [1791279864.343539684] [upper_planner_node]: no valid preview interval at step=3; usable horizon=0 reason=3
[WARN] [1791279864.343648647] [upper_planner_node]: no valid preview interval at step=4; usable horizon=0 reason=3
[WARN] [1791279864.343756042] [upper_planner_node]: no valid preview interval at step=5; usable horizon=0 reason=3
[WARN] [1791279864.343863341] [upper_planner_node]: no valid preview interval at step=6; usable horizon=0 reason=3
[WARN] [1791279864.343946960] [upper_planner_node]: no valid interval at the measured k=0 state; retaining future horizon=6 reason=3
[WARN] [1791279864.344057523] [upper_planner_node]: no valid preview interval at step=1; usable horizon=0 reason=3
[WARN] [1791279864.344164950] [upper_planner_node]: no valid preview interval at step=2; usable horizon=0 reason=3
[WARN] [1791279864.344272378] [upper_planner_node]: no valid preview interval at step=3; usable horizon=0 reason=3
[WARN] [1791279864.344377885] [upper_planner_node]: no valid preview interval at step=4; usable horizon=0 reason=3
[WARN] [1791279864.344482848] [upper_planner_node]: no valid preview interval at step=5; usable horizon=0 reason=3
[WARN] [1791279864.344588995] [upper_planner_node]: no valid preview interval at step=6; usable horizon=0 reason=3
[WARN] [1791279864.344689574] [upper_planner_node]: no valid interval at the measured k=0 state; retaining future horizon=6 reason=3
[WARN] [1791279864.344823594] [upper_planner_node]: no valid preview interval at step=2; usable horizon=1 reason=3
[WARN] [1791279864.344932877] [upper_planner_node]: no valid preview interval at step=3; usable horizon=1 reason=3
[WARN] [1791279864.345039281] [upper_planner_node]: no valid preview interval at step=4; usable horizon=1 reason=3
[WARN] [1791279864.345145876] [upper_planner_node]: no valid preview interval at step=5; usable horizon=1 reason=3
[WARN] [1791279864.345251959] [upper_planner_node]: no valid preview interval at step=6; usable horizon=1 reason=3
[WARN] [1791279864.345396315] [upper_planner_node]: no valid interval at the measured k=0 state; retaining future horizon=6 reason=3
[WARN] [1791279864.345546208] [upper_planner_node]: no valid preview interval at step=2; usable horizon=1 reason=3
[WARN] [1791279864.345661539] [upper_planner_node]: no valid preview interval at step=3; usable horizon=1 reason=3
[WARN] [1791279864.345769606] [upper_planner_node]: no valid preview interval at step=4; usable horizon=1 reason=3
[WARN] [1791279864.345876234] [upper_planner_node]: no valid preview interval at step=5; usable horizon=1 reason=3
[WARN] [1791279864.346135281] [upper_planner_node]: no valid preview interval at step=6; usable horizon=1 reason=3
[WARN] [1791279864.346340823] [upper_planner_node]: no valid interval at the measured k=0 state; retaining future horizon=6 reason=3
[WARN] [1791279864.346468795] [upper_planner_node]: no valid preview interval at step=1; usable horizon=0 reason=3
[WARN] [1791279864.346587935] [upper_planner_node]: no valid preview interval at step=2; usable horizon=0 reason=3
[WARN] [1791279864.346757412] [upper_planner_node]: no valid preview interval at step=3; usable horizon=0 reason=3
[WARN] [1791279864.346868839] [upper_planner_node]: no valid preview interval at step=4; usable horizon=0 reason=3
[WARN] [1791279864.347019756] [upper_planner_node]: no valid preview interval at step=5; usable horizon=0 reason=3
[WARN] [1791279864.347261491] [upper_planner_node]: no valid preview interval at step=2; usable horizon=1 reason=3
[WARN] [1791279864.347382135] [upper_planner_node]: no valid preview interval at step=3; usable horizon=1 reason=3
[WARN] [1791279864.347491898] [upper_planner_node]: no valid preview interval at step=4; usable horizon=1 reason=3
[INFO] [1791279864.370603565] [upper_planner_node]: planner state input: Odometry topic=/motive/vehicle/odom_map yaw=orientation.z scalar
[INFO] [1791279864.373354495] [upper_planner_node]: Egocentric MIQP planner ready: rate=2.00Hz pred_dt=0.750s Nmax=6 lower_dt=0.100s target_v=6.000m/s scale=fullscale wheelbase=2.80m length=4.70m bev=40.00m margin=2.00m state=odom grid=/bev/occupancy_grid sparse=/planner/upper_path_sparse dense=/planner/lower_reference_path
[INFO] [1791279864.373493571] [upper_planner_node]: upper branch model: cumulative_increment=1 turn_window_at_split=1 turn_target_absolute=1 split_continuity=6.75m r_dpsi=3.000 lambda_turn=0.600
[WARN] [1791279864.397951934] [upper_planner_node]: no valid interval at the measured k=0 state; retaining future horizon=1 reason=3
[WARN] [1791279864.398178469] [upper_planner_node]: no valid preview interval at step=1; usable horizon=0 reason=3
[WARN] [1791279864.398286248] [upper_planner_node]: no valid interval at the measured k=0 state; retaining future horizon=1 reason=3
[WARN] [1791279864.398418732] [upper_planner_node]: no valid preview interval at step=1; usable horizon=0 reason=3
[WARN] [1791279864.398529647] [upper_planner_node]: no valid interval at the measured k=0 state; retaining future horizon=1 reason=3
[WARN] [1791279864.398649587] [upper_planner_node]: no valid preview interval at step=1; usable horizon=0 reason=3
