[INFO] [1791279860.985287158] [upper_planner_node]: planner state input: Odometry topic=/motive/vehicle/odom_map yaw=orientation.z scalar
[INFO] [1791279860.990999969] [upper_planner_node]: Egocentric MIQP planner ready: rate=2.00Hz pred_dt=0.750s Nmax=7 lower_dt=0.100s target_v=6.000m/s scale=fullscale wheelbase=2.80m length=4.70m bev=40.00m margin=2.00m state=odom grid=/bev/occupancy_grid sparse=/planner/upper_path_sparse dense=/planner/lower_reference_path
[INFO] [1791279860.991182439] [upper_planner_node]: upper branch model: cumulative_increment=1 turn_window_at_split=1 turn_target_absolute=1 split_continuity=6.75m r_dpsi=3.000 lambda_turn=0.600
[WARN] [1791279861.022132004] [upper_planner_node]: interval_diag step=6 reason=3 ref_body=(24.731,-9.738) heading_deg=-20.25 center_cell=(79,32) center_value=100 line_free=0 blocked=427 unknown=0 outside=1 longest_run=0 min_run=2 grid_free=3887 zero=3887 positive=12497 unknown=0 topic=/bev/occupancy_grid frame=Vehicle origin=(0.000,-20.000) origin_yaw_deg=0.00 size=128x128 res=0.3125 positive_is_drivable=0 threshold=0 waypoint_bias=0 previous=1
[WARN] [1791279861.022428397] [upper_planner_node]: no valid preview interval at step=6; usable horizon=5 reason=3
[WARN] [1791279861.022561841] [upper_planner_node]: no valid preview interval at step=7; usable horizon=5 reason=3
[WARN] [1791279861.022997758] [upper_planner_node]: no valid preview interval at step=3; usable horizon=2 reason=3
[WARN] [1791279861.023153026] [upper_planner_node]: no valid preview interval at step=4; usable horizon=2 reason=3
[WARN] [1791279861.024072222] [upper_planner_node]: no valid preview interval at step=3; usable horizon=2 reason=3
[WARN] [1791279861.024223842] [upper_planner_node]: no valid preview interval at step=4; usable horizon=2 reason=3
[WARN] [1791279861.024620334] [upper_planner_node]: no valid preview interval at step=2; usable horizon=1 reason=3
[WARN] [1791279861.024765842] [upper_planner_node]: no valid preview interval at step=3; usable horizon=1 reason=3
[WARN] [1791279861.024891222] [upper_planner_node]: no valid preview interval at step=4; usable horizon=1 reason=3
[WARN] [1791279861.025195263] [upper_planner_node]: no valid preview interval at step=1; usable horizon=0 reason=3
[WARN] [1791279861.025339396] [upper_planner_node]: no valid preview interval at step=2; usable horizon=0 reason=3
[WARN] [1791279861.025468359] [upper_planner_node]: no valid preview interval at step=3; usable horizon=0 reason=3
[WARN] [1791279861.025592395] [upper_planner_node]: no valid preview interval at step=4; usable horizon=0 reason=3
[WARN] [1791279861.025770352] [upper_planner_node]: no valid interval at the measured k=0 state; retaining future horizon=7 reason=3
[WARN] [1791279861.025902772] [upper_planner_node]: no valid preview interval at step=1; usable horizon=0 reason=3
[WARN] [1791279861.026036344] [upper_planner_node]: no valid preview interval at step=2; usable horizon=0 reason=3
[WARN] [1791279861.026167388] [upper_planner_node]: no valid preview interval at step=3; usable horizon=0 reason=3
[WARN] [1791279861.026296704] [upper_planner_node]: no valid preview interval at step=4; usable horizon=0 reason=3
[WARN] [1791279861.026452197] [upper_planner_node]: no valid interval at the measured k=0 state; retaining future horizon=7 reason=3
[WARN] [1791279861.026591241] [upper_planner_node]: no valid preview interval at step=1; usable horizon=0 reason=3
[WARN] [1791279861.026723053] [upper_planner_node]: no valid preview interval at step=2; usable horizon=0 reason=3
[WARN] [1791279861.026853841] [upper_planner_node]: no valid preview interval at step=3; usable horizon=0 reason=3
[WARN] [1791279861.027009077] [upper_planner_node]: no valid preview interval at step=4; usable horizon=0 reason=3
[WARN] [1791279861.027210780] [upper_planner_node]: no valid interval at the measured k=0 state; retaining future horizon=7 reason=3
[WARN] [1791279861.027353760] [upper_planner_node]: no valid preview interval at step=1; usable horizon=0 reason=3
[WARN] [1791279861.027481892] [upper_planner_node]: no valid preview interval at step=2; usable horizon=0 reason=3
[WARN] [1791279861.027714251] [upper_planner_node]: no valid preview interval at step=3; usable horizon=0 reason=3
[WARN] [1791279861.027836398] [upper_planner_node]: no valid preview interval at step=4; usable horizon=0 reason=3
[WARN] [1791279861.028005587] [upper_planner_node]: no valid interval at the measured k=0 state; retaining future horizon=7 reason=3
[WARN] [1791279861.028143671] [upper_planner_node]: no valid preview interval at step=1; usable horizon=0 reason=3
[WARN] [1791279861.028275547] [upper_planner_node]: no valid preview interval at step=2; usable horizon=0 reason=3
[WARN] [1791279861.028406399] [upper_planner_node]: no valid preview interval at step=3; usable horizon=0 reason=3
[WARN] [1791279861.028535555] [upper_planner_node]: no valid preview interval at step=4; usable horizon=0 reason=3
[WARN] [1791279861.028691976] [upper_planner_node]: no valid interval at the measured k=0 state; retaining future horizon=7 reason=3
[WARN] [1791279861.028825644] [upper_planner_node]: no valid preview interval at step=1; usable horizon=0 reason=3
[WARN] [1791279861.029076051] [upper_planner_node]: no valid preview interval at step=2; usable horizon=0 reason=3
[WARN] [1791279861.029211831] [upper_planner_node]: no valid preview interval at step=3; usable horizon=0 reason=3
[WARN] [1791279861.029342907] [upper_planner_node]: no valid preview interval at step=4; usable horizon=0 reason=3
[WARN] [1791279861.029509120] [upper_planner_node]: no valid interval at the measured k=0 state; retaining future horizon=7 reason=3
[WARN] [1791279861.029636132] [upper_planner_node]: no valid preview interval at step=1; usable horizon=0 reason=3
[WARN] [1791279861.029760744] [upper_planner_node]: no valid preview interval at step=2; usable horizon=0 reason=3
[WARN] [1791279861.029880459] [upper_planner_node]: no valid preview interval at step=3; usable horizon=0 reason=3
[WARN] [1791279861.030000079] [upper_planner_node]: no valid preview interval at step=4; usable horizon=0 reason=3
[WARN] [1791279861.030138291] [upper_planner_node]: no valid interval at the measured k=0 state; retaining future horizon=7 reason=3
[WARN] [1791279861.030265975] [upper_planner_node]: no valid preview interval at step=1; usable horizon=0 reason=3
[WARN] [1791279861.030387066] [upper_planner_node]: no valid preview interval at step=2; usable horizon=0 reason=3
[WARN] [1791279861.030504446] [upper_planner_node]: no valid preview interval at step=3; usable horizon=0 reason=3
[WARN] [1791279861.030616545] [upper_planner_node]: no valid preview interval at step=4; usable horizon=0 reason=3
[WARN] [1791279861.030750277] [upper_planner_node]: no valid interval at the measured k=0 state; retaining future horizon=7 reason=3
[WARN] [1791279861.030873961] [upper_planner_node]: no valid preview interval at step=1; usable horizon=0 reason=3
[WARN] [1791279861.031004461] [upper_planner_node]: no valid preview interval at step=2; usable horizon=0 reason=3
[WARN] [1791279861.031126545] [upper_planner_node]: no valid preview interval at step=3; usable horizon=0 reason=3
[WARN] [1791279861.031236148] [upper_planner_node]: no valid preview interval at step=4; usable horizon=0 reason=3
[WARN] [1791279861.031363352] [upper_planner_node]: no valid interval at the measured k=0 state; retaining future horizon=7 reason=3
[WARN] [1791279861.031492315] [upper_planner_node]: no valid preview interval at step=1; usable horizon=0 reason=3
[WARN] [1791279861.031611231] [upper_planner_node]: no valid preview interval at step=2; usable horizon=0 reason=3
[WARN] [1791279861.031728707] [upper_planner_node]: no valid preview interval at step=3; usable horizon=0 reason=3
[WARN] [1791279861.031847558] [upper_planner_node]: no valid preview interval at step=4; usable horizon=0 reason=3
[WARN] [1791279861.031962794] [upper_planner_node]: no valid interval at the measured k=0 state; retaining future horizon=7 reason=3
[WARN] [1791279861.032375894] [upper_planner_node]: no valid interval at the measured k=0 state; retaining future horizon=7 reason=3
[WARN] [1791279861.032783266] [upper_planner_node]: no valid interval at the measured k=0 state; retaining future horizon=7 reason=3
[INFO] [1791279861.055287043] [upper_planner_node]: planner state input: Odometry topic=/motive/vehicle/odom_map yaw=orientation.z scalar
[INFO] [1791279861.057943026] [upper_planner_node]: Egocentric MIQP planner ready: rate=2.00Hz pred_dt=0.750s Nmax=7 lower_dt=0.100s target_v=6.000m/s scale=fullscale wheelbase=2.80m length=4.70m bev=40.00m margin=2.00m state=odom grid=/bev/occupancy_grid sparse=/planner/upper_path_sparse dense=/planner/lower_reference_path
[INFO] [1791279861.058081398] [upper_planner_node]: upper branch model: cumulative_increment=1 turn_window_at_split=1 turn_target_absolute=1 split_continuity=6.75m r_dpsi=3.000 lambda_turn=0.600
[WARN] [1791279861.090167829] [upper_planner_node]: no valid interval at the measured k=0 state; retaining future horizon=7 reason=3
[WARN] [1791279861.090794216] [upper_planner_node]: no valid interval at the measured k=0 state; retaining future horizon=7 reason=3
[WARN] [1791279861.091180435] [upper_planner_node]: no valid interval at the measured k=0 state; retaining future horizon=7 reason=3
