[INFO] [1791279885.964644447] [upper_planner_node]: planner state input: Odometry topic=/motive/vehicle/odom_map yaw=orientation.z scalar
[INFO] [1791279885.970393866] [upper_planner_node]: Egocentric MIQP planner ready: rate=2.00Hz pred_dt=0.750s Nmax=6 lower_dt=0.100s target_v=6.000m/s scale=fullscale wheelbase=2.80m length=4.70m bev=40.00m margin=2.00m state=odom grid=/bev/occupancy_grid sparse=/planner/upper_path_sparse dense=/planner/lower_reference_path
[INFO] [1791279885.970596336] [upper_planner_node]: upper branch model: cumulative_increment=1 turn_window_at_split=1 turn_target_absolute=1 split_continuity=6.75m r_dpsi=3.000 lambda_turn=0.600
[WARN] [1791279885.989400610] [upper_planner_node]: interval_diag step=2 reason=3 ref_body=(8.194,2.151) heading_deg=36.71 center_cell=(10,70) center_value=100 line_free=0 blocked=330 unknown=0 outside=1 longest_run=0 min_run=2 grid_free=821 zero=821 positive=15563 unknown=0 topic=/bev/occupancy_grid frame=Vehicle origin=(5.000,-20.000) origin_yaw_deg=0.00 size=128x128 res=0.3125 positive_is_drivable=0 threshold=0 waypoint_bias=0 previous=1
[WARN] [1791279885.989686058] [upper_planner_node]: no valid preview interval at step=2; usable horizon=1 reason=3
[WARN] [1791279885.989836111] [upper_planner_node]: no valid preview interval at step=3; usable horizon=1 reason=3
[WARN] [1791279885.990250395] [upper_planner_node]: no valid preview interval at step=4; usable horizon=3 reason=3
[WARN] [1791279885.990394047] [upper_planner_node]: no valid preview interval at step=5; usable horizon=3 reason=3
[WARN] [1791279885.990712521] [upper_planner_node]: no valid preview interval at step=2; usable horizon=1 reason=3
[WARN] [1791279885.990873166] [upper_planner_node]: no valid preview interval at step=3; usable horizon=1 reason=3
[WARN] [1791279885.991035314] [upper_planner_node]: no valid preview interval at step=4; usable horizon=1 reason=3
[WARN] [1791279885.991161142] [upper_planner_node]: no valid preview interval at step=5; usable horizon=1 reason=3
[WARN] [1791279885.991276794] [upper_planner_node]: no valid preview interval at step=6; usable horizon=1 reason=3
[WARN] [1791279885.991563906] [upper_planner_node]: no valid preview interval at step=2; usable horizon=1 reason=3
[WARN] [1791279885.991702662] [upper_planner_node]: no valid preview interval at step=3; usable horizon=1 reason=3
[WARN] [1791279885.991828234] [upper_planner_node]: no valid preview interval at step=4; usable horizon=1 reason=3
[WARN] [1791279885.991942861] [upper_planner_node]: no valid preview interval at step=5; usable horizon=1 reason=3
[WARN] [1791279885.992048849] [upper_planner_node]: no valid preview interval at step=6; usable horizon=1 reason=3
[WARN] [1791279885.992277623] [upper_planner_node]: no valid preview interval at step=2; usable horizon=1 reason=3
[WARN] [1791279885.992402715] [upper_planner_node]: no valid preview interval at step=3; usable horizon=1 reason=3
[WARN] [1791279885.992518975] [upper_planner_node]: no valid preview interval at step=4; usable horizon=1 reason=3
[WARN] [1791279885.992628578] [upper_planner_node]: no valid preview interval at step=5; usable horizon=1 reason=3
[WARN] [1791279885.992736773] [upper_planner_node]: no valid preview interval at step=6; usable horizon=1 reason=3
[WARN] [1791279885.992960684] [upper_planner_node]: no valid preview interval at step=2; usable horizon=1 reason=3
[WARN] [1791279885.993085264] [upper_planner_node]: no valid preview interval at step=3; usable horizon=1 reason=3
[WARN] [1791279885.993210035] [upper_planner_node]: no valid preview interval at step=4; usable horizon=1 reason=3
[WARN] [1791279885.993321335] [upper_planner_node]: no valid preview interval at step=5; usable horizon=1 reason=3
[WARN] [1791279885.993426362] [upper_planner_node]: no valid preview interval at step=6; usable horizon=1 reason=3
[WARN] [1791279885.993647904] [upper_planner_node]: no valid preview interval at step=2; usable horizon=1 reason=3
[WARN] [1791279885.993765924] [upper_planner_node]: no valid preview interval at step=3; usable horizon=1 reason=3
[WARN] [1791279885.993881959] [upper_planner_node]: no valid preview interval at step=4; usable horizon=1 reason=3
[WARN] [1791279885.994109838] [upper_planner_node]: no valid preview interval at step=5; usable horizon=1 reason=3
[WARN] [1791279885.994218449] [upper_planner_node]: no valid preview interval at step=6; usable horizon=1 reason=3
[WARN] [1791279885.994443512] [upper_planner_node]: no valid preview interval at step=2; usable horizon=1 reason=3
[WARN] [1791279885.994569724] [upper_planner_node]: no valid preview interval at step=3; usable horizon=1 reason=3
[WARN] [1791279885.994682399] [upper_planner_node]: no valid preview interval at step=4; usable horizon=1 reason=3
[WARN] [1791279885.994790434] [upper_planner_node]: no valid preview interval at step=5; usable horizon=1 reason=3
[WARN] [1791279885.995111756] [upper_planner_node]: no valid preview interval at step=2; usable horizon=1 reason=3
[WARN] [1791279885.995245040] [upper_planner_node]: no valid preview interval at step=3; usable horizon=1 reason=3
[WARN] [1791279885.995364660] [upper_planner_node]: no valid preview interval at step=4; usable horizon=1 reason=3
[WARN] [1791279885.995476983] [upper_planner_node]: no valid preview interval at step=5; usable horizon=1 reason=3
[WARN] [1791279885.995758847] [upper_planner_node]: no valid preview interval at step=3; usable horizon=2 reason=3
[WARN] [1791279885.996145035] [upper_planner_node]: no valid preview interval at step=3; usable horizon=2 reason=3
[INFO] [1791279886.019350080] [upper_planner_node]: planner state input: Odometry topic=/motive/vehicle/odom_map yaw=orientation.z scalar
[INFO] [1791279886.022251510] [upper_planner_node]: Egocentric MIQP planner ready: rate=2.00Hz pred_dt=0.750s Nmax=6 lower_dt=0.100s target_v=6.000m/s scale=fullscale wheelbase=2.80m length=4.70m bev=40.00m margin=2.00m state=odom grid=/bev/occupancy_grid sparse=/planner/upper_path_sparse dense=/planner/lower_reference_path
[INFO] [1791279886.022483549] [upper_planner_node]: upper branch model: cumulative_increment=1 turn_window_at_split=1 turn_target_absolute=1 split_continuity=6.75m r_dpsi=3.000 lambda_turn=0.600
