[INFO] [1790169792.096160493] [lower_tracking_mpc_node]: MAVLink UDP bound at 0.0.0.0:14540; waiting for MAVProxy --out peer
[INFO] [1790169792.096634650] [lower_tracking_mpc_node]: LowerTrackingMpcNode ready: rate=10.00Hz dt=0.100s N=20 path=/planner/lower_reference_path scale=fullscale wheelbase=2.80m actuator_model=0 delay=0.20s tau=0.85s backend=mavlink_udp virtual=/cmd_control
[WARN] [1790169792.146897391] [lower_tracking_mpc_node]: MAVLink peer unknown; check MAVProxy --out=127.0.0.1:14540
[WARN] [1790169792.197039105] [lower_tracking_mpc_node]: lower control invalid: neutral steering/throttle: 
[INFO] [1790169793.046904394] [lower_tracking_mpc_node]: MAVLink peer detected: 127.0.0.1:45482
[INFO] [1790169793.097007674] [lower_tracking_mpc_node]: MAVLink COMMAND_ACK command=187 result=0
[WARN] [1790169793.197062360] [lower_tracking_mpc_node]: lower control invalid: neutral steering/throttle: 
[INFO] [1790169794.097032018] [lower_tracking_mpc_node]: MAVLink COMMAND_ACK command=187 result=0
[INFO] [1790169795.097045291] [lower_tracking_mpc_node]: MAVLink COMMAND_ACK command=187 result=0
[INFO] [1790169796.097075302] [lower_tracking_mpc_node]: MAVLink COMMAND_ACK command=187 result=0
[INFO] [1790169797.097108961] [lower_tracking_mpc_node]: MAVLink COMMAND_ACK command=187 result=0
[INFO] [1790169798.097118142] [lower_tracking_mpc_node]: MAVLink COMMAND_ACK command=187 result=0
[INFO] [1790169799.097182044] [lower_tracking_mpc_node]: MAVLink COMMAND_ACK command=187 result=0
[INFO] [1790169800.147199433] [lower_tracking_mpc_node]: MAVLink COMMAND_ACK command=187 result=0
[INFO] [1790169801.197081492] [lower_tracking_mpc_node]: MAVLink COMMAND_ACK command=187 result=0
[INFO] [1790169802.247128260] [lower_tracking_mpc_node]: MAVLink COMMAND_ACK command=187 result=0
[WARN] [1790169803.197410271] [lower_tracking_mpc_node]: lower control invalid: neutral steering/throttle: stale pose
[INFO] [1790169803.247236297] [lower_tracking_mpc_node]: MAVLink COMMAND_ACK command=187 result=0
[WARN] [1790169804.197482627] [lower_tracking_mpc_node]: lower control invalid: neutral steering/throttle: stale pose
[INFO] [1790169804.297239322] [lower_tracking_mpc_node]: MAVLink COMMAND_ACK command=187 result=0
[WARN] [1790169805.197516232] [lower_tracking_mpc_node]: lower control invalid: neutral steering/throttle: stale pose
[INFO] [1790169805.297331968] [lower_tracking_mpc_node]: MAVLink COMMAND_ACK command=187 result=0
[WARN] [1790169806.297512298] [lower_tracking_mpc_node]: lower control invalid: neutral steering/throttle: stale pose
[INFO] [1790169806.347348053] [lower_tracking_mpc_node]: MAVLink COMMAND_ACK command=187 result=0
[WARN] [1790169806.997533945] [lower_tracking_mpc_node]: lower MPC state reset: path/mission/pose/reset event
[INFO] [1790169807.347354843] [lower_tracking_mpc_node]: MAVLink COMMAND_ACK command=187 result=0
[INFO] [1790169808.347369091] [lower_tracking_mpc_node]: MAVLink COMMAND_ACK command=187 result=0
[INFO] [1790169809.347700372] [lower_tracking_mpc_node]: MAVLink COMMAND_ACK command=187 result=0
[INFO] [1790169810.397410853] [lower_tracking_mpc_node]: MAVLink COMMAND_ACK command=187 result=0
[INFO] [1790169811.447411742] [lower_tracking_mpc_node]: MAVLink COMMAND_ACK command=187 result=0
[INFO] [1790169812.497445818] [lower_tracking_mpc_node]: MAVLink COMMAND_ACK command=187 result=0
[INFO] [1790169813.547477815] [lower_tracking_mpc_node]: MAVLink COMMAND_ACK command=187 result=0
[INFO] [1790169814.547549991] [lower_tracking_mpc_node]: MAVLink COMMAND_ACK command=187 result=0
[INFO] [1790169815.597534981] [lower_tracking_mpc_node]: MAVLink COMMAND_ACK command=187 result=0
[INFO] [1790169816.597554710] [lower_tracking_mpc_node]: MAVLink COMMAND_ACK command=187 result=0
[INFO] [1790169817.597638313] [lower_tracking_mpc_node]: MAVLink COMMAND_ACK command=187 result=0
[INFO] [1790169818.597641340] [lower_tracking_mpc_node]: MAVLink COMMAND_ACK command=187 result=0
[INFO] [1790169819.597670864] [lower_tracking_mpc_node]: MAVLink COMMAND_ACK command=187 result=0
[INFO] [1790169820.647656628] [lower_tracking_mpc_node]: MAVLink COMMAND_ACK command=187 result=0
[INFO] [1790169821.697814110] [lower_tracking_mpc_node]: MAVLink COMMAND_ACK command=187 result=0
[INFO] [1790169822.747757347] [lower_tracking_mpc_node]: MAVLink COMMAND_ACK command=187 result=0
[INFO] [1790169823.797783531] [lower_tracking_mpc_node]: MAVLink COMMAND_ACK command=187 result=0
[INFO] [1790169824.797841734] [lower_tracking_mpc_node]: MAVLink COMMAND_ACK command=187 result=0
[INFO] [1790169825.847761037] [lower_tracking_mpc_node]: MAVLink COMMAND_ACK command=187 result=0
[INFO] [1790169826.847789258] [lower_tracking_mpc_node]: MAVLink COMMAND_ACK command=187 result=0
[INFO] [1790169827.847806726] [lower_tracking_mpc_node]: MAVLink COMMAND_ACK command=187 result=0
[INFO] [1790169828.847846885] [lower_tracking_mpc_node]: MAVLink COMMAND_ACK command=187 result=0
[INFO] [1790169829.847872932] [lower_tracking_mpc_node]: MAVLink COMMAND_ACK command=187 result=0
[INFO] [1790169830.847931909] [lower_tracking_mpc_node]: MAVLink COMMAND_ACK command=187 result=0
[INFO] [1790169831.897994680] [lower_tracking_mpc_node]: MAVLink COMMAND_ACK command=187 result=0
[INFO] [1790169832.897993785] [lower_tracking_mpc_node]: MAVLink COMMAND_ACK command=187 result=0
[INFO] [1790169833.947984716] [lower_tracking_mpc_node]: MAVLink COMMAND_ACK command=187 result=0
[INFO] [1790169834.998048482] [lower_tracking_mpc_node]: MAVLink COMMAND_ACK command=187 result=0
[INFO] [1790169835.998050823] [lower_tracking_mpc_node]: MAVLink COMMAND_ACK command=187 result=0
[INFO] [1790169836.998103982] [lower_tracking_mpc_node]: MAVLink COMMAND_ACK command=187 result=0
[INFO] [1790169837.998116598] [lower_tracking_mpc_node]: MAVLink COMMAND_ACK command=187 result=0
[INFO] [1790169838.998148671] [lower_tracking_mpc_node]: MAVLink COMMAND_ACK command=187 result=0
[INFO] [1790169839.998147208] [lower_tracking_mpc_node]: MAVLink COMMAND_ACK command=187 result=0
[INFO] [1790169840.998239093] [lower_tracking_mpc_node]: MAVLink COMMAND_ACK command=187 result=0
[INFO] [1790169841.998245504] [lower_tracking_mpc_node]: MAVLink COMMAND_ACK command=187 result=0
[INFO] [1790169843.048235965] [lower_tracking_mpc_node]: MAVLink COMMAND_ACK command=187 result=0
[INFO] [1790169844.048315660] [lower_tracking_mpc_node]: MAVLink COMMAND_ACK command=187 result=0
[INFO] [1790169845.048594338] [lower_tracking_mpc_node]: MAVLink COMMAND_ACK command=187 result=0
[INFO] [1790169846.098437758] [lower_tracking_mpc_node]: MAVLink COMMAND_ACK command=187 result=0
[INFO] [1790169847.098464975] [lower_tracking_mpc_node]: MAVLink COMMAND_ACK command=187 result=0
[INFO] [1790169848.098525858] [lower_tracking_mpc_node]: MAVLink COMMAND_ACK command=187 result=0
[INFO] [1790169849.098542677] [lower_tracking_mpc_node]: MAVLink COMMAND_ACK command=187 result=0
[INFO] [1790169850.148451095] [lower_tracking_mpc_node]: MAVLink COMMAND_ACK command=187 result=0
[INFO] [1790169851.198478494] [lower_tracking_mpc_node]: MAVLink COMMAND_ACK command=187 result=0
[INFO] [1790169852.248442755] [lower_tracking_mpc_node]: MAVLink COMMAND_ACK command=187 result=0
[INFO] [1790169853.248503900] [lower_tracking_mpc_node]: MAVLink COMMAND_ACK command=187 result=0
[INFO] [1790169854.248584534] [lower_tracking_mpc_node]: MAVLink COMMAND_ACK command=187 result=0
[INFO] [1790169855.248588079] [lower_tracking_mpc_node]: MAVLink COMMAND_ACK command=187 result=0
[INFO] [1790169856.248639050] [lower_tracking_mpc_node]: MAVLink COMMAND_ACK command=187 result=0
[INFO] [1790169857.298599829] [lower_tracking_mpc_node]: MAVLink COMMAND_ACK command=187 result=0
[INFO] [1790169858.298754485] [lower_tracking_mpc_node]: MAVLink COMMAND_ACK command=187 result=0
[INFO] [1790169859.348641408] [lower_tracking_mpc_node]: MAVLink COMMAND_ACK command=187 result=0
[INFO] [1790169860.348696671] [lower_tracking_mpc_node]: MAVLink COMMAND_ACK command=187 result=0
[INFO] [1790169861.348702270] [lower_tracking_mpc_node]: MAVLink COMMAND_ACK command=187 result=0
[INFO] [1790169862.348743679] [lower_tracking_mpc_node]: MAVLink COMMAND_ACK command=187 result=0
[INFO] [1790169863.348875075] [lower_tracking_mpc_node]: MAVLink COMMAND_ACK command=187 result=0
[INFO] [1790169863.421260983] [rclcpp]: signal_handler(SIGINT/SIGTERM)
