[INFO] [1791221752.405920847] [upper_planner_node]: planner state input: Odometry topic=/motive/vehicle/odom_map yaw=orientation.z scalar
[INFO] [1791221752.410827276] [upper_planner_node]: Egocentric MIQP planner ready: rate=1.00Hz pred_dt=0.750s Nmax=7 lower_dt=0.100s target_v=6.000m/s scale=fullscale wheelbase=2.80m length=4.70m bev=40.00m margin=2.00m state=odom grid=/bev/occupancy_grid sparse=/planner/upper_path_sparse dense=/planner/lower_reference_path
[INFO] [1791221752.411021617] [upper_planner_node]: upper branch model: cumulative_increment=1 turn_window_at_split=1 turn_target_absolute=1 split_continuity=6.75m r_dpsi=3.000 lambda_turn=0.600
[WARN] [1791221752.424825008] [upper_planner_node]: interval_diag step=7 reason=3 ref_body=(23.779,19.165) heading_deg=46.28 center_cell=(76,125) center_value=100 line_free=0 blocked=137 unknown=99 outside=2 longest_run=0 min_run=2 grid_free=5156 zero=5156 positive=7988 unknown=3240 topic=/bev/occupancy_grid frame=Vehicle origin=(0.000,-20.000) origin_yaw_deg=0.00 size=128x128 res=0.3125 positive_is_drivable=0 threshold=0 waypoint_bias=0 previous=1
[WARN] [1791221752.424988213] [upper_planner_node]: no valid preview interval at step=7; usable horizon=6 reason=3
[WARN] [1791221752.426968871] [upper_planner_node]: no valid preview interval at step=6; usable horizon=5 reason=3
[WARN] [1791221752.427102763] [upper_planner_node]: no valid preview interval at step=7; usable horizon=5 reason=3
[WARN] [1791221752.427404210] [upper_planner_node]: no valid preview interval at step=4; usable horizon=3 reason=3
[WARN] [1791221752.427524533] [upper_planner_node]: no valid preview interval at step=5; usable horizon=3 reason=3
[WARN] [1791221752.427653177] [upper_planner_node]: no valid preview interval at step=6; usable horizon=3 reason=3
[WARN] [1791221752.427766107] [upper_planner_node]: no valid preview interval at step=7; usable horizon=3 reason=3
[INFO] [1791221752.450260153] [upper_planner_node]: planner state input: Odometry topic=/motive/vehicle/odom_map yaw=orientation.z scalar
[INFO] [1791221752.453447946] [upper_planner_node]: Egocentric MIQP planner ready: rate=1.00Hz pred_dt=0.750s Nmax=7 lower_dt=0.100s target_v=6.000m/s scale=fullscale wheelbase=2.80m length=4.70m bev=40.00m margin=2.00m state=odom grid=/bev/occupancy_grid sparse=/planner/upper_path_sparse dense=/planner/lower_reference_path
[INFO] [1791221752.453650831] [upper_planner_node]: upper branch model: cumulative_increment=1 turn_window_at_split=1 turn_target_absolute=1 split_continuity=6.75m r_dpsi=3.000 lambda_turn=0.600
[WARN] [1791221752.467374285] [upper_planner_node]: no valid preview interval at step=7; usable horizon=6 reason=3
[WARN] [1791221752.469569413] [upper_planner_node]: no valid preview interval at step=6; usable horizon=5 reason=3
[WARN] [1791221752.469748010] [upper_planner_node]: no valid preview interval at step=7; usable horizon=5 reason=3
[WARN] [1791221752.470132116] [upper_planner_node]: no valid preview interval at step=4; usable horizon=3 reason=3
[WARN] [1791221752.470256695] [upper_planner_node]: no valid preview interval at step=5; usable horizon=3 reason=3
[WARN] [1791221752.470400570] [upper_planner_node]: no valid preview interval at step=6; usable horizon=3 reason=3
[WARN] [1791221752.470512381] [upper_planner_node]: no valid preview interval at step=7; usable horizon=3 reason=3
[INFO] [1791221752.491551606] [upper_planner_node]: planner state input: Odometry topic=/motive/vehicle/odom_map yaw=orientation.z scalar
[INFO] [1791221752.494626372] [upper_planner_node]: Egocentric MIQP planner ready: rate=1.00Hz pred_dt=0.750s Nmax=7 lower_dt=0.100s target_v=6.000m/s scale=fullscale wheelbase=2.80m length=4.70m bev=40.00m margin=2.00m state=odom grid=/bev/occupancy_grid sparse=/planner/upper_path_sparse dense=/planner/lower_reference_path
[INFO] [1791221752.494807529] [upper_planner_node]: upper branch model: cumulative_increment=1 turn_window_at_split=1 turn_target_absolute=1 split_continuity=6.75m r_dpsi=3.000 lambda_turn=0.600
[WARN] [1791221752.509597858] [upper_planner_node]: no valid preview interval at step=7; usable horizon=6 reason=3
[WARN] [1791221752.511980670] [upper_planner_node]: no valid preview interval at step=6; usable horizon=5 reason=3
[WARN] [1791221752.512161667] [upper_planner_node]: no valid preview interval at step=7; usable horizon=5 reason=3
[WARN] [1791221752.512467019] [upper_planner_node]: no valid preview interval at step=4; usable horizon=3 reason=3
[WARN] [1791221752.512582958] [upper_planner_node]: no valid preview interval at step=5; usable horizon=3 reason=3
[WARN] [1791221752.512686576] [upper_planner_node]: no valid preview interval at step=6; usable horizon=3 reason=3
[WARN] [1791221752.512782419] [upper_planner_node]: no valid preview interval at step=7; usable horizon=3 reason=3
[INFO] [1791221752.533673095] [upper_planner_node]: planner state input: Odometry topic=/motive/vehicle/odom_map yaw=orientation.z scalar
[INFO] [1791221752.536648115] [upper_planner_node]: Egocentric MIQP planner ready: rate=1.00Hz pred_dt=0.750s Nmax=7 lower_dt=0.100s target_v=6.000m/s scale=fullscale wheelbase=2.80m length=4.70m bev=40.00m margin=2.00m state=odom grid=/bev/occupancy_grid sparse=/planner/upper_path_sparse dense=/planner/lower_reference_path
[INFO] [1791221752.536830136] [upper_planner_node]: upper branch model: cumulative_increment=1 turn_window_at_split=1 turn_target_absolute=1 split_continuity=6.75m r_dpsi=3.000 lambda_turn=0.600
[WARN] [1791221752.553896043] [upper_planner_node]: no valid preview interval at step=7; usable horizon=6 reason=3
[WARN] [1791221752.556148004] [upper_planner_node]: no valid preview interval at step=6; usable horizon=5 reason=3
[WARN] [1791221752.556305864] [upper_planner_node]: no valid preview interval at step=7; usable horizon=5 reason=3
[WARN] [1791221752.556608496] [upper_planner_node]: no valid preview interval at step=4; usable horizon=3 reason=3
[WARN] [1791221752.556791221] [upper_planner_node]: no valid preview interval at step=5; usable horizon=3 reason=3
[WARN] [1791221752.556899608] [upper_planner_node]: no valid preview interval at step=6; usable horizon=3 reason=3
[WARN] [1791221752.556995514] [upper_planner_node]: no valid preview interval at step=7; usable horizon=3 reason=3
