[INFO] [1791222300.906223368] [upper_planner_node]: planner state input: Odometry topic=/motive/vehicle/odom_map yaw=orientation.z scalar
[INFO] [1791222300.912220366] [upper_planner_node]: Egocentric MIQP planner ready: rate=1.00Hz pred_dt=0.750s Nmax=7 lower_dt=0.100s target_v=6.000m/s scale=fullscale wheelbase=2.80m length=4.70m bev=40.00m margin=2.00m state=odom grid=/bev/occupancy_grid sparse=/planner/upper_path_sparse dense=/planner/lower_reference_path
[INFO] [1791222300.912453972] [upper_planner_node]: upper branch model: cumulative_increment=1 turn_window_at_split=1 turn_target_absolute=1 split_continuity=6.75m r_dpsi=3.000 lambda_turn=0.600
[WARN] [1791222300.926130478] [upper_planner_node]: interval_diag step=7 reason=3 ref_body=(23.779,19.165) heading_deg=46.28 center_cell=(76,125) center_value=100 line_free=0 blocked=137 unknown=99 outside=2 longest_run=0 min_run=2 grid_free=5156 zero=5156 positive=7988 unknown=3240 topic=/bev/occupancy_grid frame=Vehicle origin=(0.000,-20.000) origin_yaw_deg=0.00 size=128x128 res=0.3125 positive_is_drivable=0 threshold=0 waypoint_bias=0 previous=1
[WARN] [1791222300.926388437] [upper_planner_node]: no valid preview interval at step=7; usable horizon=6 reason=3
[WARN] [1791222300.928533201] [upper_planner_node]: no valid preview interval at step=6; usable horizon=5 reason=3
[WARN] [1791222300.928685717] [upper_planner_node]: no valid preview interval at step=7; usable horizon=5 reason=3
[WARN] [1791222300.928967805] [upper_planner_node]: no valid preview interval at step=4; usable horizon=3 reason=3
[WARN] [1791222300.929076096] [upper_planner_node]: no valid preview interval at step=5; usable horizon=3 reason=3
[WARN] [1791222300.929165122] [upper_planner_node]: no valid preview interval at step=6; usable horizon=3 reason=3
[WARN] [1791222300.929253221] [upper_planner_node]: no valid preview interval at step=7; usable horizon=3 reason=3
[INFO] [1791222300.952877586] [upper_planner_node]: planner state input: Odometry topic=/motive/vehicle/odom_map yaw=orientation.z scalar
[INFO] [1791222300.956325425] [upper_planner_node]: Egocentric MIQP planner ready: rate=1.00Hz pred_dt=0.750s Nmax=7 lower_dt=0.100s target_v=6.000m/s scale=fullscale wheelbase=2.80m length=4.70m bev=40.00m margin=2.00m state=odom grid=/bev/occupancy_grid sparse=/planner/upper_path_sparse dense=/planner/lower_reference_path
[INFO] [1791222300.956626873] [upper_planner_node]: upper branch model: cumulative_increment=1 turn_window_at_split=1 turn_target_absolute=1 split_continuity=6.75m r_dpsi=3.000 lambda_turn=0.600
[WARN] [1791222300.970526298] [upper_planner_node]: no valid preview interval at step=7; usable horizon=6 reason=3
[WARN] [1791222300.972902907] [upper_planner_node]: no valid preview interval at step=6; usable horizon=5 reason=3
[WARN] [1791222300.973174051] [upper_planner_node]: no valid preview interval at step=7; usable horizon=5 reason=3
[WARN] [1791222300.973549453] [upper_planner_node]: no valid preview interval at step=4; usable horizon=3 reason=3
[WARN] [1791222300.973670577] [upper_planner_node]: no valid preview interval at step=5; usable horizon=3 reason=3
[WARN] [1791222300.973819157] [upper_planner_node]: no valid preview interval at step=6; usable horizon=3 reason=3
[WARN] [1791222300.973928376] [upper_planner_node]: no valid preview interval at step=7; usable horizon=3 reason=3
[INFO] [1791222300.997077848] [upper_planner_node]: planner state input: Odometry topic=/motive/vehicle/odom_map yaw=orientation.z scalar
[INFO] [1791222301.000809791] [upper_planner_node]: Egocentric MIQP planner ready: rate=1.00Hz pred_dt=0.750s Nmax=7 lower_dt=0.100s target_v=6.000m/s scale=fullscale wheelbase=2.80m length=4.70m bev=40.00m margin=2.00m state=odom grid=/bev/occupancy_grid sparse=/planner/upper_path_sparse dense=/planner/lower_reference_path
[INFO] [1791222301.001118152] [upper_planner_node]: upper branch model: cumulative_increment=1 turn_window_at_split=1 turn_target_absolute=1 split_continuity=6.75m r_dpsi=3.000 lambda_turn=0.600
[WARN] [1791222301.016211465] [upper_planner_node]: no valid preview interval at step=7; usable horizon=6 reason=3
[WARN] [1791222301.018687181] [upper_planner_node]: no valid preview interval at step=6; usable horizon=5 reason=3
[WARN] [1791222301.018910292] [upper_planner_node]: no valid preview interval at step=7; usable horizon=5 reason=3
[WARN] [1791222301.019253629] [upper_planner_node]: no valid preview interval at step=4; usable horizon=3 reason=3
[WARN] [1791222301.019375489] [upper_planner_node]: no valid preview interval at step=5; usable horizon=3 reason=3
[WARN] [1791222301.019523653] [upper_planner_node]: no valid preview interval at step=6; usable horizon=3 reason=3
[WARN] [1791222301.019693769] [upper_planner_node]: no valid preview interval at step=7; usable horizon=3 reason=3
[INFO] [1791222301.042461695] [upper_planner_node]: planner state input: Odometry topic=/motive/vehicle/odom_map yaw=orientation.z scalar
[INFO] [1791222301.045532852] [upper_planner_node]: Egocentric MIQP planner ready: rate=1.00Hz pred_dt=0.750s Nmax=7 lower_dt=0.100s target_v=6.000m/s scale=fullscale wheelbase=2.80m length=4.70m bev=40.00m margin=2.00m state=odom grid=/bev/occupancy_grid sparse=/planner/upper_path_sparse dense=/planner/lower_reference_path
[INFO] [1791222301.045700377] [upper_planner_node]: upper branch model: cumulative_increment=1 turn_window_at_split=1 turn_target_absolute=1 split_continuity=6.75m r_dpsi=3.000 lambda_turn=0.600
[WARN] [1791222301.062837458] [upper_planner_node]: no valid preview interval at step=7; usable horizon=6 reason=3
[WARN] [1791222301.065227700] [upper_planner_node]: no valid preview interval at step=6; usable horizon=5 reason=3
[WARN] [1791222301.065529213] [upper_planner_node]: no valid preview interval at step=7; usable horizon=5 reason=3
[WARN] [1791222301.065880903] [upper_planner_node]: no valid preview interval at step=4; usable horizon=3 reason=3
[WARN] [1791222301.066095789] [upper_planner_node]: no valid preview interval at step=5; usable horizon=3 reason=3
[WARN] [1791222301.066236368] [upper_planner_node]: no valid preview interval at step=6; usable horizon=3 reason=3
[WARN] [1791222301.066385365] [upper_planner_node]: no valid preview interval at step=7; usable horizon=3 reason=3
[INFO] [1791222301.089041479] [upper_planner_node]: planner state input: Odometry topic=/motive/vehicle/odom_map yaw=orientation.z scalar
[INFO] [1791222301.092868977] [upper_planner_node]: Egocentric MIQP planner ready: rate=1.00Hz pred_dt=0.750s Nmax=7 lower_dt=0.100s target_v=6.000m/s scale=fullscale wheelbase=2.80m length=4.70m bev=40.00m margin=2.00m state=odom grid=/bev/occupancy_grid sparse=/planner/upper_path_sparse dense=/planner/lower_reference_path
[INFO] [1791222301.093267516] [upper_planner_node]: upper branch model: cumulative_increment=1 turn_window_at_split=1 turn_target_absolute=1 split_continuity=6.75m r_dpsi=3.000 lambda_turn=0.600
[WARN] [1791222301.107241118] [upper_planner_node]: no valid preview interval at step=7; usable horizon=6 reason=3
[WARN] [1791222301.110303443] [upper_planner_node]: no valid preview interval at step=6; usable horizon=5 reason=3
[WARN] [1791222301.110479128] [upper_planner_node]: no valid preview interval at step=7; usable horizon=5 reason=3
[WARN] [1791222301.110773952] [upper_planner_node]: no valid preview interval at step=4; usable horizon=3 reason=3
[WARN] [1791222301.110880547] [upper_planner_node]: no valid preview interval at step=5; usable horizon=3 reason=3
[WARN] [1791222301.110973542] [upper_planner_node]: no valid preview interval at step=6; usable horizon=3 reason=3
[WARN] [1791222301.111064072] [upper_planner_node]: no valid preview interval at step=7; usable horizon=3 reason=3
