171507 {
  "bag": "/home/imac/ros2_ws/drive_debug_20261006_171507_light",
  "bag_grid_window": [
    "17:15:08.027",
    "17:15:39.482"
  ],
  "pose_window": [
    "17:15:07.825",
    "17:15:39.488"
  ],
  "goals_true": 0,
  "last_xy": [
    283.6916522831222,
    122.55498838585295
  ],
  "last_goal_distance_m": 49.771518755560464,
  "upper_n": 42,
  "upper_valid": 41,
  "upper_failures": [
    {
      "time": "17:15:35.691",
      "xy": [
        266.47652186964876,
        134.14566270388232
      ],
      "status": "DAQP direct corridor QP infeasible: tried=1"
    }
  ],
  "horizons": {
    "7": 42
  },
  "upper_gaps": [
    {
      "from": "17:15:23.190",
      "to": "17:15:30.691",
      "sec": 7.500949859619141
    }
  ],
  "path_gaps": [
    {
      "from": "17:15:23.193",
      "to": "17:15:30.695",
      "sec": 7.5016090869903564
    },
    {
      "from": "17:15:35.193",
      "to": "17:15:36.192",
      "sec": 0.9998965263366699
    }
  ],
  "lower_gaps": [
    {
      "from": "17:15:24.583",
      "to": "17:15:30.366",
      "sec": 5.783114671707153
    }
  ],
  "odom_max_gap_sec": 0.3649895191192627,
  "grid_n": 696,
  "grid_max_gap_sec": 0.41727614402770996,
  "geometry_patterns": {
    "(128, 128, 0.3125, [2.95, -20.0], [0.0, 0.0, 0.0, 1.0])": 696
  },
  "known_counts": {
    "16384": 696
  },
  "unknown_counts": {
    "0": 696
  },
  "grid_edge_40m_free_frames": 653,
  "near9m_empty": 0,
  "free_far_effective0": {
    "min": 25.9375,
    "median": 40.0,
    "p95": 40.0,
    "max": 40.0
  },
  "all_lower_modes": {
    "0": 251,
    "3": 8
  },
  "moving_valid_n": 240,
  "moving_valid_sat_fraction": 0.15,
  "moving_valid_lateral_error_abs": {
    "min": 0.004624348132917178,
    "median": 0.16576493628385663,
    "p95": 0.7245491367728508,
    "max": 1.5214964073521533
  },
  "segments": {
    "공통 초반 0~45m": {
      "n": 93,
      "speed": {
        "min": 1.1427857019523378,
        "median": 5.4598074134706325,
        "p95": 6.3683769468864595,
        "max": 6.568429041573796
      },
      "sat_fraction": 0.11827956989247312,
      "local_error_abs": {
        "min": 0.005403981976121436,
        "median": 0.08524558533941842,
        "p95": 0.3781932278990062,
        "max": 0.5121984616135598
      },
      "steering_deg": {
        "min": -9.294460463115009,
        "median": 2.137632501118231,
        "p95": 17.188734024679423,
        "max": 17.188734024679423
      },
      "heading_abs_deg": {
        "min": 0.10325377112869523,
        "median": 5.865557715774778,
        "p95": 15.851989679042745,
        "max": 21.109931260552692
      }
    },
    "공통 첫 분기 45~85m": {
      "n": 62,
      "speed": {
        "min": 5.629730617649331,
        "median": 5.975592263458656,
        "p95": 6.364106913350959,
        "max": 6.65631157611261
      },
      "sat_fraction": 0.11290322580645161,
      "local_error_abs": {
        "min": 0.004624348132917178,
        "median": 0.3176791601624459,
        "p95": 0.848165323763067,
        "max": 1.120969770701362
      },
      "steering_deg": {
        "min": -16.094259901698894,
        "median": -2.155174774784351,
        "p95": 17.188734024679423,
        "max": 17.188734024679423
      },
      "heading_abs_deg": {
        "min": 0.022779329775425416,
        "median": 6.596869690696715,
        "p95": 22.80259201491423,
        "max": 28.05582571868497
      }
    },
    "두 번째 분기 접근 85~125m": {
      "n": 36,
      "speed": {
        "min": 2.7505930782370833,
        "median": 3.77539356553091,
        "p95": 4.550332003077758,
        "max": 4.609034895851589
      },
      "sat_fraction": 0.2777777777777778,
      "local_error_abs": {
        "min": 0.014976335613702846,
        "median": 0.13515970959956894,
        "p95": 0.5309494829632185,
        "max": 0.626867057610282
      },
      "steering_deg": {
        "min": -17.188734024679423,
        "median": 5.001306106880884,
        "p95": 17.188734024679423,
        "max": 17.188734024679423
      },
      "heading_abs_deg": {
        "min": 0.6418317135551599,
        "median": 15.068599207089207,
        "p95": 25.89155334674721,
        "max": 26.791343712120682
      }
    }
  },
  "invalid_runs": [
    {
      "start": "17:15:30.366",
      "end": "17:15:30.681",
      "n": 5,
      "mode": 3
    },
    {
      "start": "17:15:39.282",
      "end": "17:15:39.482",
      "n": 3,
      "mode": 3
    }
  ]
}
174526 {
  "bag": "/home/imac/ros2_ws/drive_debug_20261006_174526_light",
  "bag_grid_window": [
    "17:45:27.537",
    "17:46:40.895"
  ],
  "pose_window": [
    "17:46:04.576",
    "17:46:40.919"
  ],
  "goals_true": 0,
  "last_xy": [
    305.1976372290992,
    117.41610344850132
  ],
  "last_goal_distance_m": 60.98453274060885,
  "upper_n": 67,
  "upper_valid": 58,
  "upper_failures": [
    {
      "time": "17:46:14.941",
      "xy": [
        184.06644051035047,
        180.68923560125108
      ],
      "status": "DAQP direct corridor QP infeasible: tried=4"
    },
    {
      "time": "17:46:15.441",
      "xy": [
        184.8979864076309,
        177.65893485022576
      ],
      "status": "DAQP direct corridor QP infeasible: tried=12"
    },
    {
      "time": "17:46:15.941",
      "xy": [
        186.69366267313853,
        174.93136258433424
      ],
      "status": "DAQP direct corridor QP infeasible: tried=8"
    },
    {
      "time": "17:46:30.441",
      "xy": [
        251.69676889704647,
        134.69628361376638
      ],
      "status": "DAQP direct corridor QP infeasible: tried=1"
    },
    {
      "time": "17:46:35.941",
      "xy": [
        281.4202424479485,
        126.00225861727404
      ],
      "status": "DAQP direct corridor QP infeasible: tried=1"
    },
    {
      "time": "17:46:36.441",
      "xy": [
        284.1904892593759,
        125.21701611838762
      ],
      "status": "DAQP direct corridor QP infeasible: tried=1"
    },
    {
      "time": "17:46:36.941",
      "xy": [
        286.9332050264739,
        124.2817081142583
      ],
      "status": "DAQP direct corridor QP infeasible: tried=1"
    },
    {
      "time": "17:46:37.441",
      "xy": [
        289.63618112319085,
        123.28246581841509
      ],
      "status": "DAQP direct corridor QP infeasible: tried=1"
    },
    {
      "time": "17:46:37.941",
      "xy": [
        292.260586907692,
        122.30907997546284
      ],
      "status": "DAQP direct corridor QP infeasible: tried=1"
    }
  ],
  "horizons": {
    "7": 66,
    "6": 1
  },
  "upper_gaps": [],
  "path_gaps": [
    {
      "from": "17:46:14.443",
      "to": "17:46:16.462",
      "sec": 2.01961612701416
    },
    {
      "from": "17:46:29.945",
      "to": "17:46:30.944",
      "sec": 0.9983372688293457
    }
  ],
  "lower_gaps": [],
  "odom_max_gap_sec": 0.05219745635986328,
  "grid_n": 1937,
  "grid_max_gap_sec": 0.24100804328918457,
  "geometry_patterns": {
    "(128, 128, 0.3125, [2.95, -20.0], [0.0, 0.0, 0.0, 1.0])": 1937
  },
  "known_counts": {
    "16384": 1937
  },
  "unknown_counts": {
    "0": 1937
  },
  "grid_edge_40m_free_frames": 699,
  "near9m_empty": 995,
  "free_far_effective0": {
    "min": 6.5625,
    "median": 40.0,
    "p95": 40.0,
    "max": 40.0
  },
  "all_lower_modes": {
    "3": 417,
    "0": 314
  },
  "moving_valid_n": 297,
  "moving_valid_sat_fraction": 0.1750841750841751,
  "moving_valid_lateral_error_abs": {
    "min": 0.0,
    "median": 0.1302499346574721,
    "p95": 1.0244493880080914,
    "max": 1.6616800901437514
  },
  "segments": {
    "공통 초반 0~45m": {
      "n": 93,
      "speed": {
        "min": 1.0184718793702905,
        "median": 5.406614869735392,
        "p95": 6.3153347847650965,
        "max": 6.4782954427076245
      },
      "sat_fraction": 0.1827956989247312,
      "local_error_abs": {
        "min": 0.0,
        "median": 0.10298634233263702,
        "p95": 1.524199820218832,
        "max": 1.6616800901437514
      },
      "steering_deg": {
        "min": -16.24525164934051,
        "median": 0.41594903289413254,
        "p95": 17.188734024679423,
        "max": 17.188734024679423
      },
      "heading_abs_deg": {
        "min": 0.14000252702193014,
        "median": 4.994719094982676,
        "p95": 19.29164283445386,
        "max": 21.65015625160089
      }
    },
    "공통 첫 분기 45~85m": {
      "n": 75,
      "speed": {
        "min": 4.530251750772978,
        "median": 5.0155000812619495,
        "p95": 6.06865286913405,
        "max": 6.5148030299674655
      },
      "sat_fraction": 0.09333333333333334,
      "local_error_abs": {
        "min": 0.0,
        "median": 0.09417823230006597,
        "p95": 0.6915695202691683,
        "max": 1.1470985453870683
      },
      "steering_deg": {
        "min": -17.188734024679423,
        "median": 0.8112661347067487,
        "p95": 16.975689752296148,
        "max": 17.188734024679423
      },
      "heading_abs_deg": {
        "min": 0.06608007904405892,
        "median": 8.746915199217261,
        "p95": 28.907727514099083,
        "max": 29.939290642937607
      }
    },
    "두 번째 분기 접근 85~125m": {
      "n": 88,
      "speed": {
        "min": 4.754819632036451,
        "median": 5.374747311471273,
        "p95": 5.7887736691062415,
        "max": 6.2273850456174245
      },
      "sat_fraction": 0.3181818181818182,
      "local_error_abs": {
        "min": 0.0,
        "median": 0.20162118673287976,
        "p95": 0.9801908111557048,
        "max": 1.2071518403529473
      },
      "steering_deg": {
        "min": -17.188734024679423,
        "median": 1.0215634223997219,
        "p95": 17.188734024679423,
        "max": 17.188734024679423
      },
      "heading_abs_deg": {
        "min": 0.5901412937537935,
        "median": 16.36549065661766,
        "p95": 29.779294372496366,
        "max": 35.09341572916408
      }
    }
  },
  "invalid_runs": [
    {
      "start": "17:45:27.846",
      "end": "17:46:04.847",
      "n": 371,
      "mode": 3
    },
    {
      "start": "17:46:15.948",
      "end": "17:46:16.447",
      "n": 6,
      "mode": 3
    },
    {
      "start": "17:46:36.948",
      "end": "17:46:40.848",
      "n": 40,
      "mode": 3
    }
  ]
}
