175433 {
  "bag": "/home/imac/ros2_ws/drive_debug_20261006_175433_light",
  "bag_grid_window": [
    "17:54:34.121",
    "17:55:18.142"
  ],
  "pose_window": [
    "17:54:33.955",
    "17:55:18.176"
  ],
  "goals_true": 0,
  "last_xy": [
    331.1546132587106,
    108.76545470456756
  ],
  "last_goal_distance_m": 82.60763057613497,
  "upper_n": 84,
  "upper_valid": 50,
  "upper_failures": [
    {
      "time": "17:54:55.375",
      "xy": [
        254.95548106593137,
        137.1494729034957
      ],
      "status": "DAQP direct corridor QP infeasible: tried=1"
    },
    {
      "time": "17:54:55.875",
      "xy": [
        257.8942424556737,
        136.8365800571082
      ],
      "status": "DAQP direct corridor QP infeasible: tried=1"
    },
    {
      "time": "17:55:00.376",
      "xy": [
        282.2467393312408,
        126.42737780744181
      ],
      "status": "DAQP direct corridor QP infeasible: tried=1"
    },
    {
      "time": "17:55:00.875",
      "xy": [
        285.0484641748838,
        125.44997974241805
      ],
      "status": "DAQP direct corridor QP infeasible: tried=1"
    },
    {
      "time": "17:55:01.375",
      "xy": [
        287.8067028178384,
        124.42272310874988
      ],
      "status": "DAQP direct corridor QP infeasible: tried=1"
    },
    {
      "time": "17:55:01.875",
      "xy": [
        290.56637527406644,
        123.43256155438739
      ],
      "status": "DAQP direct corridor QP infeasible: tried=1"
    },
    {
      "time": "17:55:02.375",
      "xy": [
        293.2155112381972,
        122.46690141541637
      ],
      "status": "DAQP direct corridor QP infeasible: tried=1"
    },
    {
      "time": "17:55:02.875",
      "xy": [
        295.7584616313537,
        121.56701918462602
      ],
      "status": "DAQP direct corridor QP infeasible: tried=1"
    },
    {
      "time": "17:55:03.375",
      "xy": [
        298.1365370659498,
        120.70282082072961
      ],
      "status": "DAQP direct corridor QP infeasible: tried=1"
    },
    {
      "time": "17:55:03.875",
      "xy": [
        300.4001510230595,
        119.90394483455147
      ],
      "status": "DAQP direct corridor QP infeasible: tried=1"
    },
    {
      "time": "17:55:04.375",
      "xy": [
        302.63255100483843,
        119.09170837148028
      ],
      "status": "DAQP direct corridor QP infeasible: tried=1"
    },
    {
      "time": "17:55:04.875",
      "xy": [
        304.5172441322683,
        118.42627954892787
      ],
      "status": "DAQP direct corridor QP infeasible: tried=1"
    },
    {
      "time": "17:55:05.375",
      "xy": [
        306.38996546887586,
        117.73811958548966
      ],
      "status": "DAQP direct corridor QP infeasible: tried=1"
    },
    {
      "time": "17:55:05.875",
      "xy": [
        308.2878460699658,
        117.06480875849282
      ],
      "status": "DAQP direct corridor QP infeasible: tried=1"
    },
    {
      "time": "17:55:06.375",
      "xy": [
        309.85889985754386,
        116.48779407448318
      ],
      "status": "DAQP direct corridor QP infeasible: tried=1"
    },
    {
      "time": "17:55:06.876",
      "xy": [
        311.46474182508945,
        115.91845246986402
      ],
      "status": "DAQP direct corridor QP infeasible: tried=1"
    },
    {
      "time": "17:55:07.375",
      "xy": [
        312.96028398437966,
        115.36191767154908
      ],
      "status": "DAQP direct corridor QP infeasible: tried=1"
    },
    {
      "time": "17:55:07.875",
      "xy": [
        314.4010976959324,
        114.84917216758672
      ],
      "status": "DAQP direct corridor QP infeasible: tried=1"
    },
    {
      "time": "17:55:08.375",
      "xy": [
        315.7432834205212,
        114.34693371478572
      ],
      "status": "DAQP direct corridor QP infeasible: tried=1"
    },
    {
      "time": "17:55:08.875",
      "xy": [
        317.0374159870754,
        113.88797970332871
      ],
      "status": "DAQP direct corridor QP infeasible: tried=1"
    },
    {
      "time": "17:55:09.375",
      "xy": [
        318.2427261569432,
        113.43725264594494
      ],
      "status": "DAQP direct corridor QP infeasible: tried=1"
    },
    {
      "time": "17:55:09.875",
      "xy": [
        319.4075387615695,
        113.02527651708087
      ],
      "status": "DAQP direct corridor QP infeasible: tried=1"
    },
    {
      "time": "17:55:10.375",
      "xy": [
        320.48703837652783,
        112.61974398779631
      ],
      "status": "DAQP direct corridor QP infeasible: tried=1"
    },
    {
      "time": "17:55:10.875",
      "xy": [
        321.53170606573246,
        112.25177500367835
      ],
      "status": "DAQP direct corridor QP infeasible: tried=1"
    },
    {
      "time": "17:55:11.375",
      "xy": [
        322.49675767069505,
        111.88914125369008
      ],
      "status": "DAQP direct corridor QP infeasible: tried=1"
    },
    {
      "time": "17:55:11.875",
      "xy": [
        323.4304093932579,
        111.5637751472935
      ],
      "status": "DAQP direct corridor QP infeasible: tried=1"
    },
    {
      "time": "17:55:12.375",
      "xy": [
        324.28984314344393,
        111.23944009041564
      ],
      "status": "DAQP direct corridor QP infeasible: tried=1"
    },
    {
      "time": "17:55:12.876",
      "xy": [
        325.12635453472,
        110.9512600985985
      ],
      "status": "DAQP direct corridor QP infeasible: tried=1"
    },
    {
      "time": "17:55:13.375",
      "xy": [
        325.93784809805186,
        110.64937964128188
      ],
      "status": "DAQP direct corridor QP infeasible: tried=1"
    },
    {
      "time": "17:55:13.875",
      "xy": [
        326.63345999149016,
        110.41054855104224
      ],
      "status": "DAQP direct corridor QP infeasible: tried=1"
    },
    {
      "time": "17:55:14.376",
      "xy": [
        327.3039381334268,
        110.15585488112805
      ],
      "status": "DAQP direct corridor QP infeasible: tried=1"
    },
    {
      "time": "17:55:14.875",
      "xy": [
        327.95516761049777,
        109.9320664863183
      ],
      "status": "DAQP direct corridor QP infeasible: tried=1"
    },
    {
      "time": "17:55:15.376",
      "xy": [
        328.539678004713,
        109.7077581099259
      ],
      "status": "DAQP direct corridor QP infeasible: tried=1"
    },
    {
      "time": "17:55:15.876",
      "xy": [
        329.1053210834969,
        109.51659404845826
      ],
      "status": "DAQP direct corridor QP infeasible: tried=1"
    }
  ],
  "horizons": {
    "7": 83,
    "6": 1
  },
  "upper_gaps": [],
  "path_gaps": [
    {
      "from": "17:54:54.878",
      "to": "17:54:56.380",
      "sec": 1.5015332698822021
    }
  ],
  "lower_gaps": [],
  "odom_max_gap_sec": 0.048090219497680664,
  "grid_n": 1213,
  "grid_max_gap_sec": 0.16677641868591309,
  "geometry_patterns": {
    "(128, 128, 0.3125, [2.95, -20.0], [0.0, 0.0, 0.0, 1.0])": 1213
  },
  "known_counts": {
    "16384": 1213
  },
  "unknown_counts": {
    "0": 1213
  },
  "grid_edge_40m_free_frames": 829,
  "near9m_empty": 174,
  "free_far_effective0": {
    "min": 4.375,
    "median": 40.0,
    "p95": 40.0,
    "max": 40.0
  },
  "all_lower_modes": {
    "0": 263,
    "3": 168
  },
  "moving_valid_n": 263,
  "moving_valid_sat_fraction": 0.08745247148288973,
  "moving_valid_lateral_error_abs": {
    "min": 0.0016753476467382539,
    "median": 0.16650157031427026,
    "p95": 0.6565700098856623,
    "max": 1.084879943810307
  },
  "segments": {
    "공통 초반 0~45m": {
      "n": 79,
      "speed": {
        "min": 2.9104469146865224,
        "median": 5.8831270127306325,
        "p95": 6.5874961619105905,
        "max": 6.781910877889429
      },
      "sat_fraction": 0.08860759493670886,
      "local_error_abs": {
        "min": 0.0016753476467382539,
        "median": 0.12297427497399298,
        "p95": 0.3646048239798545,
        "max": 0.5762075817746092
      },
      "steering_deg": {
        "min": -13.219396055509549,
        "median": 0.11403128751981094,
        "p95": 17.188734024679423,
        "max": 17.188734024679423
      },
      "heading_abs_deg": {
        "min": 0.03866715764578325,
        "median": 8.046142720137572,
        "p95": 15.00703148177655,
        "max": 18.025983408868807
      }
    },
    "공통 첫 분기 45~85m": {
      "n": 62,
      "speed": {
        "min": 5.760002495179131,
        "median": 6.223593107054889,
        "p95": 6.546985221716903,
        "max": 6.740849196325148
      },
      "sat_fraction": 0.0,
      "local_error_abs": {
        "min": 0.006878061764300003,
        "median": 0.15780749618319598,
        "p95": 0.6534935392039932,
        "max": 1.084879943810307
      },
      "steering_deg": {
        "min": -13.760699134026273,
        "median": -0.30697728537524527,
        "p95": 13.916029460517361,
        "max": 14.78206496118774
      },
      "heading_abs_deg": {
        "min": 0.08368931073215362,
        "median": 2.837510162497484,
        "p95": 20.45939230334202,
        "max": 23.741001086304312
      }
    },
    "두 번째 분기 접근 85~125m": {
      "n": 65,
      "speed": {
        "min": 5.689071827049704,
        "median": 6.121670793722177,
        "p95": 6.561510117793743,
        "max": 6.72606785408929
      },
      "sat_fraction": 0.24615384615384617,
      "local_error_abs": {
        "min": 0.004489409292454838,
        "median": 0.200597439037832,
        "p95": 0.6093194552132156,
        "max": 0.7372880485568349
      },
      "steering_deg": {
        "min": -17.188734024679423,
        "median": 1.5348826075731805,
        "p95": 17.188734024679423,
        "max": 17.188734024679423
      },
      "heading_abs_deg": {
        "min": 0.14892488246970917,
        "median": 8.330401376062984,
        "p95": 24.300351280367895,
        "max": 27.83033245822237
      }
    }
  },
  "invalid_runs": [
    {
      "start": "17:55:01.445",
      "end": "17:55:18.145",
      "n": 168,
      "mode": 3
    }
  ]
}
180209 {
  "bag": "/home/imac/ros2_ws/drive_debug_20261006_180209_light",
  "bag_grid_window": [
    "18:02:10.117",
    "18:02:44.933"
  ],
  "pose_window": [
    "18:02:12.869",
    "18:02:44.937"
  ],
  "goals_true": 0,
  "last_xy": [
    305.0888850271739,
    118.79324774079046
  ],
  "last_goal_distance_m": 59.70566286365427,
  "upper_n": 61,
  "upper_valid": 54,
  "upper_failures": [
    {
      "time": "18:02:39.964",
      "xy": [
        281.3363799211797,
        126.18284354172054
      ],
      "status": "DAQP direct corridor QP infeasible: tried=1"
    },
    {
      "time": "18:02:40.464",
      "xy": [
        284.05405200841255,
        125.45907726116708
      ],
      "status": "DAQP direct corridor QP infeasible: tried=1"
    },
    {
      "time": "18:02:40.964",
      "xy": [
        286.7549864261897,
        124.64367811325599
      ],
      "status": "DAQP direct corridor QP infeasible: tried=1"
    },
    {
      "time": "18:02:41.464",
      "xy": [
        289.4429037163205,
        123.79642119853715
      ],
      "status": "DAQP direct corridor QP infeasible: tried=1"
    },
    {
      "time": "18:02:41.964",
      "xy": [
        292.07161561561566,
        122.95971664467203
      ],
      "status": "DAQP direct corridor QP infeasible: tried=1"
    },
    {
      "time": "18:02:42.464",
      "xy": [
        294.56403997984677,
        122.16676865628531
      ],
      "status": "DAQP direct corridor QP infeasible: tried=1"
    },
    {
      "time": "18:02:42.964",
      "xy": [
        296.9281286755355,
        121.40912573598939
      ],
      "status": "DAQP direct corridor QP infeasible: tried=1"
    }
  ],
  "horizons": {
    "7": 60,
    "6": 1
  },
  "upper_gaps": [],
  "path_gaps": [],
  "lower_gaps": [],
  "odom_max_gap_sec": 0.04339170455932617,
  "grid_n": 1116,
  "grid_max_gap_sec": 0.21335077285766602,
  "geometry_patterns": {
    "(128, 128, 0.3125, [2.95, -20.0], [0.0, 0.0, 0.0, 1.0])": 1116
  },
  "known_counts": {
    "16384": 1116
  },
  "unknown_counts": {
    "0": 1116
  },
  "grid_edge_40m_free_frames": 857,
  "near9m_empty": 55,
  "free_far_effective0": {
    "min": 8.125,
    "median": 40.0,
    "p95": 40.0,
    "max": 40.0
  },
  "all_lower_modes": {
    "3": 44,
    "0": 298
  },
  "moving_valid_n": 282,
  "moving_valid_sat_fraction": 0.10638297872340426,
  "moving_valid_lateral_error_abs": {
    "min": 0.00011526845628800648,
    "median": 0.13115764745316094,
    "p95": 0.7964564861883288,
    "max": 1.5592040407885046
  },
  "segments": {
    "공통 초반 0~45m": {
      "n": 96,
      "speed": {
        "min": 1.1061333841010106,
        "median": 5.763523749711213,
        "p95": 6.428792998085489,
        "max": 6.796271215644965
      },
      "sat_fraction": 0.0,
      "local_error_abs": {
        "min": 0.00029458284484143145,
        "median": 0.05036129013494483,
        "p95": 0.23237675712382294,
        "max": 0.327906193430768
      },
      "steering_deg": {
        "min": -7.762977091281355,
        "median": 2.638708774975683,
        "p95": 11.924748169796935,
        "max": 12.646163379415578
      },
      "heading_abs_deg": {
        "min": 0.07296466889568498,
        "median": 3.0558359695531117,
        "p95": 7.137578808252485,
        "max": 11.274974980215266
      }
    },
    "공통 첫 분기 45~85m": {
      "n": 62,
      "speed": {
        "min": 5.851090571663624,
        "median": 6.274105687192153,
        "p95": 6.561896471065015,
        "max": 6.672803898548603
      },
      "sat_fraction": 0.06451612903225806,
      "local_error_abs": {
        "min": 0.00011526845628800648,
        "median": 0.2279764412290589,
        "p95": 0.8456791827439493,
        "max": 1.070361452488448
      },
      "steering_deg": {
        "min": -13.511914103886248,
        "median": -1.0469689033230511,
        "p95": 17.16596878219462,
        "max": 17.188734024679423
      },
      "heading_abs_deg": {
        "min": 1.1527733280602428,
        "median": 8.880000612782307,
        "p95": 21.176460953867466,
        "max": 25.43429988730847
      }
    },
    "두 번째 분기 접근 85~125m": {
      "n": 76,
      "speed": {
        "min": 5.766944835346038,
        "median": 6.153001197523009,
        "p95": 6.503017045225015,
        "max": 6.7025651994366156
      },
      "sat_fraction": 0.27631578947368424,
      "local_error_abs": {
        "min": 0.006919605506053651,
        "median": 0.285838997534124,
        "p95": 1.0086572282312771,
        "max": 1.5592040407885046
      },
      "steering_deg": {
        "min": -17.188734024679423,
        "median": 2.1886763190547347,
        "p95": 17.188734024679423,
        "max": 17.188734024679423
      },
      "heading_abs_deg": {
        "min": 0.19384540116585017,
        "median": 12.02605090369305,
        "p95": 27.86017261096928,
        "max": 29.505786106081892
      }
    }
  },
  "invalid_runs": [
    {
      "start": "18:02:10.764",
      "end": "18:02:11.165",
      "n": 5,
      "mode": 3
    },
    {
      "start": "18:02:41.066",
      "end": "18:02:44.865",
      "n": 39,
      "mode": 3
    }
  ]
}
