In file included from /usr/include/eigen3/Eigen/Core:214,
                 from /usr/include/eigen3/Eigen/Dense:1,
                 from /home/imac/ros2_ws/src/virtual_control/include/virtual_control/tracking_control.hpp:15,
                 from /home/imac/ros2_ws/followup_20261006/soft_cap12_trial/tracking_control_trial.cpp:1:
/usr/include/eigen3/Eigen/src/Core/arch/NEON/PacketMath.h: In function ‘Packet Eigen::internal::pload(const typename Eigen::internal::unpacket_traits<T>::type*) [with Packet = Eigen::internal::eigen_packet_wrapper<int, 2>; typename Eigen::internal::unpacket_traits<T>::type = signed char]’:
/usr/include/eigen3/Eigen/src/Core/arch/NEON/PacketMath.h:1671:9: warning: ‘void* memcpy(void*, const void*, size_t)’ copying an object of non-trivial type ‘Eigen::internal::Packet4c’ {aka ‘struct Eigen::internal::eigen_packet_wrapper<int, 2>’} from an array of ‘const int8_t’ {aka ‘const signed char’} [-Wclass-memaccess]
 1671 |   memcpy(&res, from, sizeof(Packet4c));
      |   ~~~~~~^~~~~~~~~~~~~~~~~~~~~~~~~~~~~~
In file included from /usr/include/eigen3/Eigen/Core:172,
                 from /usr/include/eigen3/Eigen/Dense:1,
                 from /home/imac/ros2_ws/src/virtual_control/include/virtual_control/tracking_control.hpp:15,
                 from /home/imac/ros2_ws/followup_20261006/soft_cap12_trial/tracking_control_trial.cpp:1:
/usr/include/eigen3/Eigen/src/Core/GenericPacketMath.h:159:8: note: ‘Eigen::internal::Packet4c’ {aka ‘struct Eigen::internal::eigen_packet_wrapper<int, 2>’} declared here
  159 | struct eigen_packet_wrapper
      |        ^~~~~~~~~~~~~~~~~~~~
In file included from /usr/include/eigen3/Eigen/Core:214,
                 from /usr/include/eigen3/Eigen/Dense:1,
                 from /home/imac/ros2_ws/src/virtual_control/include/virtual_control/tracking_control.hpp:15,
                 from /home/imac/ros2_ws/followup_20261006/soft_cap12_trial/tracking_control_trial.cpp:1:
/usr/include/eigen3/Eigen/src/Core/arch/NEON/PacketMath.h: In function ‘Packet Eigen::internal::ploadu(const typename Eigen::internal::unpacket_traits<T>::type*) [with Packet = Eigen::internal::eigen_packet_wrapper<int, 2>; typename Eigen::internal::unpacket_traits<T>::type = signed char]’:
/usr/include/eigen3/Eigen/src/Core/arch/NEON/PacketMath.h:1716:9: warning: ‘void* memcpy(void*, const void*, size_t)’ copying an object of non-trivial type ‘Eigen::internal::Packet4c’ {aka ‘struct Eigen::internal::eigen_packet_wrapper<int, 2>’} from an array of ‘const int8_t’ {aka ‘const signed char’} [-Wclass-memaccess]
 1716 |   memcpy(&res, from, sizeof(Packet4c));
      |   ~~~~~~^~~~~~~~~~~~~~~~~~~~~~~~~~~~~~
In file included from /usr/include/eigen3/Eigen/Core:172,
                 from /usr/include/eigen3/Eigen/Dense:1,
                 from /home/imac/ros2_ws/src/virtual_control/include/virtual_control/tracking_control.hpp:15,
                 from /home/imac/ros2_ws/followup_20261006/soft_cap12_trial/tracking_control_trial.cpp:1:
/usr/include/eigen3/Eigen/src/Core/GenericPacketMath.h:159:8: note: ‘Eigen::internal::Packet4c’ {aka ‘struct Eigen::internal::eigen_packet_wrapper<int, 2>’} declared here
  159 | struct eigen_packet_wrapper
      |        ^~~~~~~~~~~~~~~~~~~~
In file included from /usr/include/eigen3/Eigen/Core:214,
                 from /usr/include/eigen3/Eigen/Dense:1,
                 from /home/imac/ros2_ws/src/virtual_control/include/virtual_control/tracking_control.hpp:15,
                 from /home/imac/ros2_ws/followup_20261006/soft_cap12_trial/replay.cpp:3:
/usr/include/eigen3/Eigen/src/Core/arch/NEON/PacketMath.h: In function ‘Packet Eigen::internal::pload(const typename Eigen::internal::unpacket_traits<T>::type*) [with Packet = Eigen::internal::eigen_packet_wrapper<int, 2>; typename Eigen::internal::unpacket_traits<T>::type = signed char]’:
/usr/include/eigen3/Eigen/src/Core/arch/NEON/PacketMath.h:1671:9: warning: ‘void* memcpy(void*, const void*, size_t)’ copying an object of non-trivial type ‘Eigen::internal::Packet4c’ {aka ‘struct Eigen::internal::eigen_packet_wrapper<int, 2>’} from an array of ‘const int8_t’ {aka ‘const signed char’} [-Wclass-memaccess]
 1671 |   memcpy(&res, from, sizeof(Packet4c));
      |   ~~~~~~^~~~~~~~~~~~~~~~~~~~~~~~~~~~~~
In file included from /usr/include/eigen3/Eigen/Core:172,
                 from /usr/include/eigen3/Eigen/Dense:1,
                 from /home/imac/ros2_ws/src/virtual_control/include/virtual_control/tracking_control.hpp:15,
                 from /home/imac/ros2_ws/followup_20261006/soft_cap12_trial/replay.cpp:3:
/usr/include/eigen3/Eigen/src/Core/GenericPacketMath.h:159:8: note: ‘Eigen::internal::Packet4c’ {aka ‘struct Eigen::internal::eigen_packet_wrapper<int, 2>’} declared here
  159 | struct eigen_packet_wrapper
      |        ^~~~~~~~~~~~~~~~~~~~
In file included from /usr/include/eigen3/Eigen/Core:214,
                 from /usr/include/eigen3/Eigen/Dense:1,
                 from /home/imac/ros2_ws/src/virtual_control/include/virtual_control/tracking_control.hpp:15,
                 from /home/imac/ros2_ws/followup_20261006/soft_cap12_trial/replay.cpp:3:
/usr/include/eigen3/Eigen/src/Core/arch/NEON/PacketMath.h: In function ‘Packet Eigen::internal::ploadu(const typename Eigen::internal::unpacket_traits<T>::type*) [with Packet = Eigen::internal::eigen_packet_wrapper<int, 2>; typename Eigen::internal::unpacket_traits<T>::type = signed char]’:
/usr/include/eigen3/Eigen/src/Core/arch/NEON/PacketMath.h:1716:9: warning: ‘void* memcpy(void*, const void*, size_t)’ copying an object of non-trivial type ‘Eigen::internal::Packet4c’ {aka ‘struct Eigen::internal::eigen_packet_wrapper<int, 2>’} from an array of ‘const int8_t’ {aka ‘const signed char’} [-Wclass-memaccess]
 1716 |   memcpy(&res, from, sizeof(Packet4c));
      |   ~~~~~~^~~~~~~~~~~~~~~~~~~~~~~~~~~~~~
In file included from /usr/include/eigen3/Eigen/Core:172,
                 from /usr/include/eigen3/Eigen/Dense:1,
                 from /home/imac/ros2_ws/src/virtual_control/include/virtual_control/tracking_control.hpp:15,
                 from /home/imac/ros2_ws/followup_20261006/soft_cap12_trial/replay.cpp:3:
/usr/include/eigen3/Eigen/src/Core/GenericPacketMath.h:159:8: note: ‘Eigen::internal::Packet4c’ {aka ‘struct Eigen::internal::eigen_packet_wrapper<int, 2>’} declared here
  159 | struct eigen_packet_wrapper
      |        ^~~~~~~~~~~~~~~~~~~~
