[INFO] [1791408367.885285299] [rosbag2_recorder]: Press SPACE for pausing/resuming
[INFO] [1791408367.891934429] [rosbag2_recorder]: Listening for topics...
[INFO] [1791408367.891937277] [rosbag2_recorder]: Event publisher thread: Starting
[INFO] [1791408367.895664143] [rosbag2_recorder]: Subscribed to topic '/rosout'
[INFO] [1791408367.900364574] [rosbag2_recorder]: Subscribed to topic '/parameter_events'
[INFO] [1791408367.900702088] [rosbag2_recorder]: Recording...
[INFO] [1791408368.009148749] [rosbag2_recorder]: Subscribed to topic '/bev/occupancy_grid'
[INFO] [1791408368.317335217] [rosbag2_recorder]: Subscribed to topic '/motive/vehicle/odom_map'
[INFO] [1791408368.426370824] [rosbag2_recorder]: Subscribed to topic '/planner/goal_reached'
[INFO] [1791408368.434900267] [rosbag2_recorder]: Subscribed to topic '/debug/lower_mpc_trace'
[INFO] [1791408368.444111780] [rosbag2_recorder]: Subscribed to topic '/debug/upper_branch_event'
[INFO] [1791408368.450898930] [rosbag2_recorder]: Subscribed to topic '/debug/upper_interval_info'
[INFO] [1791408368.455101938] [rosbag2_recorder]: Subscribed to topic '/debug/upper_interval_centering_state'
[INFO] [1791408368.460092778] [rosbag2_recorder]: Subscribed to topic '/debug/upper_miqp_trace'
[INFO] [1791408368.464610324] [rosbag2_recorder]: Subscribed to topic '/debug/upper_stage_timing'
[INFO] [1791408368.471413699] [rosbag2_recorder]: Subscribed to topic '/planner/lower_reference_path/with_arclength'
[INFO] [1791408369.604344469] [rosbag2_recorder]: Subscribed to topic '/controller/reset'
[INFO] [1791408369.609186344] [rosbag2_recorder]: Subscribed to topic '/knu_batch/status'
[INFO] [1791408369.613517580] [rosbag2_recorder]: Subscribed to topic '/navigation/global_path'
[INFO] [1791408369.617675883] [rosbag2_recorder]: Subscribed to topic '/knu_batch/active_route'
[INFO] [1791408427.916910343] [rosbag2_cpp]: Writing remaining messages from cache to the bag. It may take a while
[INFO] [1791408487.922641060] [rosbag2_cpp]: Writing remaining messages from cache to the bag. It may take a while
[INFO] [1791408547.931055984] [rosbag2_cpp]: Writing remaining messages from cache to the bag. It may take a while
[INFO] [1791408607.940025221] [rosbag2_cpp]: Writing remaining messages from cache to the bag. It may take a while
[INFO] [1791408667.942476296] [rosbag2_cpp]: Writing remaining messages from cache to the bag. It may take a while
[INFO] [1791408727.945024984] [rosbag2_cpp]: Writing remaining messages from cache to the bag. It may take a while
[INFO] [1791408787.945288992] [rosbag2_cpp]: Writing remaining messages from cache to the bag. It may take a while
[INFO] [1791408847.947525684] [rosbag2_cpp]: Writing remaining messages from cache to the bag. It may take a while
[INFO] [1791408907.947745354] [rosbag2_cpp]: Writing remaining messages from cache to the bag. It may take a while
[INFO] [1791408956.223762682] [rosbag2_cpp]: Writing remaining messages from cache to the bag. It may take a while
[INFO] [1791408956.232596070] [rosbag2_recorder]: Event publisher thread: Exiting
[INFO] [1791408956.233080597] [rosbag2_recorder]: Recording stopped
