[INFO] [1791408369.597440739] [knu_batch_runner]: 10 SIH routes; results: /home/imac/ros2_ws/drive_batches/20261008_062606_scenario3_5cea23/results/20261008_062609_273af99685
[INFO] [1791408371.955828903] [knu_batch_runner]: [1/10] scenario3
[INFO] [1791408374.855534983] [knu_batch_runner]: 273af99685:0:scenario3: mission cleared; awaiting path; revision=1
[INFO] [1791408409.757578421] [knu_batch_runner]: scenario3: completed 
[INFO] [1791408430.967009306] [knu_batch_runner]: [2/10] scenario3
[INFO] [1791408433.755266379] [knu_batch_runner]: 273af99685:1:scenario3: mission cleared; awaiting path; revision=3
[INFO] [1791408468.757548218] [knu_batch_runner]: scenario3: completed 
[INFO] [1791408489.662856345] [knu_batch_runner]: [3/10] scenario3
[INFO] [1791408492.455801549] [knu_batch_runner]: 273af99685:2:scenario3: mission cleared; awaiting path; revision=5
[INFO] [1791408527.163253468] [knu_batch_runner]: scenario3: completed 
[INFO] [1791408547.661775983] [knu_batch_runner]: [4/10] scenario3
[INFO] [1791408550.459487881] [knu_batch_runner]: 273af99685:3:scenario3: mission cleared; awaiting path; revision=7
[INFO] [1791408584.663898543] [knu_batch_runner]: scenario3: completed 
[INFO] [1791408605.399929426] [knu_batch_runner]: [5/10] scenario3
[INFO] [1791408608.258276310] [knu_batch_runner]: 273af99685:4:scenario3: mission cleared; awaiting path; revision=9
[INFO] [1791408642.759150819] [knu_batch_runner]: scenario3: off_route 
[INFO] [1791408663.764351903] [knu_batch_runner]: [6/10] scenario3
[INFO] [1791408666.556288214] [knu_batch_runner]: 273af99685:5:scenario3: mission cleared; awaiting path; revision=11
[INFO] [1791408700.164247525] [knu_batch_runner]: scenario3: completed 
[INFO] [1791408721.063347626] [knu_batch_runner]: [7/10] scenario3
[INFO] [1791408723.956839819] [knu_batch_runner]: 273af99685:6:scenario3: mission cleared; awaiting path; revision=13
[INFO] [1791408759.663895645] [knu_batch_runner]: scenario3: completed 
[INFO] [1791408779.963367024] [knu_batch_runner]: [8/10] scenario3
[INFO] [1791408782.857002478] [knu_batch_runner]: 273af99685:7:scenario3: mission cleared; awaiting path; revision=15
[INFO] [1791408817.166026264] [knu_batch_runner]: scenario3: completed 
[INFO] [1791408837.563536963] [knu_batch_runner]: [9/10] scenario3
[INFO] [1791408840.459333372] [knu_batch_runner]: 273af99685:8:scenario3: mission cleared; awaiting path; revision=17
[INFO] [1791408875.365494378] [knu_batch_runner]: scenario3: completed 
[INFO] [1791408896.165392023] [knu_batch_runner]: [10/10] scenario3
[INFO] [1791408898.956744803] [knu_batch_runner]: 273af99685:9:scenario3: mission cleared; awaiting path; revision=19
[INFO] [1791408933.262669188] [knu_batch_runner]: scenario3: completed 
[INFO] [1791408954.069462557] [knu_batch_runner]: Batch finished; results: /home/imac/ros2_ws/drive_batches/20261008_062606_scenario3_5cea23/results/20261008_062609_273af99685/summary.csv
