In file included from /usr/include/eigen3/Eigen/Core:214,
                 from /usr/include/eigen3/Eigen/Dense:1,
                 from /home/imac/ros2_ws/src/virtual_control/include/virtual_control/tracking_control.hpp:15,
                 from /home/imac/ros2_ws/followup_20261006/near_consistency/tracking_control_experiment.cpp:2:
/usr/include/eigen3/Eigen/src/Core/arch/NEON/PacketMath.h: In function ‘Packet Eigen::internal::pload(const typename Eigen::internal::unpacket_traits<T>::type*) [with Packet = Eigen::internal::eigen_packet_wrapper<int, 2>; typename Eigen::internal::unpacket_traits<T>::type = signed char]’:
/usr/include/eigen3/Eigen/src/Core/arch/NEON/PacketMath.h:1671:9: warning: ‘void* memcpy(void*, const void*, size_t)’ copying an object of non-trivial type ‘Eigen::internal::Packet4c’ {aka ‘struct Eigen::internal::eigen_packet_wrapper<int, 2>’} from an array of ‘const int8_t’ {aka ‘const signed char’} [-Wclass-memaccess]
 1671 |   memcpy(&res, from, sizeof(Packet4c));
      |   ~~~~~~^~~~~~~~~~~~~~~~~~~~~~~~~~~~~~
In file included from /usr/include/eigen3/Eigen/Core:172,
                 from /usr/include/eigen3/Eigen/Dense:1,
                 from /home/imac/ros2_ws/src/virtual_control/include/virtual_control/tracking_control.hpp:15,
                 from /home/imac/ros2_ws/followup_20261006/near_consistency/tracking_control_experiment.cpp:2:
/usr/include/eigen3/Eigen/src/Core/GenericPacketMath.h:159:8: note: ‘Eigen::internal::Packet4c’ {aka ‘struct Eigen::internal::eigen_packet_wrapper<int, 2>’} declared here
  159 | struct eigen_packet_wrapper
      |        ^~~~~~~~~~~~~~~~~~~~
In file included from /usr/include/eigen3/Eigen/Core:214,
                 from /usr/include/eigen3/Eigen/Dense:1,
                 from /home/imac/ros2_ws/src/virtual_control/include/virtual_control/tracking_control.hpp:15,
                 from /home/imac/ros2_ws/followup_20261006/near_consistency/tracking_control_experiment.cpp:2:
/usr/include/eigen3/Eigen/src/Core/arch/NEON/PacketMath.h: In function ‘Packet Eigen::internal::ploadu(const typename Eigen::internal::unpacket_traits<T>::type*) [with Packet = Eigen::internal::eigen_packet_wrapper<int, 2>; typename Eigen::internal::unpacket_traits<T>::type = signed char]’:
/usr/include/eigen3/Eigen/src/Core/arch/NEON/PacketMath.h:1716:9: warning: ‘void* memcpy(void*, const void*, size_t)’ copying an object of non-trivial type ‘Eigen::internal::Packet4c’ {aka ‘struct Eigen::internal::eigen_packet_wrapper<int, 2>’} from an array of ‘const int8_t’ {aka ‘const signed char’} [-Wclass-memaccess]
 1716 |   memcpy(&res, from, sizeof(Packet4c));
      |   ~~~~~~^~~~~~~~~~~~~~~~~~~~~~~~~~~~~~
In file included from /usr/include/eigen3/Eigen/Core:172,
                 from /usr/include/eigen3/Eigen/Dense:1,
                 from /home/imac/ros2_ws/src/virtual_control/include/virtual_control/tracking_control.hpp:15,
                 from /home/imac/ros2_ws/followup_20261006/near_consistency/tracking_control_experiment.cpp:2:
/usr/include/eigen3/Eigen/src/Core/GenericPacketMath.h:159:8: note: ‘Eigen::internal::Packet4c’ {aka ‘struct Eigen::internal::eigen_packet_wrapper<int, 2>’} declared here
  159 | struct eigen_packet_wrapper
      |        ^~~~~~~~~~~~~~~~~~~~
In file included from /usr/include/eigen3/Eigen/Core:214,
                 from /usr/include/eigen3/Eigen/Dense:1,
                 from /home/imac/ros2_ws/src/virtual_control/include/virtual_control/tracking_control.hpp:15,
                 from /home/imac/ros2_ws/followup_20261006/near_consistency/replay.cpp:3:
/usr/include/eigen3/Eigen/src/Core/arch/NEON/PacketMath.h: In function ‘Packet Eigen::internal::pload(const typename Eigen::internal::unpacket_traits<T>::type*) [with Packet = Eigen::internal::eigen_packet_wrapper<int, 2>; typename Eigen::internal::unpacket_traits<T>::type = signed char]’:
/usr/include/eigen3/Eigen/src/Core/arch/NEON/PacketMath.h:1671:9: warning: ‘void* memcpy(void*, const void*, size_t)’ copying an object of non-trivial type ‘Eigen::internal::Packet4c’ {aka ‘struct Eigen::internal::eigen_packet_wrapper<int, 2>’} from an array of ‘const int8_t’ {aka ‘const signed char’} [-Wclass-memaccess]
 1671 |   memcpy(&res, from, sizeof(Packet4c));
      |   ~~~~~~^~~~~~~~~~~~~~~~~~~~~~~~~~~~~~
In file included from /usr/include/eigen3/Eigen/Core:172,
                 from /usr/include/eigen3/Eigen/Dense:1,
                 from /home/imac/ros2_ws/src/virtual_control/include/virtual_control/tracking_control.hpp:15,
                 from /home/imac/ros2_ws/followup_20261006/near_consistency/replay.cpp:3:
/usr/include/eigen3/Eigen/src/Core/GenericPacketMath.h:159:8: note: ‘Eigen::internal::Packet4c’ {aka ‘struct Eigen::internal::eigen_packet_wrapper<int, 2>’} declared here
  159 | struct eigen_packet_wrapper
      |        ^~~~~~~~~~~~~~~~~~~~
In file included from /usr/include/eigen3/Eigen/Core:214,
                 from /usr/include/eigen3/Eigen/Dense:1,
                 from /home/imac/ros2_ws/src/virtual_control/include/virtual_control/tracking_control.hpp:15,
                 from /home/imac/ros2_ws/followup_20261006/near_consistency/replay.cpp:3:
/usr/include/eigen3/Eigen/src/Core/arch/NEON/PacketMath.h: In function ‘Packet Eigen::internal::ploadu(const typename Eigen::internal::unpacket_traits<T>::type*) [with Packet = Eigen::internal::eigen_packet_wrapper<int, 2>; typename Eigen::internal::unpacket_traits<T>::type = signed char]’:
/usr/include/eigen3/Eigen/src/Core/arch/NEON/PacketMath.h:1716:9: warning: ‘void* memcpy(void*, const void*, size_t)’ copying an object of non-trivial type ‘Eigen::internal::Packet4c’ {aka ‘struct Eigen::internal::eigen_packet_wrapper<int, 2>’} from an array of ‘const int8_t’ {aka ‘const signed char’} [-Wclass-memaccess]
 1716 |   memcpy(&res, from, sizeof(Packet4c));
      |   ~~~~~~^~~~~~~~~~~~~~~~~~~~~~~~~~~~~~
In file included from /usr/include/eigen3/Eigen/Core:172,
                 from /usr/include/eigen3/Eigen/Dense:1,
                 from /home/imac/ros2_ws/src/virtual_control/include/virtual_control/tracking_control.hpp:15,
                 from /home/imac/ros2_ws/followup_20261006/near_consistency/replay.cpp:3:
/usr/include/eigen3/Eigen/src/Core/GenericPacketMath.h:159:8: note: ‘Eigen::internal::Packet4c’ {aka ‘struct Eigen::internal::eigen_packet_wrapper<int, 2>’} declared here
  159 | struct eigen_packet_wrapper
      |        ^~~~~~~~~~~~~~~~~~~~
In file included from /usr/include/eigen3/Eigen/Core:214,
                 from /usr/include/eigen3/Eigen/Dense:1,
                 from /home/imac/ros2_ws/src/virtual_control/src/lower_tracking_mpc_node.cpp:1,
                 from /home/imac/ros2_ws/followup_20261006/near_consistency/sim.cpp:4:
/usr/include/eigen3/Eigen/src/Core/arch/NEON/PacketMath.h: In function ‘Packet Eigen::internal::pload(const typename Eigen::internal::unpacket_traits<T>::type*) [with Packet = Eigen::internal::eigen_packet_wrapper<int, 2>; typename Eigen::internal::unpacket_traits<T>::type = signed char]’:
/usr/include/eigen3/Eigen/src/Core/arch/NEON/PacketMath.h:1671:9: warning: ‘void* memcpy(void*, const void*, size_t)’ copying an object of non-trivial type ‘Eigen::internal::Packet4c’ {aka ‘struct Eigen::internal::eigen_packet_wrapper<int, 2>’} from an array of ‘const int8_t’ {aka ‘const signed char’} [-Wclass-memaccess]
 1671 |   memcpy(&res, from, sizeof(Packet4c));
      |   ~~~~~~^~~~~~~~~~~~~~~~~~~~~~~~~~~~~~
In file included from /usr/include/eigen3/Eigen/Core:172,
                 from /usr/include/eigen3/Eigen/Dense:1,
                 from /home/imac/ros2_ws/src/virtual_control/src/lower_tracking_mpc_node.cpp:1,
                 from /home/imac/ros2_ws/followup_20261006/near_consistency/sim.cpp:4:
/usr/include/eigen3/Eigen/src/Core/GenericPacketMath.h:159:8: note: ‘Eigen::internal::Packet4c’ {aka ‘struct Eigen::internal::eigen_packet_wrapper<int, 2>’} declared here
  159 | struct eigen_packet_wrapper
      |        ^~~~~~~~~~~~~~~~~~~~
In file included from /usr/include/eigen3/Eigen/Core:214,
                 from /usr/include/eigen3/Eigen/Dense:1,
                 from /home/imac/ros2_ws/src/virtual_control/src/lower_tracking_mpc_node.cpp:1,
                 from /home/imac/ros2_ws/followup_20261006/near_consistency/sim.cpp:4:
/usr/include/eigen3/Eigen/src/Core/arch/NEON/PacketMath.h: In function ‘Packet Eigen::internal::ploadu(const typename Eigen::internal::unpacket_traits<T>::type*) [with Packet = Eigen::internal::eigen_packet_wrapper<int, 2>; typename Eigen::internal::unpacket_traits<T>::type = signed char]’:
/usr/include/eigen3/Eigen/src/Core/arch/NEON/PacketMath.h:1716:9: warning: ‘void* memcpy(void*, const void*, size_t)’ copying an object of non-trivial type ‘Eigen::internal::Packet4c’ {aka ‘struct Eigen::internal::eigen_packet_wrapper<int, 2>’} from an array of ‘const int8_t’ {aka ‘const signed char’} [-Wclass-memaccess]
 1716 |   memcpy(&res, from, sizeof(Packet4c));
      |   ~~~~~~^~~~~~~~~~~~~~~~~~~~~~~~~~~~~~
In file included from /usr/include/eigen3/Eigen/Core:172,
                 from /usr/include/eigen3/Eigen/Dense:1,
                 from /home/imac/ros2_ws/src/virtual_control/src/lower_tracking_mpc_node.cpp:1,
                 from /home/imac/ros2_ws/followup_20261006/near_consistency/sim.cpp:4:
/usr/include/eigen3/Eigen/src/Core/GenericPacketMath.h:159:8: note: ‘Eigen::internal::Packet4c’ {aka ‘struct Eigen::internal::eigen_packet_wrapper<int, 2>’} declared here
  159 | struct eigen_packet_wrapper
      |        ^~~~~~~~~~~~~~~~~~~~
In file included from /opt/ros/humble/include/mavlink/v2.0/common/../protocol.h:4,
                 from /opt/ros/humble/include/mavlink/v2.0/common/common.h:29,
                 from /opt/ros/humble/include/mavlink/v2.0/common/mavlink.h:32,
                 from /home/imac/ros2_ws/src/virtual_control/src/lower_tracking_mpc_node.cpp:44,
                 from /home/imac/ros2_ws/followup_20261006/near_consistency/sim.cpp:4:
/opt/ros/humble/include/mavlink/v2.0/common/../mavlink_types.h: At global scope:
/opt/ros/humble/include/mavlink/v2.0/common/../mavlink_types.h:78:12: warning: ISO C++ prohibits anonymous structs [-Wpedantic]
   78 |     struct {
      |            ^
/opt/ros/humble/include/mavlink/v2.0/common/../mavlink_types.h:17:40: note: in definition of macro ‘MAVPACKED’
   17 |   #define MAVPACKED( __Declaration__ ) __Declaration__ __attribute__((packed))
      |                                        ^~~~~~~~~~~~~~~
In file included from /opt/ros/humble/include/mavlink/v2.0/common/common.h:2963,
                 from /opt/ros/humble/include/mavlink/v2.0/common/mavlink.h:32,
                 from /home/imac/ros2_ws/src/virtual_control/src/lower_tracking_mpc_node.cpp:44,
                 from /home/imac/ros2_ws/followup_20261006/near_consistency/sim.cpp:4:
/opt/ros/humble/include/mavlink/v2.0/common/./mavlink_msg_set_attitude_target.h: In function ‘uint16_t mavlink_msg_set_attitude_target_encode(uint8_t, uint8_t, mavlink_message_t*, const mavlink_set_attitude_target_t*)’:
/opt/ros/humble/include/mavlink/v2.0/common/./mavlink_msg_set_attitude_target.h:241:242: warning: taking address of packed member of ‘__mavlink_set_attitude_target_t’ may result in an unaligned pointer value [-Waddress-of-packed-member]
  241 |     return mavlink_msg_set_attitude_target_pack(system_id, component_id, msg, set_attitude_target->time_boot_ms, set_attitude_target->target_system, set_attitude_target->target_component, set_attitude_target->type_mask, set_attitude_target->q, set_attitude_target->body_roll_rate, set_attitude_target->body_pitch_rate, set_attitude_target->body_yaw_rate, set_attitude_target->thrust, set_attitude_target->thrust_body);
      |                                                                                                                                                                                                                             ~~~~~~~~~~~~~~~~~~~~~^
In file included from /opt/ros/humble/include/mavlink/v2.0/common/common.h:2963,
                 from /opt/ros/humble/include/mavlink/v2.0/common/mavlink.h:32,
                 from /home/imac/ros2_ws/src/virtual_control/src/lower_tracking_mpc_node.cpp:44,
                 from /home/imac/ros2_ws/followup_20261006/near_consistency/sim.cpp:4:
/opt/ros/humble/include/mavlink/v2.0/common/./mavlink_msg_set_attitude_target.h:241:406: warning: taking address of packed member of ‘__mavlink_set_attitude_target_t’ may result in an unaligned pointer value [-Waddress-of-packed-member]
  241 |     return mavlink_msg_set_attitude_target_pack(system_id, component_id, msg, set_attitude_target->time_boot_ms, set_attitude_target->target_system, set_attitude_target->target_component, set_attitude_target->type_mask, set_attitude_target->q, set_attitude_target->body_roll_rate, set_attitude_target->body_pitch_rate, set_attitude_target->body_yaw_rate, set_attitude_target->thrust, set_attitude_target->thrust_body);
      |                                                                                                                                                                                                                                                                                                                                                                                                 ~~~~~~~~~~~~~~~~~~~~~^~~~~~~~~~~
/opt/ros/humble/include/mavlink/v2.0/common/./mavlink_msg_set_attitude_target.h: In function ‘uint16_t mavlink_msg_set_attitude_target_encode_chan(uint8_t, uint8_t, uint8_t, mavlink_message_t*, const mavlink_set_attitude_target_t*)’:
/opt/ros/humble/include/mavlink/v2.0/common/./mavlink_msg_set_attitude_target.h:255:253: warning: taking address of packed member of ‘__mavlink_set_attitude_target_t’ may result in an unaligned pointer value [-Waddress-of-packed-member]
  255 |     return mavlink_msg_set_attitude_target_pack_chan(system_id, component_id, chan, msg, set_attitude_target->time_boot_ms, set_attitude_target->target_system, set_attitude_target->target_component, set_attitude_target->type_mask, set_attitude_target->q, set_attitude_target->body_roll_rate, set_attitude_target->body_pitch_rate, set_attitude_target->body_yaw_rate, set_attitude_target->thrust, set_attitude_target->thrust_body);
      |                                                                                                                                                                                                                                        ~~~~~~~~~~~~~~~~~~~~~^
/opt/ros/humble/include/mavlink/v2.0/common/./mavlink_msg_set_attitude_target.h:255:417: warning: taking address of packed member of ‘__mavlink_set_attitude_target_t’ may result in an unaligned pointer value [-Waddress-of-packed-member]
  255 |     return mavlink_msg_set_attitude_target_pack_chan(system_id, component_id, chan, msg, set_attitude_target->time_boot_ms, set_attitude_target->target_system, set_attitude_target->target_component, set_attitude_target->type_mask, set_attitude_target->q, set_attitude_target->body_roll_rate, set_attitude_target->body_pitch_rate, set_attitude_target->body_yaw_rate, set_attitude_target->thrust, set_attitude_target->thrust_body);
      |                                                                                                                                                                                                                                                                                                                                                                                                            ~~~~~~~~~~~~~~~~~~~~~^~~~~~~~~~~
/opt/ros/humble/include/mavlink/v2.0/common/./mavlink_msg_set_attitude_target.h: In function ‘uint16_t mavlink_msg_set_attitude_target_encode_status(uint8_t, uint8_t, mavlink_status_t*, mavlink_message_t*, const mavlink_set_attitude_target_t*)’:
/opt/ros/humble/include/mavlink/v2.0/common/./mavlink_msg_set_attitude_target.h:269:259: warning: taking address of packed member of ‘__mavlink_set_attitude_target_t’ may result in an unaligned pointer value [-Waddress-of-packed-member]
  269 |     return mavlink_msg_set_attitude_target_pack_status(system_id, component_id, _status, msg,  set_attitude_target->time_boot_ms, set_attitude_target->target_system, set_attitude_target->target_component, set_attitude_target->type_mask, set_attitude_target->q, set_attitude_target->body_roll_rate, set_attitude_target->body_pitch_rate, set_attitude_target->body_yaw_rate, set_attitude_target->thrust, set_attitude_target->thrust_body);
      |                                                                                                                                                                                                                                              ~~~~~~~~~~~~~~~~~~~~~^
/opt/ros/humble/include/mavlink/v2.0/common/./mavlink_msg_set_attitude_target.h:269:423: warning: taking address of packed member of ‘__mavlink_set_attitude_target_t’ may result in an unaligned pointer value [-Waddress-of-packed-member]
  269 |     return mavlink_msg_set_attitude_target_pack_status(system_id, component_id, _status, msg,  set_attitude_target->time_boot_ms, set_attitude_target->target_system, set_attitude_target->target_component, set_attitude_target->type_mask, set_attitude_target->q, set_attitude_target->body_roll_rate, set_attitude_target->body_pitch_rate, set_attitude_target->body_yaw_rate, set_attitude_target->thrust, set_attitude_target->thrust_body);
      |                                                                                                                                                                                                                                                                                                                                                                                                                  ~~~~~~~~~~~~~~~~~~~~~^~~~~~~~~~~
In file included from /opt/ros/humble/include/mavlink/v2.0/common/common.h:3006,
                 from /opt/ros/humble/include/mavlink/v2.0/common/mavlink.h:32,
                 from /home/imac/ros2_ws/src/virtual_control/src/lower_tracking_mpc_node.cpp:44,
                 from /home/imac/ros2_ws/followup_20261006/near_consistency/sim.cpp:4:
/opt/ros/humble/include/mavlink/v2.0/common/./mavlink_msg_distance_sensor.h: In function ‘uint16_t mavlink_msg_distance_sensor_encode(uint8_t, uint8_t, mavlink_message_t*, const mavlink_distance_sensor_t*)’:
/opt/ros/humble/include/mavlink/v2.0/common/./mavlink_msg_distance_sensor.h:264:387: warning: taking address of packed member of ‘__mavlink_distance_sensor_t’ may result in an unaligned pointer value [-Waddress-of-packed-member]
  264 |     return mavlink_msg_distance_sensor_pack(system_id, component_id, msg, distance_sensor->time_boot_ms, distance_sensor->min_distance, distance_sensor->max_distance, distance_sensor->current_distance, distance_sensor->type, distance_sensor->id, distance_sensor->orientation, distance_sensor->covariance, distance_sensor->horizontal_fov, distance_sensor->vertical_fov, distance_sensor->quaternion, distance_sensor->signal_quality);
      |                                                                                                                                                                                                                                                                                                                                                                                  ~~~~~~~~~~~~~~~~~^~~~~~~~~~
/opt/ros/humble/include/mavlink/v2.0/common/./mavlink_msg_distance_sensor.h: In function ‘uint16_t mavlink_msg_distance_sensor_encode_chan(uint8_t, uint8_t, uint8_t, mavlink_message_t*, const mavlink_distance_sensor_t*)’:
/opt/ros/humble/include/mavlink/v2.0/common/./mavlink_msg_distance_sensor.h:278:398: warning: taking address of packed member of ‘__mavlink_distance_sensor_t’ may result in an unaligned pointer value [-Waddress-of-packed-member]
  278 |     return mavlink_msg_distance_sensor_pack_chan(system_id, component_id, chan, msg, distance_sensor->time_boot_ms, distance_sensor->min_distance, distance_sensor->max_distance, distance_sensor->current_distance, distance_sensor->type, distance_sensor->id, distance_sensor->orientation, distance_sensor->covariance, distance_sensor->horizontal_fov, distance_sensor->vertical_fov, distance_sensor->quaternion, distance_sensor->signal_quality);
      |                                                                                                                                                                                                                                                                                                                                                                                             ~~~~~~~~~~~~~~~~~^~~~~~~~~~
/opt/ros/humble/include/mavlink/v2.0/common/./mavlink_msg_distance_sensor.h: In function ‘uint16_t mavlink_msg_distance_sensor_encode_status(uint8_t, uint8_t, mavlink_status_t*, mavlink_message_t*, const mavlink_distance_sensor_t*)’:
/opt/ros/humble/include/mavlink/v2.0/common/./mavlink_msg_distance_sensor.h:292:404: warning: taking address of packed member of ‘__mavlink_distance_sensor_t’ may result in an unaligned pointer value [-Waddress-of-packed-member]
  292 |     return mavlink_msg_distance_sensor_pack_status(system_id, component_id, _status, msg,  distance_sensor->time_boot_ms, distance_sensor->min_distance, distance_sensor->max_distance, distance_sensor->current_distance, distance_sensor->type, distance_sensor->id, distance_sensor->orientation, distance_sensor->covariance, distance_sensor->horizontal_fov, distance_sensor->vertical_fov, distance_sensor->quaternion, distance_sensor->signal_quality);
      |                                                                                                                                                                                                                                                                                                                                                                                                   ~~~~~~~~~~~~~~~~~^~~~~~~~~~
In file included from /opt/ros/humble/include/mavlink/v2.0/common/common.h:3020,
                 from /opt/ros/humble/include/mavlink/v2.0/common/mavlink.h:32,
                 from /home/imac/ros2_ws/src/virtual_control/src/lower_tracking_mpc_node.cpp:44,
                 from /home/imac/ros2_ws/followup_20261006/near_consistency/sim.cpp:4:
/opt/ros/humble/include/mavlink/v2.0/common/./mavlink_msg_battery_status.h: In function ‘uint16_t mavlink_msg_battery_status_encode(uint8_t, uint8_t, mavlink_message_t*, const mavlink_battery_status_t*)’:
/opt/ros/humble/include/mavlink/v2.0/common/./mavlink_msg_battery_status.h:289:195: warning: taking address of packed member of ‘__mavlink_battery_status_t’ may result in an unaligned pointer value [-Waddress-of-packed-member]
  289 |     return mavlink_msg_battery_status_pack(system_id, component_id, msg, battery_status->id, battery_status->battery_function, battery_status->type, battery_status->temperature, battery_status->voltages, battery_status->current_battery, battery_status->current_consumed, battery_status->energy_consumed, battery_status->battery_remaining, battery_status->time_remaining, battery_status->charge_state, battery_status->voltages_ext, battery_status->mode, battery_status->fault_bitmask);
      |                                                                                                                                                                                   ~~~~~~~~~~~~~~~~^~~~~~~~
/opt/ros/humble/include/mavlink/v2.0/common/./mavlink_msg_battery_status.h:289:418: warning: taking address of packed member of ‘__mavlink_battery_status_t’ may result in an unaligned pointer value [-Waddress-of-packed-member]
  289 |     return mavlink_msg_battery_status_pack(system_id, component_id, msg, battery_status->id, battery_status->battery_function, battery_status->type, battery_status->temperature, battery_status->voltages, battery_status->current_battery, battery_status->current_consumed, battery_status->energy_consumed, battery_status->battery_remaining, battery_status->time_remaining, battery_status->charge_state, battery_status->voltages_ext, battery_status->mode, battery_status->fault_bitmask);
      |                                                                                                                                                                                                                                                                                                                                                                                                                  ~~~~~~~~~~~~~~~~^~~~~~~~~~~~
/opt/ros/humble/include/mavlink/v2.0/common/./mavlink_msg_battery_status.h: In function ‘uint16_t mavlink_msg_battery_status_encode_chan(uint8_t, uint8_t, uint8_t, mavlink_message_t*, const mavlink_battery_status_t*)’:
/opt/ros/humble/include/mavlink/v2.0/common/./mavlink_msg_battery_status.h:303:206: warning: taking address of packed member of ‘__mavlink_battery_status_t’ may result in an unaligned pointer value [-Waddress-of-packed-member]
  303 |     return mavlink_msg_battery_status_pack_chan(system_id, component_id, chan, msg, battery_status->id, battery_status->battery_function, battery_status->type, battery_status->temperature, battery_status->voltages, battery_status->current_battery, battery_status->current_consumed, battery_status->energy_consumed, battery_status->battery_remaining, battery_status->time_remaining, battery_status->charge_state, battery_status->voltages_ext, battery_status->mode, battery_status->fault_bitmask);
      |                                                                                                                                                                                              ~~~~~~~~~~~~~~~~^~~~~~~~
/opt/ros/humble/include/mavlink/v2.0/common/./mavlink_msg_battery_status.h:303:429: warning: taking address of packed member of ‘__mavlink_battery_status_t’ may result in an unaligned pointer value [-Waddress-of-packed-member]
  303 |     return mavlink_msg_battery_status_pack_chan(system_id, component_id, chan, msg, battery_status->id, battery_status->battery_function, battery_status->type, battery_status->temperature, battery_status->voltages, battery_status->current_battery, battery_status->current_consumed, battery_status->energy_consumed, battery_status->battery_remaining, battery_status->time_remaining, battery_status->charge_state, battery_status->voltages_ext, battery_status->mode, battery_status->fault_bitmask);
      |                                                                                                                                                                                                                                                                                                                                                                                                                             ~~~~~~~~~~~~~~~~^~~~~~~~~~~~
/opt/ros/humble/include/mavlink/v2.0/common/./mavlink_msg_battery_status.h: In function ‘uint16_t mavlink_msg_battery_status_encode_status(uint8_t, uint8_t, mavlink_status_t*, mavlink_message_t*, const mavlink_battery_status_t*)’:
/opt/ros/humble/include/mavlink/v2.0/common/./mavlink_msg_battery_status.h:317:212: warning: taking address of packed member of ‘__mavlink_battery_status_t’ may result in an unaligned pointer value [-Waddress-of-packed-member]
  317 |     return mavlink_msg_battery_status_pack_status(system_id, component_id, _status, msg,  battery_status->id, battery_status->battery_function, battery_status->type, battery_status->temperature, battery_status->voltages, battery_status->current_battery, battery_status->current_consumed, battery_status->energy_consumed, battery_status->battery_remaining, battery_status->time_remaining, battery_status->charge_state, battery_status->voltages_ext, battery_status->mode, battery_status->fault_bitmask);
      |                                                                                                                                                                                                    ~~~~~~~~~~~~~~~~^~~~~~~~
/opt/ros/humble/include/mavlink/v2.0/common/./mavlink_msg_battery_status.h:317:435: warning: taking address of packed member of ‘__mavlink_battery_status_t’ may result in an unaligned pointer value [-Waddress-of-packed-member]
  317 |     return mavlink_msg_battery_status_pack_status(system_id, component_id, _status, msg,  battery_status->id, battery_status->battery_function, battery_status->type, battery_status->temperature, battery_status->voltages, battery_status->current_battery, battery_status->current_consumed, battery_status->energy_consumed, battery_status->battery_remaining, battery_status->time_remaining, battery_status->charge_state, battery_status->voltages_ext, battery_status->mode, battery_status->fault_bitmask);
      |                                                                                                                                                                                                                                                                                                                                                                                                                                   ~~~~~~~~~~~~~~~~^~~~~~~~~~~~
In file included from /opt/ros/humble/include/mavlink/v2.0/common/common.h:3021,
                 from /opt/ros/humble/include/mavlink/v2.0/common/mavlink.h:32,
                 from /home/imac/ros2_ws/src/virtual_control/src/lower_tracking_mpc_node.cpp:44,
                 from /home/imac/ros2_ws/followup_20261006/near_consistency/sim.cpp:4:
/opt/ros/humble/include/mavlink/v2.0/common/./mavlink_msg_landing_target.h: In function ‘uint16_t mavlink_msg_landing_target_encode(uint8_t, uint8_t, mavlink_message_t*, const mavlink_landing_target_t*)’:
/opt/ros/humble/include/mavlink/v2.0/common/./mavlink_msg_landing_target.h:288:349: warning: taking address of packed member of ‘__mavlink_landing_target_t’ may result in an unaligned pointer value [-Waddress-of-packed-member]
  288 |     return mavlink_msg_landing_target_pack(system_id, component_id, msg, landing_target->time_usec, landing_target->target_num, landing_target->frame, landing_target->angle_x, landing_target->angle_y, landing_target->distance, landing_target->size_x, landing_target->size_y, landing_target->x, landing_target->y, landing_target->z, landing_target->q, landing_target->type, landing_target->position_valid);
      |                                                                                                                                                                                                                                                                                                                                             ~~~~~~~~~~~~~~~~^
/opt/ros/humble/include/mavlink/v2.0/common/./mavlink_msg_landing_target.h: In function ‘uint16_t mavlink_msg_landing_target_encode_chan(uint8_t, uint8_t, uint8_t, mavlink_message_t*, const mavlink_landing_target_t*)’:
/opt/ros/humble/include/mavlink/v2.0/common/./mavlink_msg_landing_target.h:302:360: warning: taking address of packed member of ‘__mavlink_landing_target_t’ may result in an unaligned pointer value [-Waddress-of-packed-member]
  302 |     return mavlink_msg_landing_target_pack_chan(system_id, component_id, chan, msg, landing_target->time_usec, landing_target->target_num, landing_target->frame, landing_target->angle_x, landing_target->angle_y, landing_target->distance, landing_target->size_x, landing_target->size_y, landing_target->x, landing_target->y, landing_target->z, landing_target->q, landing_target->type, landing_target->position_valid);
      |                                                                                                                                                                                                                                                                                                                                                        ~~~~~~~~~~~~~~~~^
/opt/ros/humble/include/mavlink/v2.0/common/./mavlink_msg_landing_target.h: In function ‘uint16_t mavlink_msg_landing_target_encode_status(uint8_t, uint8_t, mavlink_status_t*, mavlink_message_t*, const mavlink_landing_target_t*)’:
/opt/ros/humble/include/mavlink/v2.0/common/./mavlink_msg_landing_target.h:316:366: warning: taking address of packed member of ‘__mavlink_landing_target_t’ may result in an unaligned pointer value [-Waddress-of-packed-member]
  316 |     return mavlink_msg_landing_target_pack_status(system_id, component_id, _status, msg,  landing_target->time_usec, landing_target->target_num, landing_target->frame, landing_target->angle_x, landing_target->angle_y, landing_target->distance, landing_target->size_x, landing_target->size_y, landing_target->x, landing_target->y, landing_target->z, landing_target->q, landing_target->type, landing_target->position_valid);
      |                                                                                                                                                                                                                                                                                                                                                              ~~~~~~~~~~~~~~~~^
In file included from /opt/ros/humble/include/mavlink/v2.0/common/common.h:3032,
                 from /opt/ros/humble/include/mavlink/v2.0/common/mavlink.h:32,
                 from /home/imac/ros2_ws/src/virtual_control/src/lower_tracking_mpc_node.cpp:44,
                 from /home/imac/ros2_ws/followup_20261006/near_consistency/sim.cpp:4:
/opt/ros/humble/include/mavlink/v2.0/common/./mavlink_msg_home_position.h: In function ‘uint16_t mavlink_msg_home_position_encode(uint8_t, uint8_t, mavlink_message_t*, const mavlink_home_position_t*)’:
/opt/ros/humble/include/mavlink/v2.0/common/./mavlink_msg_home_position.h:268:218: warning: taking address of packed member of ‘__mavlink_home_position_t’ may result in an unaligned pointer value [-Waddress-of-packed-member]
  268 |     return mavlink_msg_home_position_pack(system_id, component_id, msg, home_position->latitude, home_position->longitude, home_position->altitude, home_position->x, home_position->y, home_position->z, home_position->q, home_position->approach_x, home_position->approach_y, home_position->approach_z, home_position->time_usec);
      |                                                                                                                                                                                                           ~~~~~~~~~~~~~~~^
/opt/ros/humble/include/mavlink/v2.0/common/./mavlink_msg_home_position.h: In function ‘uint16_t mavlink_msg_home_position_encode_chan(uint8_t, uint8_t, uint8_t, mavlink_message_t*, const mavlink_home_position_t*)’:
/opt/ros/humble/include/mavlink/v2.0/common/./mavlink_msg_home_position.h:282:229: warning: taking address of packed member of ‘__mavlink_home_position_t’ may result in an unaligned pointer value [-Waddress-of-packed-member]
  282 |     return mavlink_msg_home_position_pack_chan(system_id, component_id, chan, msg, home_position->latitude, home_position->longitude, home_position->altitude, home_position->x, home_position->y, home_position->z, home_position->q, home_position->approach_x, home_position->approach_y, home_position->approach_z, home_position->time_usec);
      |                                                                                                                                                                                                                      ~~~~~~~~~~~~~~~^
/opt/ros/humble/include/mavlink/v2.0/common/./mavlink_msg_home_position.h: In function ‘uint16_t mavlink_msg_home_position_encode_status(uint8_t, uint8_t, mavlink_status_t*, mavlink_message_t*, const mavlink_home_position_t*)’:
/opt/ros/humble/include/mavlink/v2.0/common/./mavlink_msg_home_position.h:296:235: warning: taking address of packed member of ‘__mavlink_home_position_t’ may result in an unaligned pointer value [-Waddress-of-packed-member]
  296 |     return mavlink_msg_home_position_pack_status(system_id, component_id, _status, msg,  home_position->latitude, home_position->longitude, home_position->altitude, home_position->x, home_position->y, home_position->z, home_position->q, home_position->approach_x, home_position->approach_y, home_position->approach_z, home_position->time_usec);
      |                                                                                                                                                                                                                            ~~~~~~~~~~~~~~~^
In file included from /opt/ros/humble/include/mavlink/v2.0/common/common.h:3033,
                 from /opt/ros/humble/include/mavlink/v2.0/common/mavlink.h:32,
                 from /home/imac/ros2_ws/src/virtual_control/src/lower_tracking_mpc_node.cpp:44,
                 from /home/imac/ros2_ws/followup_20261006/near_consistency/sim.cpp:4:
/opt/ros/humble/include/mavlink/v2.0/common/./mavlink_msg_set_home_position.h: In function ‘uint16_t mavlink_msg_set_home_position_encode(uint8_t, uint8_t, mavlink_message_t*, const mavlink_set_home_position_t*)’:
/opt/ros/humble/include/mavlink/v2.0/common/./mavlink_msg_set_home_position.h:264:284: warning: taking address of packed member of ‘__mavlink_set_home_position_t’ may result in an unaligned pointer value [-Waddress-of-packed-member]
  264 |     return mavlink_msg_set_home_position_pack(system_id, component_id, msg, set_home_position->target_system, set_home_position->latitude, set_home_position->longitude, set_home_position->altitude, set_home_position->x, set_home_position->y, set_home_position->z, set_home_position->q, set_home_position->approach_x, set_home_position->approach_y, set_home_position->approach_z, set_home_position->time_usec);
      |                                                                                                                                                                                                                                                                         ~~~~~~~~~~~~~~~~~~~^
/opt/ros/humble/include/mavlink/v2.0/common/./mavlink_msg_set_home_position.h: In function ‘uint16_t mavlink_msg_set_home_position_encode_chan(uint8_t, uint8_t, uint8_t, mavlink_message_t*, const mavlink_set_home_position_t*)’:
/opt/ros/humble/include/mavlink/v2.0/common/./mavlink_msg_set_home_position.h:278:295: warning: taking address of packed member of ‘__mavlink_set_home_position_t’ may result in an unaligned pointer value [-Waddress-of-packed-member]
  278 |     return mavlink_msg_set_home_position_pack_chan(system_id, component_id, chan, msg, set_home_position->target_system, set_home_position->latitude, set_home_position->longitude, set_home_position->altitude, set_home_position->x, set_home_position->y, set_home_position->z, set_home_position->q, set_home_position->approach_x, set_home_position->approach_y, set_home_position->approach_z, set_home_position->time_usec);
      |                                                                                                                                                                                                                                                                                    ~~~~~~~~~~~~~~~~~~~^
/opt/ros/humble/include/mavlink/v2.0/common/./mavlink_msg_set_home_position.h: In function ‘uint16_t mavlink_msg_set_home_position_encode_status(uint8_t, uint8_t, mavlink_status_t*, mavlink_message_t*, const mavlink_set_home_position_t*)’:
/opt/ros/humble/include/mavlink/v2.0/common/./mavlink_msg_set_home_position.h:292:301: warning: taking address of packed member of ‘__mavlink_set_home_position_t’ may result in an unaligned pointer value [-Waddress-of-packed-member]
  292 |     return mavlink_msg_set_home_position_pack_status(system_id, component_id, _status, msg,  set_home_position->target_system, set_home_position->latitude, set_home_position->longitude, set_home_position->altitude, set_home_position->x, set_home_position->y, set_home_position->z, set_home_position->q, set_home_position->approach_x, set_home_position->approach_y, set_home_position->approach_z, set_home_position->time_usec);
      |                                                                                                                                                                                                                                                                                          ~~~~~~~~~~~~~~~~~~~^
In file included from /opt/ros/humble/include/mavlink/v2.0/common/common.h:3070,
                 from /opt/ros/humble/include/mavlink/v2.0/common/mavlink.h:32,
                 from /home/imac/ros2_ws/src/virtual_control/src/lower_tracking_mpc_node.cpp:44,
                 from /home/imac/ros2_ws/followup_20261006/near_consistency/sim.cpp:4:
/opt/ros/humble/include/mavlink/v2.0/common/./mavlink_msg_autopilot_state_for_gimbal_device.h: In function ‘uint16_t mavlink_msg_autopilot_state_for_gimbal_device_encode(uint8_t, uint8_t, mavlink_message_t*, const mavlink_autopilot_state_for_gimbal_device_t*)’:
/opt/ros/humble/include/mavlink/v2.0/common/./mavlink_msg_autopilot_state_for_gimbal_device.h:276:280: warning: taking address of packed member of ‘__mavlink_autopilot_state_for_gimbal_device_t’ may result in an unaligned pointer value [-Waddress-of-packed-member]
  276 |     return mavlink_msg_autopilot_state_for_gimbal_device_pack(system_id, component_id, msg, autopilot_state_for_gimbal_device->target_system, autopilot_state_for_gimbal_device->target_component, autopilot_state_for_gimbal_device->time_boot_us, autopilot_state_for_gimbal_device->q, autopilot_state_for_gimbal_device->q_estimated_delay_us, autopilot_state_for_gimbal_device->vx, autopilot_state_for_gimbal_device->vy, autopilot_state_for_gimbal_device->vz, autopilot_state_for_gimbal_device->v_estimated_delay_us, autopilot_state_for_gimbal_device->feed_forward_angular_velocity_z, autopilot_state_for_gimbal_device->estimator_status, autopilot_state_for_gimbal_device->landed_state, autopilot_state_for_gimbal_device->angular_velocity_z);
      |                                                                                                                                                                                                                                                     ~~~~~~~~~~~~~~~~~~~~~~~~~~~~~~~~~~~^
In file included from /opt/ros/humble/include/mavlink/v2.0/common/common.h:3070,
                 from /opt/ros/humble/include/mavlink/v2.0/common/mavlink.h:32,
                 from /home/imac/ros2_ws/src/virtual_control/src/lower_tracking_mpc_node.cpp:44,
                 from /home/imac/ros2_ws/followup_20261006/near_consistency/sim.cpp:4:
/opt/ros/humble/include/mavlink/v2.0/common/./mavlink_msg_autopilot_state_for_gimbal_device.h: In function ‘uint16_t mavlink_msg_autopilot_state_for_gimbal_device_encode_chan(uint8_t, uint8_t, uint8_t, mavlink_message_t*, const mavlink_autopilot_state_for_gimbal_device_t*)’:
/opt/ros/humble/include/mavlink/v2.0/common/./mavlink_msg_autopilot_state_for_gimbal_device.h:290:291: warning: taking address of packed member of ‘__mavlink_autopilot_state_for_gimbal_device_t’ may result in an unaligned pointer value [-Waddress-of-packed-member]
  290 |     return mavlink_msg_autopilot_state_for_gimbal_device_pack_chan(system_id, component_id, chan, msg, autopilot_state_for_gimbal_device->target_system, autopilot_state_for_gimbal_device->target_component, autopilot_state_for_gimbal_device->time_boot_us, autopilot_state_for_gimbal_device->q, autopilot_state_for_gimbal_device->q_estimated_delay_us, autopilot_state_for_gimbal_device->vx, autopilot_state_for_gimbal_device->vy, autopilot_state_for_gimbal_device->vz, autopilot_state_for_gimbal_device->v_estimated_delay_us, autopilot_state_for_gimbal_device->feed_forward_angular_velocity_z, autopilot_state_for_gimbal_device->estimator_status, autopilot_state_for_gimbal_device->landed_state, autopilot_state_for_gimbal_device->angular_velocity_z);
      |                                                                                                                                                                                                                                                                ~~~~~~~~~~~~~~~~~~~~~~~~~~~~~~~~~~~^
In file included from /opt/ros/humble/include/mavlink/v2.0/common/common.h:3070,
                 from /opt/ros/humble/include/mavlink/v2.0/common/mavlink.h:32,
                 from /home/imac/ros2_ws/src/virtual_control/src/lower_tracking_mpc_node.cpp:44,
                 from /home/imac/ros2_ws/followup_20261006/near_consistency/sim.cpp:4:
/opt/ros/humble/include/mavlink/v2.0/common/./mavlink_msg_autopilot_state_for_gimbal_device.h: In function ‘uint16_t mavlink_msg_autopilot_state_for_gimbal_device_encode_status(uint8_t, uint8_t, mavlink_status_t*, mavlink_message_t*, const mavlink_autopilot_state_for_gimbal_device_t*)’:
/opt/ros/humble/include/mavlink/v2.0/common/./mavlink_msg_autopilot_state_for_gimbal_device.h:304:297: warning: taking address of packed member of ‘__mavlink_autopilot_state_for_gimbal_device_t’ may result in an unaligned pointer value [-Waddress-of-packed-member]
  304 |     return mavlink_msg_autopilot_state_for_gimbal_device_pack_status(system_id, component_id, _status, msg,  autopilot_state_for_gimbal_device->target_system, autopilot_state_for_gimbal_device->target_component, autopilot_state_for_gimbal_device->time_boot_us, autopilot_state_for_gimbal_device->q, autopilot_state_for_gimbal_device->q_estimated_delay_us, autopilot_state_for_gimbal_device->vx, autopilot_state_for_gimbal_device->vy, autopilot_state_for_gimbal_device->vz, autopilot_state_for_gimbal_device->v_estimated_delay_us, autopilot_state_for_gimbal_device->feed_forward_angular_velocity_z, autopilot_state_for_gimbal_device->estimator_status, autopilot_state_for_gimbal_device->landed_state, autopilot_state_for_gimbal_device->angular_velocity_z);
      |                                                                                                                                                                                                                                                                      ~~~~~~~~~~~~~~~~~~~~~~~~~~~~~~~~~~~^
In file included from /opt/ros/humble/include/mavlink/v2.0/common/common.h:3087,
                 from /opt/ros/humble/include/mavlink/v2.0/common/mavlink.h:32,
                 from /home/imac/ros2_ws/src/virtual_control/src/lower_tracking_mpc_node.cpp:44,
                 from /home/imac/ros2_ws/followup_20261006/near_consistency/sim.cpp:4:
/opt/ros/humble/include/mavlink/v2.0/common/./mavlink_msg_obstacle_distance.h: In function ‘uint16_t mavlink_msg_obstacle_distance_encode(uint8_t, uint8_t, mavlink_message_t*, const mavlink_obstacle_distance_t*)’:
/opt/ros/humble/include/mavlink/v2.0/common/./mavlink_msg_obstacle_distance.h:228:158: warning: taking address of packed member of ‘__mavlink_obstacle_distance_t’ may result in an unaligned pointer value [-Waddress-of-packed-member]
  228 |     return mavlink_msg_obstacle_distance_pack(system_id, component_id, msg, obstacle_distance->time_usec, obstacle_distance->sensor_type, obstacle_distance->distances, obstacle_distance->increment, obstacle_distance->min_distance, obstacle_distance->max_distance, obstacle_distance->increment_f, obstacle_distance->angle_offset, obstacle_distance->frame);
      |                                                                                                                                           ~~~~~~~~~~~~~~~~~~~^~~~~~~~~
/opt/ros/humble/include/mavlink/v2.0/common/./mavlink_msg_obstacle_distance.h: In function ‘uint16_t mavlink_msg_obstacle_distance_encode_chan(uint8_t, uint8_t, uint8_t, mavlink_message_t*, const mavlink_obstacle_distance_t*)’:
/opt/ros/humble/include/mavlink/v2.0/common/./mavlink_msg_obstacle_distance.h:242:169: warning: taking address of packed member of ‘__mavlink_obstacle_distance_t’ may result in an unaligned pointer value [-Waddress-of-packed-member]
  242 |     return mavlink_msg_obstacle_distance_pack_chan(system_id, component_id, chan, msg, obstacle_distance->time_usec, obstacle_distance->sensor_type, obstacle_distance->distances, obstacle_distance->increment, obstacle_distance->min_distance, obstacle_distance->max_distance, obstacle_distance->increment_f, obstacle_distance->angle_offset, obstacle_distance->frame);
      |                                                                                                                                                      ~~~~~~~~~~~~~~~~~~~^~~~~~~~~
/opt/ros/humble/include/mavlink/v2.0/common/./mavlink_msg_obstacle_distance.h: In function ‘uint16_t mavlink_msg_obstacle_distance_encode_status(uint8_t, uint8_t, mavlink_status_t*, mavlink_message_t*, const mavlink_obstacle_distance_t*)’:
/opt/ros/humble/include/mavlink/v2.0/common/./mavlink_msg_obstacle_distance.h:256:175: warning: taking address of packed member of ‘__mavlink_obstacle_distance_t’ may result in an unaligned pointer value [-Waddress-of-packed-member]
  256 |     return mavlink_msg_obstacle_distance_pack_status(system_id, component_id, _status, msg,  obstacle_distance->time_usec, obstacle_distance->sensor_type, obstacle_distance->distances, obstacle_distance->increment, obstacle_distance->min_distance, obstacle_distance->max_distance, obstacle_distance->increment_f, obstacle_distance->angle_offset, obstacle_distance->frame);
      |                                                                                                                                                            ~~~~~~~~~~~~~~~~~~~^~~~~~~~~
