getifaddrs: Operation not permitted
getifaddrs: Operation not permitted
getifaddrs: Operation not permitted
getifaddrs: Operation not permitted
[37;1m2026-10-06 18:16:19.686 [31;1m[[37;1mTRANSPORT[31;1m Error] [37mAll whitelist interfaces were filtered out[34;1m -> Function [36mUDPv4Transport[m
[37;1m2026-10-06 18:16:19.687 [31;1m[[37;1mTRANSPORT_UDP[31;1m Error] [37mError creating socket: Operation not permitted[34;1m -> Function [36minit[m
[37;1m2026-10-06 18:16:19.687 [31;1m[[37;1mRTPS_PARTICIPANT[31;1m Error] [37mUser transport failed to register.[34;1m -> Function [36mRTPSParticipantImpl[m
[INFO] [1791278179.715569685] [upper_planner_node]: planner state input: Odometry topic=/motive/vehicle/odom_map yaw=orientation.z scalar
[INFO] [1791278179.720874666] [upper_planner_node]: Egocentric MIQP planner ready: rate=2.00Hz pred_dt=0.750s Nmax=7 lower_dt=0.100s target_v=6.000m/s scale=fullscale wheelbase=2.80m length=4.70m bev=40.00m margin=2.00m state=odom grid=/bev/occupancy_grid sparse=/planner/upper_path_sparse dense=/planner/lower_reference_path
[INFO] [1791278179.721006734] [upper_planner_node]: upper branch model: cumulative_increment=1 turn_window_at_split=1 turn_target_absolute=1 split_continuity=6.75m r_dpsi=3.000 lambda_turn=0.600
[WARN] [1791278179.729880295] [upper_planner_node]: no valid interval at the measured k=0 state; retaining future horizon=7 reason=3
[WARN] [1791278179.732409677] [upper_planner_node]: no valid interval at the measured k=0 state; retaining future horizon=7 reason=3
[WARN] [1791278179.751260158] [upper_planner_node]: no valid interval at the measured k=0 state; retaining future horizon=7 reason=3
[WARN] [1791278179.754201873] [upper_planner_node]: no valid interval at the measured k=0 state; retaining future horizon=7 reason=3
[WARN] [1791278179.754619004] [upper_planner_node]: no valid interval at the measured k=0 state; retaining future horizon=7 reason=3
[WARN] [1791278179.755014631] [upper_planner_node]: no valid interval at the measured k=0 state; retaining future horizon=7 reason=3
getifaddrs: Operation not permitted
getifaddrs: Operation not permitted
[37;1m2026-10-06 18:16:19.767 [31;1m[[37;1mTRANSPORT[31;1m Error] [37mAll whitelist interfaces were filtered out[34;1m -> Function [36mUDPv4Transport[m
[37;1m2026-10-06 18:16:19.767 [31;1m[[37;1mTRANSPORT_UDP[31;1m Error] [37mError creating socket: Operation not permitted[34;1m -> Function [36minit[m
[37;1m2026-10-06 18:16:19.767 [31;1m[[37;1mRTPS_PARTICIPANT[31;1m Error] [37mUser transport failed to register.[34;1m -> Function [36mRTPSParticipantImpl[m
[INFO] [1791278179.779552344] [upper_planner_node]: planner state input: Odometry topic=/motive/vehicle/odom_map yaw=orientation.z scalar
[INFO] [1791278179.782487690] [upper_planner_node]: Egocentric MIQP planner ready: rate=2.00Hz pred_dt=0.750s Nmax=7 lower_dt=0.100s target_v=6.000m/s scale=fullscale wheelbase=2.80m length=4.70m bev=40.00m margin=2.00m state=odom grid=/bev/occupancy_grid sparse=/planner/upper_path_sparse dense=/planner/lower_reference_path
[INFO] [1791278179.782631726] [upper_planner_node]: upper branch model: cumulative_increment=1 turn_window_at_split=1 turn_target_absolute=1 split_continuity=6.75m r_dpsi=3.000 lambda_turn=0.600
[WARN] [1791278179.817934540] [upper_planner_node]: interval_diag step=4 reason=3 ref_body=(7.379,16.418) heading_deg=65.80 center_cell=(23,116) center_value=100 line_free=0 blocked=438 unknown=0 outside=2 longest_run=0 min_run=2 grid_free=3657 zero=3657 positive=12727 unknown=0 topic=/bev/occupancy_grid frame=Vehicle origin=(0.000,-20.000) origin_yaw_deg=0.00 size=128x128 res=0.3125 positive_is_drivable=0 threshold=1 waypoint_bias=0 previous=0
[WARN] [1791278179.818136050] [upper_planner_node]: no valid preview interval at step=4; usable horizon=3 reason=3
[WARN] [1791278179.818606207] [upper_planner_node]: no valid preview interval at step=3; usable horizon=2 reason=3
[WARN] [1791278179.818741731] [upper_planner_node]: no valid preview interval at step=4; usable horizon=2 reason=3
[WARN] [1791278179.819105997] [upper_planner_node]: no valid preview interval at step=1; usable horizon=0 reason=3
[WARN] [1791278179.819279890] [upper_planner_node]: no valid preview interval at step=2; usable horizon=0 reason=3
[WARN] [1791278179.819395221] [upper_planner_node]: no valid preview interval at step=3; usable horizon=0 reason=3
[WARN] [1791278179.819503384] [upper_planner_node]: no valid preview interval at step=4; usable horizon=0 reason=3
[WARN] [1791278179.819730494] [upper_planner_node]: no valid preview interval at step=1; usable horizon=0 reason=3
[WARN] [1791278179.819846946] [upper_planner_node]: no valid preview interval at step=2; usable horizon=0 reason=3
[WARN] [1791278179.819953157] [upper_planner_node]: no valid preview interval at step=3; usable horizon=0 reason=3
[WARN] [1791278179.820057063] [upper_planner_node]: no valid preview interval at step=4; usable horizon=0 reason=3
[WARN] [1791278179.820175083] [upper_planner_node]: no valid interval at the measured k=0 state; retaining future horizon=7 reason=3
[WARN] [1791278179.822676145] [upper_planner_node]: no valid interval at the measured k=0 state; retaining future horizon=7 reason=3
[WARN] [1791278179.823050395] [upper_planner_node]: no valid interval at the measured k=0 state; retaining future horizon=7 reason=3
[WARN] [1791278179.823463143] [upper_planner_node]: no valid interval at the measured k=0 state; retaining future horizon=7 reason=3
