getifaddrs: Operation not permitted
getifaddrs: Operation not permitted
getifaddrs: Operation not permitted
getifaddrs: Operation not permitted
[37;1m2026-10-06 18:15:37.455 [31;1m[[37;1mTRANSPORT[31;1m Error] [37mAll whitelist interfaces were filtered out[34;1m -> Function [36mUDPv4Transport[m
[37;1m2026-10-06 18:15:37.455 [31;1m[[37;1mTRANSPORT_UDP[31;1m Error] [37mError creating socket: Operation not permitted[34;1m -> Function [36minit[m
[37;1m2026-10-06 18:15:37.455 [31;1m[[37;1mRTPS_PARTICIPANT[31;1m Error] [37mUser transport failed to register.[34;1m -> Function [36mRTPSParticipantImpl[m
[INFO] [1791278137.483738102] [upper_planner_node]: planner state input: Odometry topic=/motive/vehicle/odom_map yaw=orientation.z scalar
[INFO] [1791278137.489138413] [upper_planner_node]: Egocentric MIQP planner ready: rate=2.00Hz pred_dt=0.750s Nmax=7 lower_dt=0.100s target_v=6.000m/s scale=fullscale wheelbase=2.80m length=4.70m bev=40.00m margin=2.00m state=odom grid=/bev/occupancy_grid sparse=/planner/upper_path_sparse dense=/planner/lower_reference_path
[INFO] [1791278137.489319986] [upper_planner_node]: upper branch model: cumulative_increment=1 turn_window_at_split=1 turn_target_absolute=1 split_continuity=6.75m r_dpsi=3.000 lambda_turn=0.600
[WARN] [1791278137.498260333] [upper_planner_node]: no valid interval at the measured k=0 state; retaining future horizon=7 reason=3
[WARN] [1791278137.500713714] [upper_planner_node]: no valid interval at the measured k=0 state; retaining future horizon=7 reason=3
[WARN] [1791278137.519567971] [upper_planner_node]: no valid interval at the measured k=0 state; retaining future horizon=7 reason=3
[WARN] [1791278137.522441779] [upper_planner_node]: no valid interval at the measured k=0 state; retaining future horizon=7 reason=3
[WARN] [1791278137.522808510] [upper_planner_node]: no valid interval at the measured k=0 state; retaining future horizon=7 reason=3
[WARN] [1791278137.523149639] [upper_planner_node]: no valid interval at the measured k=0 state; retaining future horizon=7 reason=3
getifaddrs: Operation not permitted
getifaddrs: Operation not permitted
[37;1m2026-10-06 18:15:37.533 [31;1m[[37;1mTRANSPORT[31;1m Error] [37mAll whitelist interfaces were filtered out[34;1m -> Function [36mUDPv4Transport[m
[37;1m2026-10-06 18:15:37.533 [31;1m[[37;1mTRANSPORT_UDP[31;1m Error] [37mError creating socket: Operation not permitted[34;1m -> Function [36minit[m
[37;1m2026-10-06 18:15:37.533 [31;1m[[37;1mRTPS_PARTICIPANT[31;1m Error] [37mUser transport failed to register.[34;1m -> Function [36mRTPSParticipantImpl[m
[INFO] [1791278137.543735657] [upper_planner_node]: planner state input: Odometry topic=/motive/vehicle/odom_map yaw=orientation.z scalar
[INFO] [1791278137.546530455] [upper_planner_node]: Egocentric MIQP planner ready: rate=2.00Hz pred_dt=0.750s Nmax=7 lower_dt=0.100s target_v=6.000m/s scale=fullscale wheelbase=2.80m length=4.70m bev=40.00m margin=2.00m state=odom grid=/bev/occupancy_grid sparse=/planner/upper_path_sparse dense=/planner/lower_reference_path
[INFO] [1791278137.546656283] [upper_planner_node]: upper branch model: cumulative_increment=1 turn_window_at_split=1 turn_target_absolute=1 split_continuity=6.75m r_dpsi=3.000 lambda_turn=0.600
[WARN] [1791278137.555559764] [upper_planner_node]: no valid interval at the measured k=0 state; retaining future horizon=7 reason=3
[WARN] [1791278137.557953560] [upper_planner_node]: no valid interval at the measured k=0 state; retaining future horizon=7 reason=3
[WARN] [1791278137.576957933] [upper_planner_node]: no valid interval at the measured k=0 state; retaining future horizon=7 reason=3
[WARN] [1791278137.579929408] [upper_planner_node]: no valid interval at the measured k=0 state; retaining future horizon=7 reason=3
[WARN] [1791278137.580324811] [upper_planner_node]: no valid interval at the measured k=0 state; retaining future horizon=7 reason=3
[WARN] [1791278137.580657845] [upper_planner_node]: no valid interval at the measured k=0 state; retaining future horizon=7 reason=3
getifaddrs: Operation not permitted
getifaddrs: Operation not permitted
[37;1m2026-10-06 18:15:37.589 [31;1m[[37;1mTRANSPORT[31;1m Error] [37mAll whitelist interfaces were filtered out[34;1m -> Function [36mUDPv4Transport[m
[37;1m2026-10-06 18:15:37.589 [31;1m[[37;1mTRANSPORT_UDP[31;1m Error] [37mError creating socket: Operation not permitted[34;1m -> Function [36minit[m
[37;1m2026-10-06 18:15:37.589 [31;1m[[37;1mRTPS_PARTICIPANT[31;1m Error] [37mUser transport failed to register.[34;1m -> Function [36mRTPSParticipantImpl[m
[INFO] [1791278137.599974834] [upper_planner_node]: planner state input: Odometry topic=/motive/vehicle/odom_map yaw=orientation.z scalar
[INFO] [1791278137.602656958] [upper_planner_node]: Egocentric MIQP planner ready: rate=2.00Hz pred_dt=0.750s Nmax=7 lower_dt=0.100s target_v=6.000m/s scale=fullscale wheelbase=2.80m length=4.70m bev=40.00m margin=2.00m state=odom grid=/bev/occupancy_grid sparse=/planner/upper_path_sparse dense=/planner/lower_reference_path
[INFO] [1791278137.602775361] [upper_planner_node]: upper branch model: cumulative_increment=1 turn_window_at_split=1 turn_target_absolute=1 split_continuity=6.75m r_dpsi=3.000 lambda_turn=0.600
[WARN] [1791278137.611712156] [upper_planner_node]: no valid interval at the measured k=0 state; retaining future horizon=7 reason=3
[WARN] [1791278137.614161824] [upper_planner_node]: no valid interval at the measured k=0 state; retaining future horizon=7 reason=3
[WARN] [1791278137.633105812] [upper_planner_node]: no valid interval at the measured k=0 state; retaining future horizon=7 reason=3
[WARN] [1791278137.636046118] [upper_planner_node]: no valid interval at the measured k=0 state; retaining future horizon=7 reason=3
[WARN] [1791278137.636519508] [upper_planner_node]: no valid interval at the measured k=0 state; retaining future horizon=7 reason=3
[WARN] [1791278137.636851549] [upper_planner_node]: no valid interval at the measured k=0 state; retaining future horizon=7 reason=3
getifaddrs: Operation not permitted
getifaddrs: Operation not permitted
[37;1m2026-10-06 18:15:37.645 [31;1m[[37;1mTRANSPORT[31;1m Error] [37mAll whitelist interfaces were filtered out[34;1m -> Function [36mUDPv4Transport[m
[37;1m2026-10-06 18:15:37.645 [31;1m[[37;1mTRANSPORT_UDP[31;1m Error] [37mError creating socket: Operation not permitted[34;1m -> Function [36minit[m
[37;1m2026-10-06 18:15:37.645 [31;1m[[37;1mRTPS_PARTICIPANT[31;1m Error] [37mUser transport failed to register.[34;1m -> Function [36mRTPSParticipantImpl[m
[INFO] [1791278137.655166783] [upper_planner_node]: planner state input: Odometry topic=/motive/vehicle/odom_map yaw=orientation.z scalar
[INFO] [1791278137.657849386] [upper_planner_node]: Egocentric MIQP planner ready: rate=2.00Hz pred_dt=0.750s Nmax=7 lower_dt=0.100s target_v=6.000m/s scale=fullscale wheelbase=2.80m length=4.70m bev=40.00m margin=2.00m state=odom grid=/bev/occupancy_grid sparse=/planner/upper_path_sparse dense=/planner/lower_reference_path
[INFO] [1791278137.657991086] [upper_planner_node]: upper branch model: cumulative_increment=1 turn_window_at_split=1 turn_target_absolute=1 split_continuity=6.75m r_dpsi=3.000 lambda_turn=0.600
[WARN] [1791278137.666741635] [upper_planner_node]: no valid interval at the measured k=0 state; retaining future horizon=7 reason=3
[WARN] [1791278137.669210281] [upper_planner_node]: no valid interval at the measured k=0 state; retaining future horizon=7 reason=3
[WARN] [1791278137.688216190] [upper_planner_node]: no valid interval at the measured k=0 state; retaining future horizon=7 reason=3
[WARN] [1791278137.691137744] [upper_planner_node]: no valid interval at the measured k=0 state; retaining future horizon=7 reason=3
[WARN] [1791278137.691497210] [upper_planner_node]: no valid interval at the measured k=0 state; retaining future horizon=7 reason=3
[WARN] [1791278137.691820995] [upper_planner_node]: no valid interval at the measured k=0 state; retaining future horizon=7 reason=3
getifaddrs: Operation not permitted
getifaddrs: Operation not permitted
[37;1m2026-10-06 18:15:37.700 [31;1m[[37;1mTRANSPORT[31;1m Error] [37mAll whitelist interfaces were filtered out[34;1m -> Function [36mUDPv4Transport[m
[37;1m2026-10-06 18:15:37.700 [31;1m[[37;1mTRANSPORT_UDP[31;1m Error] [37mError creating socket: Operation not permitted[34;1m -> Function [36minit[m
[37;1m2026-10-06 18:15:37.700 [31;1m[[37;1mRTPS_PARTICIPANT[31;1m Error] [37mUser transport failed to register.[34;1m -> Function [36mRTPSParticipantImpl[m
[INFO] [1791278137.710396140] [upper_planner_node]: planner state input: Odometry topic=/motive/vehicle/odom_map yaw=orientation.z scalar
[INFO] [1791278137.713067415] [upper_planner_node]: Egocentric MIQP planner ready: rate=2.00Hz pred_dt=0.750s Nmax=7 lower_dt=0.100s target_v=6.000m/s scale=fullscale wheelbase=2.80m length=4.70m bev=40.00m margin=2.00m state=odom grid=/bev/occupancy_grid sparse=/planner/upper_path_sparse dense=/planner/lower_reference_path
[INFO] [1791278137.713196379] [upper_planner_node]: upper branch model: cumulative_increment=1 turn_window_at_split=1 turn_target_absolute=1 split_continuity=6.75m r_dpsi=3.000 lambda_turn=0.600
[WARN] [1791278137.748641853] [upper_planner_node]: interval_diag step=4 reason=3 ref_body=(7.379,16.418) heading_deg=65.80 center_cell=(23,116) center_value=100 line_free=0 blocked=438 unknown=0 outside=2 longest_run=0 min_run=2 grid_free=3657 zero=3657 positive=12727 unknown=0 topic=/bev/occupancy_grid frame=Vehicle origin=(0.000,-20.000) origin_yaw_deg=0.00 size=128x128 res=0.3125 positive_is_drivable=0 threshold=1 waypoint_bias=0 previous=0
[WARN] [1791278137.748875780] [upper_planner_node]: no valid preview interval at step=4; usable horizon=3 reason=3
[WARN] [1791278137.749351089] [upper_planner_node]: no valid preview interval at step=3; usable horizon=2 reason=3
[WARN] [1791278137.749495701] [upper_planner_node]: no valid preview interval at step=4; usable horizon=2 reason=3
[WARN] [1791278137.749824510] [upper_planner_node]: no valid preview interval at step=1; usable horizon=0 reason=3
[WARN] [1791278137.749959234] [upper_planner_node]: no valid preview interval at step=2; usable horizon=0 reason=3
[WARN] [1791278137.750069733] [upper_planner_node]: no valid preview interval at step=3; usable horizon=0 reason=3
[WARN] [1791278137.750179720] [upper_planner_node]: no valid preview interval at step=4; usable horizon=0 reason=3
[WARN] [1791278137.750405454] [upper_planner_node]: no valid preview interval at step=1; usable horizon=0 reason=3
[WARN] [1791278137.750521426] [upper_planner_node]: no valid preview interval at step=2; usable horizon=0 reason=3
[WARN] [1791278137.750629877] [upper_planner_node]: no valid preview interval at step=3; usable horizon=0 reason=3
[WARN] [1791278137.750735512] [upper_planner_node]: no valid preview interval at step=4; usable horizon=0 reason=3
[WARN] [1791278137.750948062] [upper_planner_node]: no valid interval at the measured k=0 state; retaining future horizon=7 reason=3
[WARN] [1791278137.753455268] [upper_planner_node]: no valid interval at the measured k=0 state; retaining future horizon=7 reason=3
[WARN] [1791278137.753819854] [upper_planner_node]: no valid interval at the measured k=0 state; retaining future horizon=7 reason=3
[WARN] [1791278137.754146615] [upper_planner_node]: no valid interval at the measured k=0 state; retaining future horizon=7 reason=3
getifaddrs: Operation not permitted
getifaddrs: Operation not permitted
[37;1m2026-10-06 18:15:37.763 [31;1m[[37;1mTRANSPORT[31;1m Error] [37mAll whitelist interfaces were filtered out[34;1m -> Function [36mUDPv4Transport[m
[37;1m2026-10-06 18:15:37.763 [31;1m[[37;1mTRANSPORT_UDP[31;1m Error] [37mError creating socket: Operation not permitted[34;1m -> Function [36minit[m
[37;1m2026-10-06 18:15:37.763 [31;1m[[37;1mRTPS_PARTICIPANT[31;1m Error] [37mUser transport failed to register.[34;1m -> Function [36mRTPSParticipantImpl[m
[INFO] [1791278137.773721821] [upper_planner_node]: planner state input: Odometry topic=/motive/vehicle/odom_map yaw=orientation.z scalar
[INFO] [1791278137.776469098] [upper_planner_node]: Egocentric MIQP planner ready: rate=2.00Hz pred_dt=0.750s Nmax=7 lower_dt=0.100s target_v=6.000m/s scale=fullscale wheelbase=2.80m length=4.70m bev=40.00m margin=2.00m state=odom grid=/bev/occupancy_grid sparse=/planner/upper_path_sparse dense=/planner/lower_reference_path
[INFO] [1791278137.776653551] [upper_planner_node]: upper branch model: cumulative_increment=1 turn_window_at_split=1 turn_target_absolute=1 split_continuity=6.75m r_dpsi=3.000 lambda_turn=0.600
[WARN] [1791278137.785430341] [upper_planner_node]: no valid interval at the measured k=0 state; retaining future horizon=7 reason=3
[WARN] [1791278137.788156433] [upper_planner_node]: no valid interval at the measured k=0 state; retaining future horizon=7 reason=3
[WARN] [1791278137.807435758] [upper_planner_node]: no valid interval at the measured k=0 state; retaining future horizon=7 reason=3
[WARN] [1791278137.810359968] [upper_planner_node]: no valid interval at the measured k=0 state; retaining future horizon=7 reason=3
[WARN] [1791278137.810717322] [upper_planner_node]: no valid interval at the measured k=0 state; retaining future horizon=7 reason=3
[WARN] [1791278137.811066676] [upper_planner_node]: no valid interval at the measured k=0 state; retaining future horizon=7 reason=3
getifaddrs: Operation not permitted
getifaddrs: Operation not permitted
[37;1m2026-10-06 18:15:37.819 [31;1m[[37;1mTRANSPORT[31;1m Error] [37mAll whitelist interfaces were filtered out[34;1m -> Function [36mUDPv4Transport[m
[37;1m2026-10-06 18:15:37.819 [31;1m[[37;1mTRANSPORT_UDP[31;1m Error] [37mError creating socket: Operation not permitted[34;1m -> Function [36minit[m
[37;1m2026-10-06 18:15:37.819 [31;1m[[37;1mRTPS_PARTICIPANT[31;1m Error] [37mUser transport failed to register.[34;1m -> Function [36mRTPSParticipantImpl[m
[INFO] [1791278137.829957190] [upper_planner_node]: planner state input: Odometry topic=/motive/vehicle/odom_map yaw=orientation.z scalar
[INFO] [1791278137.832654802] [upper_planner_node]: Egocentric MIQP planner ready: rate=2.00Hz pred_dt=0.750s Nmax=7 lower_dt=0.100s target_v=6.000m/s scale=fullscale wheelbase=2.80m length=4.70m bev=40.00m margin=2.00m state=odom grid=/bev/occupancy_grid sparse=/planner/upper_path_sparse dense=/planner/lower_reference_path
[INFO] [1791278137.832789014] [upper_planner_node]: upper branch model: cumulative_increment=1 turn_window_at_split=1 turn_target_absolute=1 split_continuity=6.75m r_dpsi=3.000 lambda_turn=0.600
[WARN] [1791278137.841623053] [upper_planner_node]: no valid interval at the measured k=0 state; retaining future horizon=7 reason=3
[WARN] [1791278137.844236279] [upper_planner_node]: no valid interval at the measured k=0 state; retaining future horizon=7 reason=3
[WARN] [1791278137.863385840] [upper_planner_node]: no valid interval at the measured k=0 state; retaining future horizon=7 reason=3
[WARN] [1791278137.866270593] [upper_planner_node]: no valid interval at the measured k=0 state; retaining future horizon=7 reason=3
[WARN] [1791278137.866651659] [upper_planner_node]: no valid interval at the measured k=0 state; retaining future horizon=7 reason=3
[WARN] [1791278137.866999701] [upper_planner_node]: no valid interval at the measured k=0 state; retaining future horizon=7 reason=3
getifaddrs: Operation not permitted
getifaddrs: Operation not permitted
[37;1m2026-10-06 18:15:37.875 [31;1m[[37;1mTRANSPORT[31;1m Error] [37mAll whitelist interfaces were filtered out[34;1m -> Function [36mUDPv4Transport[m
[37;1m2026-10-06 18:15:37.875 [31;1m[[37;1mTRANSPORT_UDP[31;1m Error] [37mError creating socket: Operation not permitted[34;1m -> Function [36minit[m
[37;1m2026-10-06 18:15:37.875 [31;1m[[37;1mRTPS_PARTICIPANT[31;1m Error] [37mUser transport failed to register.[34;1m -> Function [36mRTPSParticipantImpl[m
[INFO] [1791278137.885529565] [upper_planner_node]: planner state input: Odometry topic=/motive/vehicle/odom_map yaw=orientation.z scalar
[INFO] [1791278137.888204232] [upper_planner_node]: Egocentric MIQP planner ready: rate=2.00Hz pred_dt=0.750s Nmax=7 lower_dt=0.100s target_v=6.000m/s scale=fullscale wheelbase=2.80m length=4.70m bev=40.00m margin=2.00m state=odom grid=/bev/occupancy_grid sparse=/planner/upper_path_sparse dense=/planner/lower_reference_path
[INFO] [1791278137.888393549] [upper_planner_node]: upper branch model: cumulative_increment=1 turn_window_at_split=1 turn_target_absolute=1 split_continuity=6.75m r_dpsi=3.000 lambda_turn=0.600
[WARN] [1791278137.897279111] [upper_planner_node]: no valid interval at the measured k=0 state; retaining future horizon=7 reason=3
[WARN] [1791278137.899774061] [upper_planner_node]: no valid interval at the measured k=0 state; retaining future horizon=7 reason=3
[WARN] [1791278137.918995688] [upper_planner_node]: no valid interval at the measured k=0 state; retaining future horizon=7 reason=3
[WARN] [1791278137.921953851] [upper_planner_node]: no valid interval at the measured k=0 state; retaining future horizon=7 reason=3
[WARN] [1791278137.922349222] [upper_planner_node]: no valid interval at the measured k=0 state; retaining future horizon=7 reason=3
[WARN] [1791278137.922726097] [upper_planner_node]: no valid interval at the measured k=0 state; retaining future horizon=7 reason=3
getifaddrs: Operation not permitted
getifaddrs: Operation not permitted
[37;1m2026-10-06 18:15:37.932 [31;1m[[37;1mTRANSPORT[31;1m Error] [37mAll whitelist interfaces were filtered out[34;1m -> Function [36mUDPv4Transport[m
[37;1m2026-10-06 18:15:37.932 [31;1m[[37;1mTRANSPORT_UDP[31;1m Error] [37mError creating socket: Operation not permitted[34;1m -> Function [36minit[m
[37;1m2026-10-06 18:15:37.932 [31;1m[[37;1mRTPS_PARTICIPANT[31;1m Error] [37mUser transport failed to register.[34;1m -> Function [36mRTPSParticipantImpl[m
[INFO] [1791278137.942990729] [upper_planner_node]: planner state input: Odometry topic=/motive/vehicle/odom_map yaw=orientation.z scalar
[INFO] [1791278137.945671252] [upper_planner_node]: Egocentric MIQP planner ready: rate=2.00Hz pred_dt=0.750s Nmax=7 lower_dt=0.100s target_v=6.000m/s scale=fullscale wheelbase=2.80m length=4.70m bev=40.00m margin=2.00m state=odom grid=/bev/occupancy_grid sparse=/planner/upper_path_sparse dense=/planner/lower_reference_path
[INFO] [1791278137.945791064] [upper_planner_node]: upper branch model: cumulative_increment=1 turn_window_at_split=1 turn_target_absolute=1 split_continuity=6.75m r_dpsi=3.000 lambda_turn=0.600
[WARN] [1791278137.954650128] [upper_planner_node]: no valid interval at the measured k=0 state; retaining future horizon=7 reason=3
[WARN] [1791278137.957402205] [upper_planner_node]: no valid interval at the measured k=0 state; retaining future horizon=7 reason=3
[WARN] [1791278137.976603224] [upper_planner_node]: no valid interval at the measured k=0 state; retaining future horizon=7 reason=3
[WARN] [1791278137.979540362] [upper_planner_node]: no valid interval at the measured k=0 state; retaining future horizon=7 reason=3
[WARN] [1791278137.979950294] [upper_planner_node]: no valid interval at the measured k=0 state; retaining future horizon=7 reason=3
[WARN] [1791278137.980279423] [upper_planner_node]: no valid interval at the measured k=0 state; retaining future horizon=7 reason=3
