[INFO] [1791219962.168902604] [upper_planner_node]: planner state input: Odometry topic=/motive/vehicle/odom_map yaw=orientation.z scalar
[INFO] [1791219962.175450586] [upper_planner_node]: Egocentric MIQP planner ready: rate=1.00Hz pred_dt=0.750s Nmax=7 lower_dt=0.100s target_v=6.000m/s scale=fullscale wheelbase=2.80m length=4.70m bev=40.00m margin=2.00m state=odom grid=/bev/occupancy_grid sparse=/planner/upper_path_sparse dense=/planner/lower_reference_path
[INFO] [1791219962.175647552] [upper_planner_node]: upper branch model: cumulative_increment=1 turn_window_at_split=1 turn_target_absolute=1 split_continuity=6.75m r_dpsi=3.000 lambda_turn=0.600
[WARN] [1791219962.190134823] [upper_planner_node]: interval_diag step=7 reason=3 ref_body=(23.779,19.165) heading_deg=46.28 center_cell=(76,125) center_value=100 line_free=0 blocked=137 unknown=99 outside=2 longest_run=0 min_run=2 grid_free=5156 zero=5156 positive=7988 unknown=3240 topic=/bev/occupancy_grid frame=Vehicle origin=(0.000,-20.000) origin_yaw_deg=0.00 size=128x128 res=0.3125 positive_is_drivable=0 threshold=0 waypoint_bias=0 previous=1
[WARN] [1791219962.190287308] [upper_planner_node]: no valid preview interval at step=7; usable horizon=6 reason=3
[WARN] [1791219962.192483409] [upper_planner_node]: no valid preview interval at step=6; usable horizon=5 reason=3
[WARN] [1791219962.192627382] [upper_planner_node]: no valid preview interval at step=7; usable horizon=5 reason=3
[WARN] [1791219962.192908063] [upper_planner_node]: no valid preview interval at step=4; usable horizon=3 reason=3
[WARN] [1791219962.193006978] [upper_planner_node]: no valid preview interval at step=5; usable horizon=3 reason=3
[WARN] [1791219962.193091204] [upper_planner_node]: no valid preview interval at step=6; usable horizon=3 reason=3
[WARN] [1791219962.193171591] [upper_planner_node]: no valid preview interval at step=7; usable horizon=3 reason=3
[INFO] [1791219962.219266107] [upper_planner_node]: planner state input: Odometry topic=/motive/vehicle/odom_map yaw=orientation.z scalar
[INFO] [1791219962.222283706] [upper_planner_node]: Egocentric MIQP planner ready: rate=1.00Hz pred_dt=0.750s Nmax=7 lower_dt=0.100s target_v=6.000m/s scale=fullscale wheelbase=2.80m length=4.70m bev=40.00m margin=2.00m state=odom grid=/bev/occupancy_grid sparse=/planner/upper_path_sparse dense=/planner/lower_reference_path
[INFO] [1791219962.222401438] [upper_planner_node]: upper branch model: cumulative_increment=1 turn_window_at_split=1 turn_target_absolute=1 split_continuity=6.75m r_dpsi=3.000 lambda_turn=0.600
[WARN] [1791219962.236215952] [upper_planner_node]: no valid preview interval at step=7; usable horizon=6 reason=3
[WARN] [1791219962.238298865] [upper_planner_node]: no valid preview interval at step=6; usable horizon=5 reason=3
[WARN] [1791219962.238436886] [upper_planner_node]: no valid preview interval at step=7; usable horizon=5 reason=3
[WARN] [1791219962.238717214] [upper_planner_node]: no valid preview interval at step=4; usable horizon=3 reason=3
[WARN] [1791219962.238814690] [upper_planner_node]: no valid preview interval at step=5; usable horizon=3 reason=3
[WARN] [1791219962.238901316] [upper_planner_node]: no valid preview interval at step=6; usable horizon=3 reason=3
[WARN] [1791219962.238985255] [upper_planner_node]: no valid preview interval at step=7; usable horizon=3 reason=3
[INFO] [1791219962.260682161] [upper_planner_node]: planner state input: Odometry topic=/motive/vehicle/odom_map yaw=orientation.z scalar
[INFO] [1791219962.263556491] [upper_planner_node]: Egocentric MIQP planner ready: rate=1.00Hz pred_dt=0.750s Nmax=7 lower_dt=0.100s target_v=6.000m/s scale=fullscale wheelbase=2.80m length=4.70m bev=40.00m margin=2.00m state=odom grid=/bev/occupancy_grid sparse=/planner/upper_path_sparse dense=/planner/lower_reference_path
[INFO] [1791219962.263790803] [upper_planner_node]: upper branch model: cumulative_increment=1 turn_window_at_split=1 turn_target_absolute=1 split_continuity=6.75m r_dpsi=3.000 lambda_turn=0.600
[WARN] [1791219962.276962129] [upper_planner_node]: no valid preview interval at step=7; usable horizon=6 reason=3
[WARN] [1791219962.279262745] [upper_planner_node]: no valid preview interval at step=6; usable horizon=5 reason=3
[WARN] [1791219962.279402973] [upper_planner_node]: no valid preview interval at step=7; usable horizon=5 reason=3
[WARN] [1791219962.279728392] [upper_planner_node]: no valid preview interval at step=4; usable horizon=3 reason=3
[WARN] [1791219962.279841995] [upper_planner_node]: no valid preview interval at step=5; usable horizon=3 reason=3
[WARN] [1791219962.279929838] [upper_planner_node]: no valid preview interval at step=6; usable horizon=3 reason=3
[WARN] [1791219962.280010256] [upper_planner_node]: no valid preview interval at step=7; usable horizon=3 reason=3
[INFO] [1791219962.302269580] [upper_planner_node]: planner state input: Odometry topic=/motive/vehicle/odom_map yaw=orientation.z scalar
[INFO] [1791219962.305195528] [upper_planner_node]: Egocentric MIQP planner ready: rate=1.00Hz pred_dt=0.750s Nmax=7 lower_dt=0.100s target_v=6.000m/s scale=fullscale wheelbase=2.80m length=4.70m bev=40.00m margin=2.00m state=odom grid=/bev/occupancy_grid sparse=/planner/upper_path_sparse dense=/planner/lower_reference_path
[INFO] [1791219962.305297835] [upper_planner_node]: upper branch model: cumulative_increment=1 turn_window_at_split=1 turn_target_absolute=1 split_continuity=6.75m r_dpsi=3.000 lambda_turn=0.600
[WARN] [1791219962.318264931] [upper_planner_node]: no valid preview interval at step=7; usable horizon=6 reason=3
[WARN] [1791219962.320389734] [upper_planner_node]: no valid preview interval at step=6; usable horizon=5 reason=3
[WARN] [1791219962.320533898] [upper_planner_node]: no valid preview interval at step=7; usable horizon=5 reason=3
[WARN] [1791219962.320816915] [upper_planner_node]: no valid preview interval at step=4; usable horizon=3 reason=3
[WARN] [1791219962.320920022] [upper_planner_node]: no valid preview interval at step=5; usable horizon=3 reason=3
[WARN] [1791219962.321015673] [upper_planner_node]: no valid preview interval at step=6; usable horizon=3 reason=3
[WARN] [1791219962.321109212] [upper_planner_node]: no valid preview interval at step=7; usable horizon=3 reason=3
[INFO] [1791219962.344472123] [upper_planner_node]: planner state input: Odometry topic=/motive/vehicle/odom_map yaw=orientation.z scalar
[INFO] [1791219962.347494874] [upper_planner_node]: Egocentric MIQP planner ready: rate=1.00Hz pred_dt=0.750s Nmax=7 lower_dt=0.100s target_v=6.000m/s scale=fullscale wheelbase=2.80m length=4.70m bev=40.00m margin=2.00m state=odom grid=/bev/occupancy_grid sparse=/planner/upper_path_sparse dense=/planner/lower_reference_path
[INFO] [1791219962.347677984] [upper_planner_node]: upper branch model: cumulative_increment=1 turn_window_at_split=1 turn_target_absolute=1 split_continuity=6.75m r_dpsi=3.000 lambda_turn=0.600
[WARN] [1791219962.362641942] [upper_planner_node]: no valid preview interval at step=7; usable horizon=6 reason=3
[WARN] [1791219962.365073858] [upper_planner_node]: no valid preview interval at step=6; usable horizon=5 reason=3
[WARN] [1791219962.365242984] [upper_planner_node]: no valid preview interval at step=7; usable horizon=5 reason=3
[WARN] [1791219962.365527761] [upper_planner_node]: no valid preview interval at step=4; usable horizon=3 reason=3
[WARN] [1791219962.365638676] [upper_planner_node]: no valid preview interval at step=5; usable horizon=3 reason=3
[WARN] [1791219962.365727639] [upper_planner_node]: no valid preview interval at step=6; usable horizon=3 reason=3
[WARN] [1791219962.365814490] [upper_planner_node]: no valid preview interval at step=7; usable horizon=3 reason=3
[INFO] [1791219962.386936178] [upper_planner_node]: planner state input: Odometry topic=/motive/vehicle/odom_map yaw=orientation.z scalar
[INFO] [1791219962.390171447] [upper_planner_node]: Egocentric MIQP planner ready: rate=1.00Hz pred_dt=0.750s Nmax=7 lower_dt=0.100s target_v=6.000m/s scale=fullscale wheelbase=2.80m length=4.70m bev=40.00m margin=2.00m state=odom grid=/bev/occupancy_grid sparse=/planner/upper_path_sparse dense=/planner/lower_reference_path
[INFO] [1791219962.390464384] [upper_planner_node]: upper branch model: cumulative_increment=1 turn_window_at_split=1 turn_target_absolute=1 split_continuity=6.75m r_dpsi=3.000 lambda_turn=0.600
[WARN] [1791219962.404609789] [upper_planner_node]: no valid preview interval at step=7; usable horizon=6 reason=3
[WARN] [1791219962.406956903] [upper_planner_node]: no valid preview interval at step=6; usable horizon=5 reason=3
[WARN] [1791219962.407089739] [upper_planner_node]: no valid preview interval at step=7; usable horizon=5 reason=3
[WARN] [1791219962.407373044] [upper_planner_node]: no valid preview interval at step=4; usable horizon=3 reason=3
[WARN] [1791219962.407472695] [upper_planner_node]: no valid preview interval at step=5; usable horizon=3 reason=3
[WARN] [1791219962.407557338] [upper_planner_node]: no valid preview interval at step=6; usable horizon=3 reason=3
[WARN] [1791219962.407680798] [upper_planner_node]: no valid preview interval at step=7; usable horizon=3 reason=3
