[INFO] [1791406579.722926717] [knu_batch_runner]: 10 SIH routes; results: /home/imac/ros2_ws/drive_batches/20261008_055617_scenario3_73cb2c/results/20261008_055619_515fea9d78
[INFO] [1791406582.792747356] [knu_batch_runner]: [1/10] scenario3
[INFO] [1791406621.677419868] [knu_batch_runner]: scenario3: completed 
[INFO] [1791406641.396316846] [knu_batch_runner]: [2/10] scenario3
[INFO] [1791406674.189011274] [knu_batch_runner]: scenario3: setup_timeout reference
[INFO] [1791406675.291862556] [knu_batch_runner]: [3/10] scenario3
[INFO] [1791406707.992013923] [knu_batch_runner]: scenario3: setup_timeout reference
[INFO] [1791406709.094979552] [knu_batch_runner]: [4/10] scenario3
[INFO] [1791406741.793413659] [knu_batch_runner]: scenario3: setup_timeout reference
[INFO] [1791406742.895844816] [knu_batch_runner]: [5/10] scenario3
[INFO] [1791406775.696087658] [knu_batch_runner]: scenario3: setup_timeout reference
[INFO] [1791406776.790845214] [knu_batch_runner]: [6/10] scenario3
[INFO] [1791406809.593096385] [knu_batch_runner]: scenario3: setup_timeout reference
[INFO] [1791406811.845113336] [knu_batch_runner]: [7/10] scenario3
[INFO] [1791406844.593587558] [knu_batch_runner]: scenario3: setup_timeout reference
[INFO] [1791406845.790622620] [knu_batch_runner]: [8/10] scenario3
[INFO] [1791406878.492311220] [knu_batch_runner]: scenario3: setup_timeout reference
[INFO] [1791406879.589986035] [knu_batch_runner]: [9/10] scenario3
[INFO] [1791406912.295899921] [knu_batch_runner]: scenario3: setup_timeout reference
[INFO] [1791406913.394363373] [knu_batch_runner]: [10/10] scenario3
[INFO] [1791406946.293893610] [knu_batch_runner]: scenario3: setup_timeout reference
[INFO] [1791406947.393368170] [knu_batch_runner]: Batch finished; results: /home/imac/ros2_ws/drive_batches/20261008_055617_scenario3_73cb2c/results/20261008_055619_515fea9d78/summary.csv
