[INFO] [1791406578.522894670] [rosbag2_recorder]: Press SPACE for pausing/resuming
[INFO] [1791406578.530065575] [rosbag2_recorder]: Listening for topics...
[INFO] [1791406578.530090472] [rosbag2_recorder]: Event publisher thread: Starting
[INFO] [1791406578.533404204] [rosbag2_recorder]: Subscribed to topic '/rosout'
[INFO] [1791406578.536227041] [rosbag2_recorder]: Subscribed to topic '/parameter_events'
[INFO] [1791406578.536860148] [rosbag2_recorder]: Recording...
[INFO] [1791406578.651230674] [rosbag2_recorder]: Subscribed to topic '/bev/occupancy_grid'
[INFO] [1791406578.759072426] [rosbag2_recorder]: Subscribed to topic '/motive/vehicle/odom_map'
[INFO] [1791406578.970387352] [rosbag2_recorder]: Subscribed to topic '/planner/goal_reached'
[INFO] [1791406578.978550958] [rosbag2_recorder]: Subscribed to topic '/debug/lower_mpc_trace'
[INFO] [1791406578.986788583] [rosbag2_recorder]: Subscribed to topic '/debug/upper_branch_event'
[INFO] [1791406578.995391883] [rosbag2_recorder]: Subscribed to topic '/debug/upper_interval_info'
[INFO] [1791406579.005002893] [rosbag2_recorder]: Subscribed to topic '/debug/upper_interval_centering_state'
[INFO] [1791406579.010364495] [rosbag2_recorder]: Subscribed to topic '/debug/upper_miqp_trace'
[INFO] [1791406579.014400681] [rosbag2_recorder]: Subscribed to topic '/debug/upper_stage_timing'
[INFO] [1791406579.020226937] [rosbag2_recorder]: Subscribed to topic '/planner/lower_reference_path/with_arclength'
[INFO] [1791406579.843771614] [rosbag2_recorder]: Subscribed to topic '/controller/reset'
[INFO] [1791406579.848490380] [rosbag2_recorder]: Subscribed to topic '/knu_batch/status'
[INFO] [1791406579.853126808] [rosbag2_recorder]: Subscribed to topic '/navigation/global_path'
[INFO] [1791406579.857665601] [rosbag2_recorder]: Subscribed to topic '/knu_batch/active_route'
[INFO] [1791406638.548960834] [rosbag2_cpp]: Writing remaining messages from cache to the bag. It may take a while
[INFO] [1791406698.555211489] [rosbag2_cpp]: Writing remaining messages from cache to the bag. It may take a while
[INFO] [1791406758.556696849] [rosbag2_cpp]: Writing remaining messages from cache to the bag. It may take a while
[INFO] [1791406818.565557133] [rosbag2_cpp]: Writing remaining messages from cache to the bag. It may take a while
[INFO] [1791406878.584209137] [rosbag2_cpp]: Writing remaining messages from cache to the bag. It may take a while
[INFO] [1791406938.587141752] [rosbag2_cpp]: Writing remaining messages from cache to the bag. It may take a while
[INFO] [1791406949.514909762] [rosbag2_cpp]: Writing remaining messages from cache to the bag. It may take a while
[INFO] [1791406949.521135870] [rosbag2_recorder]: Event publisher thread: Exiting
[INFO] [1791406949.521546059] [rosbag2_recorder]: Recording stopped
