[INFO] [1791406578.910546505] [upper_planner_node]: planner state input: Odometry topic=/motive/vehicle/odom_map yaw=orientation.z scalar
[INFO] [1791406578.946894706] [upper_planner_node]: k1 lane constraint trial: skip_front_clipped_k1_lane_constraints=false
[INFO] [1791406578.947546790] [upper_planner_node]: Egocentric MIQP planner ready: rate=2.00Hz pred_dt=0.750s Nmax=6 lower_dt=0.100s target_v=6.000m/s scale=fullscale wheelbase=2.80m length=4.70m bev=40.00m margin=2.00m state=odom grid=/bev/occupancy_grid sparse=/planner/upper_path_sparse dense=/planner/lower_reference_path
[INFO] [1791406578.947701707] [upper_planner_node]: upper branch model: cumulative_increment=1 turn_window_at_split=1 turn_target_absolute=1 split_continuity=6.75m r_dpsi=3.000 lambda_turn=0.600
[WARN] [1791406579.447876235] [upper_planner_node]: planner waiting for pose
[WARN] [1791406581.447928824] [upper_planner_node]: planner waiting for pose
[WARN] [1791406582.947931242] [upper_planner_node]: planner waiting for global path
[WARN] [1791406585.448008502] [upper_planner_node]: planner waiting for global path
[INFO] [1791406585.493756124] [upper_planner_node]: reference path loaded from /navigation/global_path: 8 points frame=map waypoint_bias=disabled
[INFO] [1791406585.948553026] [upper_planner_node]: waypoint pair advanced: [0,1] -> [1,2]; previous reference retained
[INFO] [1791406593.449079290] [upper_planner_node]: waypoint pair advanced: [1,2] -> [2,3]; previous reference retained
[INFO] [1791406598.448489579] [upper_planner_node]: waypoint pair advanced: [2,3] -> [3,4]; previous reference retained
[INFO] [1791406602.948615002] [upper_planner_node]: waypoint pair advanced: [3,4] -> [4,5]; previous reference retained
[INFO] [1791406607.949253597] [upper_planner_node]: waypoint pair advanced: [4,5] -> [5,6]; previous reference retained
[INFO] [1791406612.449176369] [upper_planner_node]: waypoint pair advanced: [5,6] -> [6,7]; previous reference retained
[WARN] [1791406613.450191726] [upper_planner_node]: egocentric MIQP failed: status=DAQP direct corridor QP infeasible: tried=2 solve_ms=0.209; retaining last published path
[WARN] [1791406613.949752736] [upper_planner_node]: no valid interval at the measured k=0 state; retaining future horizon=6 reason=3
[WARN] [1791406613.950594170] [upper_planner_node]: interval_diag step=4 reason=3 ref_body=(11.811,13.515) heading_deg=52.40 center_cell=(37,107) center_value=100 line_free=0 blocked=462 unknown=0 outside=2 longest_run=0 min_run=2 grid_free=1151 zero=1151 positive=15233 unknown=0 topic=/bev/occupancy_grid frame=Vehicle origin=(0.000,-20.000) origin_yaw_deg=0.00 size=128x128 res=0.3125 positive_is_drivable=0 threshold=1 waypoint_bias=0 previous=1
[WARN] [1791406613.950887170] [upper_planner_node]: no valid preview interval at step=4; usable horizon=3 reason=3
[WARN] [1791406613.951132650] [upper_planner_node]: no valid preview interval at step=5; usable horizon=3 reason=3
[WARN] [1791406613.951258318] [upper_planner_node]: horizon_diag configured=6 extent_limit=6 requested=6 usable=3 reserve=1 restore=1 step_m=4.500 previous=1
[WARN] [1791406614.449696190] [upper_planner_node]: no valid preview interval at step=2; usable horizon=1 reason=3
[WARN] [1791406614.450433524] [upper_planner_node]: no valid preview interval at step=3; usable horizon=1 reason=3
[WARN] [1791406614.450675195] [upper_planner_node]: no valid preview interval at step=4; usable horizon=1 reason=3
[WARN] [1791406614.450875809] [upper_planner_node]: no valid preview interval at step=5; usable horizon=1 reason=3
[WARN] [1791406614.451060807] [upper_planner_node]: no valid preview interval at step=6; usable horizon=1 reason=3
[WARN] [1791406614.452198249] [upper_planner_node]: egocentric MIQP failed: status=DAQP direct corridor QP infeasible: tried=2 solve_ms=0.253; retaining last published path
[WARN] [1791406615.452258186] [upper_planner_node]: egocentric MIQP failed: status=DAQP direct corridor QP infeasible: tried=1 solve_ms=0.503; retaining last published path
[WARN] [1791406618.950332879] [upper_planner_node]: interval_diag step=6 reason=3 ref_body=(26.416,-4.837) heading_deg=-11.02 center_cell=(84,48) center_value=100 line_free=0 blocked=408 unknown=0 outside=1 longest_run=0 min_run=2 grid_free=2096 zero=2096 positive=14288 unknown=0 topic=/bev/occupancy_grid frame=Vehicle origin=(0.000,-20.000) origin_yaw_deg=0.00 size=128x128 res=0.3125 positive_is_drivable=0 threshold=1 waypoint_bias=0 previous=1
[WARN] [1791406618.950935841] [upper_planner_node]: no valid preview interval at step=6; usable horizon=5 reason=3
[WARN] [1791406618.951058021] [upper_planner_node]: horizon_diag configured=6 extent_limit=6 requested=6 usable=5 reserve=1 restore=1 step_m=4.500 previous=1
[WARN] [1791406619.450939457] [upper_planner_node]: no valid preview interval at step=6; usable horizon=5 reason=3
[WARN] [1791406619.950601271] [upper_planner_node]: no valid preview interval at step=5; usable horizon=4 reason=3
[WARN] [1791406619.951188873] [upper_planner_node]: no valid preview interval at step=6; usable horizon=4 reason=3
[WARN] [1791406620.449475093] [upper_planner_node]: no valid preview interval at step=4; usable horizon=3 reason=3
[WARN] [1791406620.449866369] [upper_planner_node]: no valid preview interval at step=5; usable horizon=3 reason=3
[WARN] [1791406620.450104360] [upper_planner_node]: no valid preview interval at step=6; usable horizon=3 reason=3
[WARN] [1791406620.951040933] [upper_planner_node]: interval_diag step=4 reason=3 ref_body=(17.998,0.293) heading_deg=0.93 center_cell=(57,64) center_value=100 line_free=0 blocked=401 unknown=0 outside=1 longest_run=0 min_run=2 grid_free=1222 zero=1222 positive=15162 unknown=0 topic=/bev/occupancy_grid frame=Vehicle origin=(0.000,-20.000) origin_yaw_deg=0.00 size=128x128 res=0.3125 positive_is_drivable=0 threshold=1 waypoint_bias=0 previous=0
[WARN] [1791406620.951597910] [upper_planner_node]: no valid preview interval at step=4; usable horizon=3 reason=3
[WARN] [1791406620.951838557] [upper_planner_node]: no valid preview interval at step=5; usable horizon=3 reason=3
[WARN] [1791406620.952040195] [upper_planner_node]: no valid preview interval at step=6; usable horizon=3 reason=3
[WARN] [1791406620.952148134] [upper_planner_node]: horizon_diag configured=6 extent_limit=6 requested=6 usable=3 reserve=1 restore=1 step_m=4.500 previous=0
[WARN] [1791406621.450820094] [upper_planner_node]: no valid preview interval at step=3; usable horizon=2 reason=3
[WARN] [1791406621.451509075] [upper_planner_node]: no valid preview interval at step=4; usable horizon=2 reason=3
[WARN] [1791406621.451727034] [upper_planner_node]: no valid preview interval at step=5; usable horizon=2 reason=3
[WARN] [1791406621.451922816] [upper_planner_node]: no valid preview interval at step=6; usable horizon=2 reason=3
[WARN] [1791406621.950376945] [upper_planner_node]: no valid preview interval at step=3; usable horizon=2 reason=3
[WARN] [1791406621.950855808] [upper_planner_node]: no valid preview interval at step=4; usable horizon=2 reason=3
[WARN] [1791406621.950991172] [upper_planner_node]: no valid preview interval at step=5; usable horizon=2 reason=3
[WARN] [1791406621.951112039] [upper_planner_node]: no valid preview interval at step=6; usable horizon=2 reason=3
[WARN] [1791406622.449519032] [upper_planner_node]: no valid preview interval at step=2; usable horizon=1 reason=3
[WARN] [1791406622.449843330] [upper_planner_node]: no valid preview interval at step=3; usable horizon=1 reason=3
[WARN] [1791406622.450004742] [upper_planner_node]: no valid preview interval at step=4; usable horizon=1 reason=3
[WARN] [1791406622.450189036] [upper_planner_node]: no valid preview interval at step=5; usable horizon=1 reason=3
[WARN] [1791406622.450338769] [upper_planner_node]: no valid preview interval at step=6; usable horizon=1 reason=3
[WARN] [1791406622.951120713] [upper_planner_node]: egocentric MIQP failed: status=DAQP direct corridor QP infeasible: tried=1 solve_ms=0.367; retaining last published path
[WARN] [1791406623.949406102] [upper_planner_node]: no valid interval at the measured k=0 state; retaining future horizon=6 reason=3
[WARN] [1791406624.449960103] [upper_planner_node]: no valid interval at the measured k=0 state; retaining future horizon=6 reason=3
[WARN] [1791406624.451725789] [upper_planner_node]: egocentric MIQP failed: status=DAQP direct corridor QP infeasible: tried=1 solve_ms=0.317; retaining last published path
[WARN] [1791406624.950985447] [upper_planner_node]: no valid interval at the measured k=0 state; retaining future horizon=6 reason=3
[WARN] [1791406625.449944777] [upper_planner_node]: no valid interval at the measured k=0 state; retaining future horizon=6 reason=3
[WARN] [1791406625.451837826] [upper_planner_node]: egocentric MIQP failed: status=DAQP direct corridor QP infeasible: tried=1 solve_ms=0.312; retaining last published path
[WARN] [1791406625.949811909] [upper_planner_node]: no valid interval at the measured k=0 state; retaining future horizon=6 reason=3
[WARN] [1791406626.450159057] [upper_planner_node]: no valid interval at the measured k=0 state; retaining future horizon=6 reason=3
[WARN] [1791406626.452056202] [upper_planner_node]: egocentric MIQP failed: status=DAQP direct corridor QP infeasible: tried=1 solve_ms=0.319; retaining last published path
[WARN] [1791406626.950004045] [upper_planner_node]: no valid interval at the measured k=0 state; retaining future horizon=6 reason=3
[WARN] [1791406627.450284727] [upper_planner_node]: no valid interval at the measured k=0 state; retaining future horizon=6 reason=3
[WARN] [1791406627.452680895] [upper_planner_node]: egocentric MIQP failed: status=DAQP direct corridor QP infeasible: tried=1 solve_ms=0.850; retaining last published path
[WARN] [1791406627.949899852] [upper_planner_node]: no valid interval at the measured k=0 state; retaining future horizon=6 reason=3
[WARN] [1791406628.450183830] [upper_planner_node]: no valid interval at the measured k=0 state; retaining future horizon=6 reason=3
[WARN] [1791406628.949893710] [upper_planner_node]: no valid interval at the measured k=0 state; retaining future horizon=6 reason=3
[WARN] [1791406628.951774503] [upper_planner_node]: egocentric MIQP failed: status=DAQP direct corridor QP infeasible: tried=1 solve_ms=0.310; retaining last published path
[WARN] [1791406629.450651526] [upper_planner_node]: no valid interval at the measured k=0 state; retaining future horizon=6 reason=3
[WARN] [1791406629.950237243] [upper_planner_node]: no valid interval at the measured k=0 state; retaining future horizon=6 reason=3
[WARN] [1791406629.951963311] [upper_planner_node]: egocentric MIQP failed: status=DAQP direct corridor QP infeasible: tried=1 solve_ms=0.317; retaining last published path
[WARN] [1791406630.449649163] [upper_planner_node]: no valid interval at the measured k=0 state; retaining future horizon=6 reason=3
[WARN] [1791406630.950462789] [upper_planner_node]: no valid interval at the measured k=0 state; retaining future horizon=6 reason=3
[WARN] [1791406630.952226810] [upper_planner_node]: egocentric MIQP failed: status=DAQP direct corridor QP infeasible: tried=1 solve_ms=0.317; retaining last published path
[WARN] [1791406631.450231904] [upper_planner_node]: no valid interval at the measured k=0 state; retaining future horizon=6 reason=3
[WARN] [1791406631.950225409] [upper_planner_node]: no valid interval at the measured k=0 state; retaining future horizon=6 reason=3
[WARN] [1791406632.449781909] [upper_planner_node]: no valid interval at the measured k=0 state; retaining future horizon=6 reason=3
[WARN] [1791406632.450771795] [upper_planner_node]: egocentric MIQP failed: status=DAQP direct corridor QP infeasible: tried=1 solve_ms=0.140; retaining last published path
[WARN] [1791406632.950417514] [upper_planner_node]: no valid interval at the measured k=0 state; retaining future horizon=6 reason=3
[WARN] [1791406633.449647413] [upper_planner_node]: no valid interval at the measured k=0 state; retaining future horizon=6 reason=3
[WARN] [1791406633.951608882] [upper_planner_node]: no valid interval at the measured k=0 state; retaining future horizon=6 reason=3
[WARN] [1791406633.953907831] [upper_planner_node]: egocentric MIQP failed: status=DAQP direct corridor QP infeasible: tried=1 solve_ms=0.225; retaining last published path
[WARN] [1791406634.449899168] [upper_planner_node]: no valid interval at the measured k=0 state; retaining future horizon=6 reason=3
[WARN] [1791406634.949734749] [upper_planner_node]: no valid interval at the measured k=0 state; retaining future horizon=6 reason=3
[WARN] [1791406635.450505878] [upper_planner_node]: no valid interval at the measured k=0 state; retaining future horizon=6 reason=3
[WARN] [1791406635.452302604] [upper_planner_node]: egocentric MIQP failed: status=DAQP direct corridor QP infeasible: tried=1 solve_ms=0.306; retaining last published path
[WARN] [1791406635.950251345] [upper_planner_node]: no valid interval at the measured k=0 state; retaining future horizon=6 reason=3
[WARN] [1791406636.450239026] [upper_planner_node]: no valid interval at the measured k=0 state; retaining future horizon=6 reason=3
[WARN] [1791406636.950436186] [upper_planner_node]: no valid interval at the measured k=0 state; retaining future horizon=6 reason=3
[WARN] [1791406636.952085996] [upper_planner_node]: egocentric MIQP failed: status=DAQP direct corridor QP infeasible: tried=1 solve_ms=0.314; retaining last published path
[WARN] [1791406637.450112435] [upper_planner_node]: no valid interval at the measured k=0 state; retaining future horizon=6 reason=3
[WARN] [1791406637.950935886] [upper_planner_node]: no valid interval at the measured k=0 state; retaining future horizon=6 reason=3
[WARN] [1791406637.953190578] [upper_planner_node]: egocentric MIQP failed: status=DAQP direct corridor QP infeasible: tried=1 solve_ms=0.518; retaining last published path
[WARN] [1791406638.450243420] [upper_planner_node]: no valid interval at the measured k=0 state; retaining future horizon=6 reason=3
[WARN] [1791406638.950380738] [upper_planner_node]: no valid interval at the measured k=0 state; retaining future horizon=6 reason=3
[WARN] [1791406639.450488776] [upper_planner_node]: no valid interval at the measured k=0 state; retaining future horizon=6 reason=3
[WARN] [1791406639.452378849] [upper_planner_node]: egocentric MIQP failed: status=DAQP direct corridor QP infeasible: tried=1 solve_ms=0.348; retaining last published path
[WARN] [1791406639.951669070] [upper_planner_node]: no valid interval at the measured k=0 state; retaining future horizon=6 reason=3
[WARN] [1791406640.450632786] [upper_planner_node]: no valid interval at the measured k=0 state; retaining future horizon=6 reason=3
[WARN] [1791406640.453951606] [upper_planner_node]: egocentric MIQP failed: status=DAQP direct corridor QP infeasible: tried=1 solve_ms=1.046; retaining last published path
[WARN] [1791406640.950657749] [upper_planner_node]: no valid interval at the measured k=0 state; retaining future horizon=6 reason=3
[WARN] [1791406641.450639991] [upper_planner_node]: no valid interval at the measured k=0 state; retaining future horizon=6 reason=3
[WARN] [1791406641.454387432] [upper_planner_node]: egocentric MIQP failed: status=DAQP direct corridor QP infeasible: tried=1 solve_ms=1.143; retaining last published path
[WARN] [1791406641.950644218] [upper_planner_node]: no valid interval at the measured k=0 state; retaining future horizon=6 reason=3
[WARN] [1791406642.450110253] [upper_planner_node]: no valid interval at the measured k=0 state; retaining future horizon=6 reason=3
[WARN] [1791406642.950662592] [upper_planner_node]: interval_diag step=2 reason=3 ref_body=(4.200,7.960) heading_deg=62.18 center_cell=(13,89) center_value=100 line_free=0 blocked=453 unknown=0 outside=1 longest_run=0 min_run=2 grid_free=265 zero=265 positive=16119 unknown=0 topic=/bev/occupancy_grid frame=Vehicle origin=(0.000,-20.000) origin_yaw_deg=0.00 size=128x128 res=0.3125 positive_is_drivable=0 threshold=1 waypoint_bias=0 previous=0
[WARN] [1791406642.951118606] [upper_planner_node]: no valid preview interval at step=2; usable horizon=1 reason=3
[WARN] [1791406642.951256114] [upper_planner_node]: no valid preview interval at step=3; usable horizon=1 reason=3
[WARN] [1791406642.951380918] [upper_planner_node]: no valid preview interval at step=4; usable horizon=1 reason=3
[WARN] [1791406642.951535067] [upper_planner_node]: no valid preview interval at step=5; usable horizon=1 reason=3
[WARN] [1791406642.951629438] [upper_planner_node]: horizon_diag configured=6 extent_limit=6 requested=6 usable=1 reserve=1 restore=1 step_m=4.500 previous=0
[WARN] [1791406642.952506008] [upper_planner_node]: egocentric MIQP failed: status=DAQP direct corridor QP infeasible: tried=1 solve_ms=0.217; retaining last published path
[WARN] [1791406643.952778278] [upper_planner_node]: egocentric MIQP failed: status=DAQP direct corridor QP infeasible: tried=4 solve_ms=0.522; retaining last published path
[WARN] [1791406645.453415875] [upper_planner_node]: egocentric MIQP failed: status=DAQP direct corridor QP infeasible: tried=4 solve_ms=0.448; retaining last published path
[WARN] [1791406646.952524370] [upper_planner_node]: egocentric MIQP failed: status=DAQP direct corridor QP infeasible: tried=4 solve_ms=0.483; retaining last published path
[WARN] [1791406647.952882916] [upper_planner_node]: egocentric MIQP failed: status=DAQP direct corridor QP infeasible: tried=8 solve_ms=0.689; retaining last published path
[WARN] [1791406648.953255286] [upper_planner_node]: egocentric MIQP failed: status=DAQP direct corridor QP infeasible: tried=6 solve_ms=0.397; retaining last published path
[WARN] [1791406650.452611694] [upper_planner_node]: egocentric MIQP failed: status=DAQP direct corridor QP infeasible: tried=4 solve_ms=0.482; retaining last published path
[WARN] [1791406651.953241549] [upper_planner_node]: egocentric MIQP failed: status=DAQP direct corridor QP infeasible: tried=6 solve_ms=0.447; retaining last published path
[WARN] [1791406653.455187508] [upper_planner_node]: egocentric MIQP failed: status=DAQP direct corridor QP infeasible: tried=6 solve_ms=0.663; retaining last published path
[WARN] [1791406654.951733016] [upper_planner_node]: egocentric MIQP failed: status=DAQP direct corridor QP infeasible: tried=4 solve_ms=0.335; retaining last published path
[WARN] [1791406655.952911493] [upper_planner_node]: egocentric MIQP failed: status=DAQP direct corridor QP infeasible: tried=6 solve_ms=0.537; retaining last published path
[WARN] [1791406656.953864715] [upper_planner_node]: egocentric MIQP failed: status=DAQP direct corridor QP infeasible: tried=12 solve_ms=1.662; retaining last published path
[WARN] [1791406657.953918582] [upper_planner_node]: egocentric MIQP failed: status=DAQP direct corridor QP infeasible: tried=4 solve_ms=0.482; retaining last published path
[WARN] [1791406658.954182695] [upper_planner_node]: egocentric MIQP failed: status=DAQP direct corridor QP infeasible: tried=4 solve_ms=0.514; retaining last published path
[WARN] [1791406660.456202131] [upper_planner_node]: egocentric MIQP failed: status=DAQP direct corridor QP infeasible: tried=4 solve_ms=0.702; retaining last published path
[WARN] [1791406661.952852285] [upper_planner_node]: egocentric MIQP failed: status=DAQP direct corridor QP infeasible: tried=4 solve_ms=0.444; retaining last published path
[WARN] [1791406662.952922889] [upper_planner_node]: egocentric MIQP failed: status=DAQP direct corridor QP infeasible: tried=4 solve_ms=0.479; retaining last published path
[WARN] [1791406663.953510854] [upper_planner_node]: egocentric MIQP failed: status=DAQP direct corridor QP infeasible: tried=4 solve_ms=0.493; retaining last published path
[WARN] [1791406664.955071360] [upper_planner_node]: egocentric MIQP failed: status=DAQP direct corridor QP infeasible: tried=6 solve_ms=0.576; retaining last published path
[WARN] [1791406666.451985843] [upper_planner_node]: egocentric MIQP failed: status=DAQP direct corridor QP infeasible: tried=4 solve_ms=0.329; retaining last published path
[WARN] [1791406667.454641583] [upper_planner_node]: egocentric MIQP failed: status=DAQP direct corridor QP infeasible: tried=6 solve_ms=1.439; retaining last published path
[WARN] [1791406668.953009967] [upper_planner_node]: egocentric MIQP failed: status=DAQP direct corridor QP infeasible: tried=6 solve_ms=0.534; retaining last published path
[WARN] [1791406670.453269769] [upper_planner_node]: egocentric MIQP failed: status=DAQP direct corridor QP infeasible: tried=4 solve_ms=0.462; retaining last published path
[WARN] [1791406671.453373465] [upper_planner_node]: egocentric MIQP failed: status=DAQP direct corridor QP infeasible: tried=6 solve_ms=0.577; retaining last published path
[WARN] [1791406672.453581388] [upper_planner_node]: egocentric MIQP failed: status=DAQP direct corridor QP infeasible: tried=6 solve_ms=0.560; retaining last published path
[WARN] [1791406673.954192082] [upper_planner_node]: egocentric MIQP failed: status=DAQP direct corridor QP infeasible: tried=6 solve_ms=0.517; retaining last published path
[WARN] [1791406675.452915903] [upper_planner_node]: egocentric MIQP failed: status=DAQP direct corridor QP infeasible: tried=4 solve_ms=0.444; retaining last published path
[WARN] [1791406676.453948844] [upper_planner_node]: egocentric MIQP failed: status=DAQP direct corridor QP infeasible: tried=4 solve_ms=0.457; retaining last published path
[WARN] [1791406677.954751832] [upper_planner_node]: egocentric MIQP failed: status=DAQP direct corridor QP infeasible: tried=4 solve_ms=0.477; retaining last published path
[WARN] [1791406679.453494280] [upper_planner_node]: egocentric MIQP failed: status=DAQP direct corridor QP infeasible: tried=4 solve_ms=0.488; retaining last published path
[WARN] [1791406680.453534839] [upper_planner_node]: egocentric MIQP failed: status=DAQP direct corridor QP infeasible: tried=4 solve_ms=0.461; retaining last published path
[WARN] [1791406681.453676362] [upper_planner_node]: egocentric MIQP failed: status=DAQP direct corridor QP infeasible: tried=4 solve_ms=0.492; retaining last published path
[WARN] [1791406682.953739234] [upper_planner_node]: egocentric MIQP failed: status=DAQP direct corridor QP infeasible: tried=4 solve_ms=0.486; retaining last published path
[WARN] [1791406684.453384430] [upper_planner_node]: egocentric MIQP failed: status=DAQP direct corridor QP infeasible: tried=4 solve_ms=0.419; retaining last published path
[WARN] [1791406685.453908590] [upper_planner_node]: egocentric MIQP failed: status=DAQP direct corridor QP infeasible: tried=4 solve_ms=0.463; retaining last published path
[WARN] [1791406686.953549915] [upper_planner_node]: egocentric MIQP failed: status=DAQP direct corridor QP infeasible: tried=4 solve_ms=0.493; retaining last published path
[WARN] [1791406687.953578059] [upper_planner_node]: egocentric MIQP failed: status=DAQP direct corridor QP infeasible: tried=6 solve_ms=0.529; retaining last published path
[WARN] [1791406688.954900484] [upper_planner_node]: egocentric MIQP failed: status=DAQP direct corridor QP infeasible: tried=4 solve_ms=0.494; retaining last published path
[WARN] [1791406690.453799899] [upper_planner_node]: egocentric MIQP failed: status=DAQP direct corridor QP infeasible: tried=6 solve_ms=0.588; retaining last published path
[WARN] [1791406691.454107189] [upper_planner_node]: egocentric MIQP failed: status=DAQP direct corridor QP infeasible: tried=4 solve_ms=0.474; retaining last published path
[WARN] [1791406692.953343864] [upper_planner_node]: egocentric MIQP failed: status=DAQP direct corridor QP infeasible: tried=4 solve_ms=0.406; retaining last published path
[WARN] [1791406693.953894394] [upper_planner_node]: egocentric MIQP failed: status=DAQP direct corridor QP infeasible: tried=6 solve_ms=0.553; retaining last published path
[WARN] [1791406694.955325495] [upper_planner_node]: egocentric MIQP failed: status=DAQP direct corridor QP infeasible: tried=6 solve_ms=0.493; retaining last published path
[WARN] [1791406696.453993289] [upper_planner_node]: egocentric MIQP failed: status=DAQP direct corridor QP infeasible: tried=6 solve_ms=0.564; retaining last published path
[WARN] [1791406697.454189825] [upper_planner_node]: egocentric MIQP failed: status=DAQP direct corridor QP infeasible: tried=6 solve_ms=0.552; retaining last published path
[WARN] [1791406698.954904690] [upper_planner_node]: egocentric MIQP failed: status=DAQP direct corridor QP infeasible: tried=4 solve_ms=0.535; retaining last published path
[WARN] [1791406699.955961349] [upper_planner_node]: egocentric MIQP failed: status=DAQP direct corridor QP infeasible: tried=4 solve_ms=0.475; retaining last published path
[WARN] [1791406701.453310769] [upper_planner_node]: egocentric MIQP failed: status=DAQP direct corridor QP infeasible: tried=4 solve_ms=0.456; retaining last published path
[WARN] [1791406702.454719183] [upper_planner_node]: egocentric MIQP failed: status=DAQP direct corridor QP infeasible: tried=4 solve_ms=0.500; retaining last published path
[WARN] [1791406703.955065110] [upper_planner_node]: egocentric MIQP failed: status=DAQP direct corridor QP infeasible: tried=4 solve_ms=0.494; retaining last published path
[WARN] [1791406705.454319517] [upper_planner_node]: egocentric MIQP failed: status=DAQP direct corridor QP infeasible: tried=4 solve_ms=0.484; retaining last published path
[WARN] [1791406706.954368893] [upper_planner_node]: egocentric MIQP failed: status=DAQP direct corridor QP infeasible: tried=4 solve_ms=0.450; retaining last published path
[WARN] [1791406708.455809831] [upper_planner_node]: egocentric MIQP failed: status=DAQP direct corridor QP infeasible: tried=4 solve_ms=0.486; retaining last published path
[WARN] [1791406709.954363706] [upper_planner_node]: egocentric MIQP failed: status=DAQP direct corridor QP infeasible: tried=4 solve_ms=0.441; retaining last published path
[WARN] [1791406711.454634434] [upper_planner_node]: egocentric MIQP failed: status=DAQP direct corridor QP infeasible: tried=6 solve_ms=0.573; retaining last published path
[WARN] [1791406712.955736387] [upper_planner_node]: egocentric MIQP failed: status=DAQP direct corridor QP infeasible: tried=4 solve_ms=0.453; retaining last published path
[WARN] [1791406714.454816264] [upper_planner_node]: egocentric MIQP failed: status=DAQP direct corridor QP infeasible: tried=4 solve_ms=0.491; retaining last published path
[WARN] [1791406715.456866172] [upper_planner_node]: egocentric MIQP failed: status=DAQP direct corridor QP infeasible: tried=4 solve_ms=0.470; retaining last published path
[WARN] [1791406716.955496691] [upper_planner_node]: egocentric MIQP failed: status=DAQP direct corridor QP infeasible: tried=4 solve_ms=1.112; retaining last published path
[WARN] [1791406718.454647771] [upper_planner_node]: egocentric MIQP failed: status=DAQP direct corridor QP infeasible: tried=4 solve_ms=0.483; retaining last published path
[WARN] [1791406719.955877059] [upper_planner_node]: egocentric MIQP failed: status=DAQP direct corridor QP infeasible: tried=4 solve_ms=0.476; retaining last published path
[WARN] [1791406721.455042636] [upper_planner_node]: egocentric MIQP failed: status=DAQP direct corridor QP infeasible: tried=6 solve_ms=0.608; retaining last published path
[WARN] [1791406722.455222729] [upper_planner_node]: egocentric MIQP failed: status=DAQP direct corridor QP infeasible: tried=6 solve_ms=0.682; retaining last published path
[WARN] [1791406723.456224159] [upper_planner_node]: egocentric MIQP failed: status=DAQP direct corridor QP infeasible: tried=8 solve_ms=0.676; retaining last published path
[WARN] [1791406724.954235110] [upper_planner_node]: egocentric MIQP failed: status=DAQP direct corridor QP infeasible: tried=6 solve_ms=0.498; retaining last published path
[WARN] [1791406726.454790075] [upper_planner_node]: egocentric MIQP failed: status=DAQP direct corridor QP infeasible: tried=6 solve_ms=0.498; retaining last published path
[WARN] [1791406727.455308451] [upper_planner_node]: egocentric MIQP failed: status=DAQP direct corridor QP infeasible: tried=6 solve_ms=0.567; retaining last published path
[WARN] [1791406728.956503308] [upper_planner_node]: egocentric MIQP failed: status=DAQP direct corridor QP infeasible: tried=4 solve_ms=1.301; retaining last published path
[WARN] [1791406730.455159401] [upper_planner_node]: egocentric MIQP failed: status=DAQP direct corridor QP infeasible: tried=4 solve_ms=0.530; retaining last published path
[WARN] [1791406731.456274020] [upper_planner_node]: egocentric MIQP failed: status=DAQP direct corridor QP infeasible: tried=4 solve_ms=1.182; retaining last published path
[WARN] [1791406732.953944931] [upper_planner_node]: egocentric MIQP failed: status=DAQP direct corridor QP infeasible: tried=4 solve_ms=0.303; retaining last published path
[WARN] [1791406734.453939210] [upper_planner_node]: egocentric MIQP failed: status=DAQP direct corridor QP infeasible: tried=4 solve_ms=0.332; retaining last published path
[WARN] [1791406735.456356525] [upper_planner_node]: egocentric MIQP failed: status=DAQP direct corridor QP infeasible: tried=4 solve_ms=0.520; retaining last published path
[WARN] [1791406736.955171632] [upper_planner_node]: egocentric MIQP failed: status=DAQP direct corridor QP infeasible: tried=4 solve_ms=0.515; retaining last published path
[WARN] [1791406737.955561270] [upper_planner_node]: egocentric MIQP failed: status=DAQP direct corridor QP infeasible: tried=4 solve_ms=0.493; retaining last published path
[WARN] [1791406739.455789413] [upper_planner_node]: egocentric MIQP failed: status=DAQP direct corridor QP infeasible: tried=4 solve_ms=0.479; retaining last published path
[WARN] [1791406740.955146490] [upper_planner_node]: egocentric MIQP failed: status=DAQP direct corridor QP infeasible: tried=4 solve_ms=0.542; retaining last published path
[WARN] [1791406741.955634308] [upper_planner_node]: egocentric MIQP failed: status=DAQP direct corridor QP infeasible: tried=4 solve_ms=0.504; retaining last published path
[WARN] [1791406743.456091803] [upper_planner_node]: egocentric MIQP failed: status=DAQP direct corridor QP infeasible: tried=4 solve_ms=0.487; retaining last published path
[WARN] [1791406744.456239419] [upper_planner_node]: egocentric MIQP failed: status=DAQP direct corridor QP infeasible: tried=4 solve_ms=0.497; retaining last published path
[WARN] [1791406745.955873402] [upper_planner_node]: egocentric MIQP failed: status=DAQP direct corridor QP infeasible: tried=9 solve_ms=0.506; retaining last published path
[WARN] [1791406746.956790418] [upper_planner_node]: egocentric MIQP failed: status=DAQP direct corridor QP infeasible: tried=9 solve_ms=0.754; retaining last published path
[WARN] [1791406748.455232910] [upper_planner_node]: egocentric MIQP failed: status=DAQP direct corridor QP infeasible: tried=4 solve_ms=0.443; retaining last published path
[WARN] [1791406749.455332941] [upper_planner_node]: egocentric MIQP failed: status=DAQP direct corridor QP infeasible: tried=4 solve_ms=0.390; retaining last published path
[WARN] [1791406750.955589088] [upper_planner_node]: egocentric MIQP failed: status=DAQP direct corridor QP infeasible: tried=4 solve_ms=0.482; retaining last published path
[WARN] [1791406751.955844645] [upper_planner_node]: egocentric MIQP failed: status=DAQP direct corridor QP infeasible: tried=4 solve_ms=0.471; retaining last published path
[WARN] [1791406752.956245967] [upper_planner_node]: egocentric MIQP failed: status=DAQP direct corridor QP infeasible: tried=4 solve_ms=0.500; retaining last published path
[WARN] [1791406753.957042372] [upper_planner_node]: egocentric MIQP failed: status=DAQP direct corridor QP infeasible: tried=4 solve_ms=0.691; retaining last published path
[WARN] [1791406755.455478434] [upper_planner_node]: egocentric MIQP failed: status=DAQP direct corridor QP infeasible: tried=4 solve_ms=0.494; retaining last published path
[WARN] [1791406756.456975853] [upper_planner_node]: egocentric MIQP failed: status=DAQP direct corridor QP infeasible: tried=4 solve_ms=0.484; retaining last published path
[WARN] [1791406757.956524173] [upper_planner_node]: egocentric MIQP failed: status=DAQP direct corridor QP infeasible: tried=4 solve_ms=0.764; retaining last published path
[WARN] [1791406759.455848838] [upper_planner_node]: egocentric MIQP failed: status=DAQP direct corridor QP infeasible: tried=4 solve_ms=0.452; retaining last published path
[WARN] [1791406760.457280912] [upper_planner_node]: egocentric MIQP failed: status=DAQP direct corridor QP infeasible: tried=4 solve_ms=0.483; retaining last published path
[WARN] [1791406761.955231265] [upper_planner_node]: egocentric MIQP failed: status=DAQP direct corridor QP infeasible: tried=4 solve_ms=0.525; retaining last published path
[WARN] [1791406762.956237918] [upper_planner_node]: egocentric MIQP failed: status=DAQP direct corridor QP infeasible: tried=4 solve_ms=0.480; retaining last published path
[WARN] [1791406764.456064873] [upper_planner_node]: egocentric MIQP failed: status=DAQP direct corridor QP infeasible: tried=4 solve_ms=0.449; retaining last published path
[WARN] [1791406765.955135900] [upper_planner_node]: egocentric MIQP failed: status=DAQP direct corridor QP infeasible: tried=4 solve_ms=0.424; retaining last published path
[WARN] [1791406766.956169147] [upper_planner_node]: egocentric MIQP failed: status=DAQP direct corridor QP infeasible: tried=4 solve_ms=0.479; retaining last published path
[WARN] [1791406768.458650647] [upper_planner_node]: egocentric MIQP failed: status=DAQP direct corridor QP infeasible: tried=4 solve_ms=0.450; retaining last published path
[WARN] [1791406769.956261727] [upper_planner_node]: egocentric MIQP failed: status=DAQP direct corridor QP infeasible: tried=4 solve_ms=0.503; retaining last published path
[WARN] [1791406770.956365443] [upper_planner_node]: egocentric MIQP failed: status=DAQP direct corridor QP infeasible: tried=4 solve_ms=0.466; retaining last published path
[WARN] [1791406771.957224574] [upper_planner_node]: egocentric MIQP failed: status=DAQP direct corridor QP infeasible: tried=6 solve_ms=0.575; retaining last published path
[WARN] [1791406772.957666253] [upper_planner_node]: egocentric MIQP failed: status=DAQP direct corridor QP infeasible: tried=6 solve_ms=0.599; retaining last published path
[WARN] [1791406774.456039885] [upper_planner_node]: egocentric MIQP failed: status=DAQP direct corridor QP infeasible: tried=4 solve_ms=0.486; retaining last published path
[WARN] [1791406775.458259346] [upper_planner_node]: egocentric MIQP failed: status=DAQP direct corridor QP infeasible: tried=4 solve_ms=0.799; retaining last published path
[WARN] [1791406776.957492718] [upper_planner_node]: egocentric MIQP failed: status=DAQP direct corridor QP infeasible: tried=4 solve_ms=0.451; retaining last published path
[WARN] [1791406778.456720201] [upper_planner_node]: egocentric MIQP failed: status=DAQP direct corridor QP infeasible: tried=6 solve_ms=0.518; retaining last published path
[WARN] [1791406779.956310384] [upper_planner_node]: egocentric MIQP failed: status=DAQP direct corridor QP infeasible: tried=4 solve_ms=0.446; retaining last published path
[WARN] [1791406781.456722897] [upper_planner_node]: egocentric MIQP failed: status=DAQP direct corridor QP infeasible: tried=9 solve_ms=0.652; retaining last published path
[WARN] [1791406782.957306551] [upper_planner_node]: egocentric MIQP failed: status=DAQP direct corridor QP infeasible: tried=9 solve_ms=0.583; retaining last published path
[WARN] [1791406783.957788489] [upper_planner_node]: egocentric MIQP failed: status=DAQP direct corridor QP infeasible: tried=9 solve_ms=0.703; retaining last published path
[WARN] [1791406785.457771165] [upper_planner_node]: egocentric MIQP failed: status=DAQP direct corridor QP infeasible: tried=6 solve_ms=0.597; retaining last published path
[WARN] [1791406786.457985991] [upper_planner_node]: egocentric MIQP failed: status=DAQP direct corridor QP infeasible: tried=6 solve_ms=0.538; retaining last published path
[WARN] [1791406787.957016800] [upper_planner_node]: egocentric MIQP failed: status=DAQP direct corridor QP infeasible: tried=9 solve_ms=0.694; retaining last published path
[WARN] [1791406788.957118695] [upper_planner_node]: egocentric MIQP failed: status=DAQP direct corridor QP infeasible: tried=9 solve_ms=0.726; retaining last published path
[WARN] [1791406790.457204032] [upper_planner_node]: egocentric MIQP failed: status=DAQP direct corridor QP infeasible: tried=9 solve_ms=0.708; retaining last published path
[WARN] [1791406791.956740840] [upper_planner_node]: egocentric MIQP failed: status=DAQP direct corridor QP infeasible: tried=4 solve_ms=0.471; retaining last published path
[WARN] [1791406793.456609756] [upper_planner_node]: egocentric MIQP failed: status=DAQP direct corridor QP infeasible: tried=4 solve_ms=0.473; retaining last published path
[WARN] [1791406794.955868765] [upper_planner_node]: egocentric MIQP failed: status=DAQP direct corridor QP infeasible: tried=9 solve_ms=0.521; retaining last published path
[WARN] [1791406795.956881857] [upper_planner_node]: egocentric MIQP failed: status=DAQP direct corridor QP infeasible: tried=9 solve_ms=0.633; retaining last published path
[WARN] [1791406796.957300467] [upper_planner_node]: egocentric MIQP failed: status=DAQP direct corridor QP infeasible: tried=9 solve_ms=0.692; retaining last published path
[WARN] [1791406798.456756091] [upper_planner_node]: egocentric MIQP failed: status=DAQP direct corridor QP infeasible: tried=4 solve_ms=0.482; retaining last published path
[WARN] [1791406799.456829219] [upper_planner_node]: egocentric MIQP failed: status=DAQP direct corridor QP infeasible: tried=4 solve_ms=0.477; retaining last published path
[WARN] [1791406800.955992963] [upper_planner_node]: egocentric MIQP failed: status=DAQP direct corridor QP infeasible: tried=4 solve_ms=0.254; retaining last published path
[WARN] [1791406801.957818976] [upper_planner_node]: egocentric MIQP failed: status=DAQP direct corridor QP infeasible: tried=9 solve_ms=0.719; retaining last published path
[WARN] [1791406803.457201576] [upper_planner_node]: egocentric MIQP failed: status=DAQP direct corridor QP infeasible: tried=9 solve_ms=0.700; retaining last published path
[WARN] [1791406804.457211663] [upper_planner_node]: egocentric MIQP failed: status=DAQP direct corridor QP infeasible: tried=6 solve_ms=0.460; retaining last published path
[WARN] [1791406805.957388270] [upper_planner_node]: egocentric MIQP failed: status=DAQP direct corridor QP infeasible: tried=4 solve_ms=0.462; retaining last published path
[WARN] [1791406806.958568953] [upper_planner_node]: egocentric MIQP failed: status=DAQP direct corridor QP infeasible: tried=4 solve_ms=1.678; retaining last published path
[WARN] [1791406808.458768314] [upper_planner_node]: egocentric MIQP failed: status=DAQP direct corridor QP infeasible: tried=4 solve_ms=0.392; retaining last published path
[WARN] [1791406809.958712756] [upper_planner_node]: egocentric MIQP failed: status=DAQP direct corridor QP infeasible: tried=9 solve_ms=0.698; retaining last published path
[WARN] [1791406811.457401832] [upper_planner_node]: egocentric MIQP failed: status=DAQP direct corridor QP infeasible: tried=9 solve_ms=0.676; retaining last published path
[WARN] [1791406812.962340186] [upper_planner_node]: egocentric MIQP failed: status=DAQP direct corridor QP infeasible: tried=6 solve_ms=0.539; retaining last published path
[WARN] [1791406814.457890448] [upper_planner_node]: egocentric MIQP failed: status=DAQP direct corridor QP infeasible: tried=6 solve_ms=0.582; retaining last published path
[WARN] [1791406815.958677221] [upper_planner_node]: egocentric MIQP failed: status=DAQP direct corridor QP infeasible: tried=9 solve_ms=0.658; retaining last published path
[WARN] [1791406817.458967083] [upper_planner_node]: egocentric MIQP failed: status=DAQP direct corridor QP infeasible: tried=9 solve_ms=0.682; retaining last published path
[WARN] [1791406818.957639681] [upper_planner_node]: egocentric MIQP failed: status=DAQP direct corridor QP infeasible: tried=9 solve_ms=0.605; retaining last published path
[WARN] [1791406820.457812420] [upper_planner_node]: egocentric MIQP failed: status=DAQP direct corridor QP infeasible: tried=6 solve_ms=0.509; retaining last published path
[WARN] [1791406821.957444344] [upper_planner_node]: egocentric MIQP failed: status=DAQP direct corridor QP infeasible: tried=4 solve_ms=0.428; retaining last published path
[WARN] [1791406822.958572452] [upper_planner_node]: egocentric MIQP failed: status=DAQP direct corridor QP infeasible: tried=9 solve_ms=0.473; retaining last published path
[WARN] [1791406824.457771371] [upper_planner_node]: egocentric MIQP failed: status=DAQP direct corridor QP infeasible: tried=9 solve_ms=0.571; retaining last published path
[WARN] [1791406825.458894231] [upper_planner_node]: egocentric MIQP failed: status=DAQP direct corridor QP infeasible: tried=9 solve_ms=0.635; retaining last published path
[WARN] [1791406826.957483756] [upper_planner_node]: egocentric MIQP failed: status=DAQP direct corridor QP infeasible: tried=4 solve_ms=0.445; retaining last published path
[WARN] [1791406827.958464533] [upper_planner_node]: egocentric MIQP failed: status=DAQP direct corridor QP infeasible: tried=4 solve_ms=0.362; retaining last published path
[WARN] [1791406829.458116458] [upper_planner_node]: egocentric MIQP failed: status=DAQP direct corridor QP infeasible: tried=9 solve_ms=0.691; retaining last published path
[WARN] [1791406830.957882724] [upper_planner_node]: egocentric MIQP failed: status=DAQP direct corridor QP infeasible: tried=4 solve_ms=0.482; retaining last published path
[WARN] [1791406831.958130839] [upper_planner_node]: egocentric MIQP failed: status=DAQP direct corridor QP infeasible: tried=9 solve_ms=0.638; retaining last published path
[WARN] [1791406832.958316616] [upper_planner_node]: egocentric MIQP failed: status=DAQP direct corridor QP infeasible: tried=9 solve_ms=0.669; retaining last published path
[WARN] [1791406833.959162062] [upper_planner_node]: egocentric MIQP failed: status=DAQP direct corridor QP infeasible: tried=9 solve_ms=0.690; retaining last published path
[WARN] [1791406835.458297813] [upper_planner_node]: egocentric MIQP failed: status=DAQP direct corridor QP infeasible: tried=9 solve_ms=0.678; retaining last published path
[WARN] [1791406836.959211987] [upper_planner_node]: egocentric MIQP failed: status=DAQP direct corridor QP infeasible: tried=9 solve_ms=0.684; retaining last published path
[WARN] [1791406838.458274906] [upper_planner_node]: egocentric MIQP failed: status=DAQP direct corridor QP infeasible: tried=4 solve_ms=0.483; retaining last published path
[WARN] [1791406839.958021525] [upper_planner_node]: egocentric MIQP failed: status=DAQP direct corridor QP infeasible: tried=9 solve_ms=0.520; retaining last published path
[WARN] [1791406840.958921821] [upper_planner_node]: egocentric MIQP failed: status=DAQP direct corridor QP infeasible: tried=9 solve_ms=0.642; retaining last published path
[WARN] [1791406842.459164968] [upper_planner_node]: egocentric MIQP failed: status=DAQP direct corridor QP infeasible: tried=6 solve_ms=0.560; retaining last published path
[WARN] [1791406843.958743743] [upper_planner_node]: egocentric MIQP failed: status=DAQP direct corridor QP infeasible: tried=9 solve_ms=0.621; retaining last published path
[WARN] [1791406845.458210612] [upper_planner_node]: egocentric MIQP failed: status=DAQP direct corridor QP infeasible: tried=4 solve_ms=0.473; retaining last published path
[WARN] [1791406846.957532580] [upper_planner_node]: egocentric MIQP failed: status=DAQP direct corridor QP infeasible: tried=9 solve_ms=0.450; retaining last published path
[WARN] [1791406847.958288617] [upper_planner_node]: egocentric MIQP failed: status=DAQP direct corridor QP infeasible: tried=4 solve_ms=0.474; retaining last published path
[WARN] [1791406848.958957835] [upper_planner_node]: egocentric MIQP failed: status=DAQP direct corridor QP infeasible: tried=4 solve_ms=0.455; retaining last published path
[WARN] [1791406850.458461026] [upper_planner_node]: egocentric MIQP failed: status=DAQP direct corridor QP infeasible: tried=4 solve_ms=0.433; retaining last published path
[WARN] [1791406851.458702071] [upper_planner_node]: egocentric MIQP failed: status=DAQP direct corridor QP infeasible: tried=9 solve_ms=0.593; retaining last published path
[WARN] [1791406852.458900364] [upper_planner_node]: egocentric MIQP failed: status=DAQP direct corridor QP infeasible: tried=12 solve_ms=0.778; retaining last published path
[WARN] [1791406853.459078656] [upper_planner_node]: egocentric MIQP failed: status=DAQP direct corridor QP infeasible: tried=6 solve_ms=0.530; retaining last published path
[WARN] [1791406854.460200849] [upper_planner_node]: egocentric MIQP failed: status=DAQP direct corridor QP infeasible: tried=4 solve_ms=0.386; retaining last published path
[WARN] [1791406855.958805486] [upper_planner_node]: egocentric MIQP failed: status=DAQP direct corridor QP infeasible: tried=4 solve_ms=0.489; retaining last published path
[WARN] [1791406857.461319617] [upper_planner_node]: egocentric MIQP failed: status=DAQP direct corridor QP infeasible: tried=4 solve_ms=0.454; retaining last published path
[WARN] [1791406858.960544177] [upper_planner_node]: egocentric MIQP failed: status=DAQP direct corridor QP infeasible: tried=9 solve_ms=1.947; retaining last published path
[WARN] [1791406859.960987951] [upper_planner_node]: egocentric MIQP failed: status=DAQP direct corridor QP infeasible: tried=6 solve_ms=0.269; retaining last published path
[WARN] [1791406861.458987386] [upper_planner_node]: egocentric MIQP failed: status=DAQP direct corridor QP infeasible: tried=4 solve_ms=0.537; retaining last published path
[WARN] [1791406862.957676571] [upper_planner_node]: egocentric MIQP failed: status=DAQP direct corridor QP infeasible: tried=4 solve_ms=0.292; retaining last published path
[WARN] [1791406863.957805584] [upper_planner_node]: egocentric MIQP failed: status=DAQP direct corridor QP infeasible: tried=4 solve_ms=0.287; retaining last published path
[WARN] [1791406864.958793022] [upper_planner_node]: egocentric MIQP failed: status=DAQP direct corridor QP infeasible: tried=9 solve_ms=0.622; retaining last published path
[WARN] [1791406865.959565126] [upper_planner_node]: egocentric MIQP failed: status=DAQP direct corridor QP infeasible: tried=9 solve_ms=0.626; retaining last published path
[WARN] [1791406867.459867737] [upper_planner_node]: egocentric MIQP failed: status=DAQP direct corridor QP infeasible: tried=9 solve_ms=0.694; retaining last published path
[WARN] [1791406868.959226063] [upper_planner_node]: egocentric MIQP failed: status=DAQP direct corridor QP infeasible: tried=4 solve_ms=0.529; retaining last published path
[WARN] [1791406869.961492838] [upper_planner_node]: egocentric MIQP failed: status=DAQP direct corridor QP infeasible: tried=4 solve_ms=2.377; retaining last published path
[WARN] [1791406871.459363280] [upper_planner_node]: egocentric MIQP failed: status=DAQP direct corridor QP infeasible: tried=6 solve_ms=0.593; retaining last published path
[WARN] [1791406872.459597288] [upper_planner_node]: egocentric MIQP failed: status=DAQP direct corridor QP infeasible: tried=9 solve_ms=0.684; retaining last published path
[WARN] [1791406873.960018784] [upper_planner_node]: egocentric MIQP failed: status=DAQP direct corridor QP infeasible: tried=9 solve_ms=0.591; retaining last published path
[WARN] [1791406875.460011531] [upper_planner_node]: egocentric MIQP failed: status=DAQP direct corridor QP infeasible: tried=4 solve_ms=0.348; retaining last published path
[WARN] [1791406876.961834446] [upper_planner_node]: egocentric MIQP failed: status=DAQP direct corridor QP infeasible: tried=4 solve_ms=0.840; retaining last published path
[WARN] [1791406878.459672025] [upper_planner_node]: egocentric MIQP failed: status=DAQP direct corridor QP infeasible: tried=4 solve_ms=0.505; retaining last published path
[WARN] [1791406879.959223416] [upper_planner_node]: egocentric MIQP failed: status=DAQP direct corridor QP infeasible: tried=6 solve_ms=0.562; retaining last published path
[WARN] [1791406880.959543732] [upper_planner_node]: egocentric MIQP failed: status=DAQP direct corridor QP infeasible: tried=9 solve_ms=0.648; retaining last published path
[WARN] [1791406882.458541699] [upper_planner_node]: egocentric MIQP failed: status=DAQP direct corridor QP infeasible: tried=4 solve_ms=0.330; retaining last published path
[WARN] [1791406883.460165384] [upper_planner_node]: egocentric MIQP failed: status=DAQP direct corridor QP infeasible: tried=6 solve_ms=0.556; retaining last published path
[WARN] [1791406884.959135862] [upper_planner_node]: egocentric MIQP failed: status=DAQP direct corridor QP infeasible: tried=4 solve_ms=0.394; retaining last published path
[WARN] [1791406886.459531440] [upper_planner_node]: egocentric MIQP failed: status=DAQP direct corridor QP infeasible: tried=9 solve_ms=0.595; retaining last published path
[WARN] [1791406887.461306778] [upper_planner_node]: egocentric MIQP failed: status=DAQP direct corridor QP infeasible: tried=9 solve_ms=0.641; retaining last published path
[WARN] [1791406888.961415819] [upper_planner_node]: egocentric MIQP failed: status=DAQP direct corridor QP infeasible: tried=9 solve_ms=0.695; retaining last published path
[WARN] [1791406890.459155318] [upper_planner_node]: egocentric MIQP failed: status=DAQP direct corridor QP infeasible: tried=6 solve_ms=0.408; retaining last published path
[WARN] [1791406891.459906145] [upper_planner_node]: egocentric MIQP failed: status=DAQP direct corridor QP infeasible: tried=6 solve_ms=0.575; retaining last published path
[WARN] [1791406892.960080150] [upper_planner_node]: egocentric MIQP failed: status=DAQP direct corridor QP infeasible: tried=9 solve_ms=0.632; retaining last published path
[WARN] [1791406893.960552985] [upper_planner_node]: egocentric MIQP failed: status=DAQP direct corridor QP infeasible: tried=9 solve_ms=0.555; retaining last published path
[WARN] [1791406895.460356355] [upper_planner_node]: egocentric MIQP failed: status=DAQP direct corridor QP infeasible: tried=12 solve_ms=0.555; retaining last published path
[WARN] [1791406896.461644063] [upper_planner_node]: egocentric MIQP failed: status=DAQP direct corridor QP infeasible: tried=9 solve_ms=0.632; retaining last published path
[WARN] [1791406897.960002238] [upper_planner_node]: egocentric MIQP failed: status=DAQP direct corridor QP infeasible: tried=4 solve_ms=0.466; retaining last published path
[WARN] [1791406899.459008176] [upper_planner_node]: egocentric MIQP failed: status=DAQP direct corridor QP infeasible: tried=4 solve_ms=0.232; retaining last published path
[WARN] [1791406900.460576150] [upper_planner_node]: egocentric MIQP failed: status=DAQP direct corridor QP infeasible: tried=9 solve_ms=0.640; retaining last published path
[WARN] [1791406901.961106967] [upper_planner_node]: egocentric MIQP failed: status=DAQP direct corridor QP infeasible: tried=9 solve_ms=0.672; retaining last published path
[WARN] [1791406903.459976550] [upper_planner_node]: egocentric MIQP failed: status=DAQP direct corridor QP infeasible: tried=9 solve_ms=0.601; retaining last published path
[WARN] [1791406904.461169089] [upper_planner_node]: egocentric MIQP failed: status=DAQP direct corridor QP infeasible: tried=6 solve_ms=0.489; retaining last published path
[WARN] [1791406905.962424217] [upper_planner_node]: egocentric MIQP failed: status=DAQP direct corridor QP infeasible: tried=4 solve_ms=0.477; retaining last published path
[WARN] [1791406907.460531570] [upper_planner_node]: egocentric MIQP failed: status=DAQP direct corridor QP infeasible: tried=9 solve_ms=0.678; retaining last published path
[WARN] [1791406908.960529253] [upper_planner_node]: egocentric MIQP failed: status=DAQP direct corridor QP infeasible: tried=9 solve_ms=0.608; retaining last published path
[WARN] [1791406910.460533144] [upper_planner_node]: egocentric MIQP failed: status=DAQP direct corridor QP infeasible: tried=9 solve_ms=0.656; retaining last published path
[WARN] [1791406911.960406632] [upper_planner_node]: egocentric MIQP failed: status=DAQP direct corridor QP infeasible: tried=4 solve_ms=0.482; retaining last published path
[WARN] [1791406913.458923598] [upper_planner_node]: egocentric MIQP failed: status=DAQP direct corridor QP infeasible: tried=6 solve_ms=0.261; retaining last published path
[WARN] [1791406914.460901058] [upper_planner_node]: egocentric MIQP failed: status=DAQP direct corridor QP infeasible: tried=9 solve_ms=0.689; retaining last published path
[WARN] [1791406915.959155138] [upper_planner_node]: egocentric MIQP failed: status=DAQP direct corridor QP infeasible: tried=4 solve_ms=0.246; retaining last published path
[WARN] [1791406916.960186969] [upper_planner_node]: egocentric MIQP failed: status=DAQP direct corridor QP infeasible: tried=4 solve_ms=0.440; retaining last published path
[WARN] [1791406918.460479127] [upper_planner_node]: egocentric MIQP failed: status=DAQP direct corridor QP infeasible: tried=4 solve_ms=0.400; retaining last published path
[WARN] [1791406919.961102687] [upper_planner_node]: egocentric MIQP failed: status=DAQP direct corridor QP infeasible: tried=4 solve_ms=0.483; retaining last published path
[WARN] [1791406921.459585638] [upper_planner_node]: egocentric MIQP failed: status=DAQP direct corridor QP infeasible: tried=4 solve_ms=0.309; retaining last published path
[WARN] [1791406922.460709857] [upper_planner_node]: egocentric MIQP failed: status=DAQP direct corridor QP infeasible: tried=4 solve_ms=0.484; retaining last published path
[WARN] [1791406923.960056675] [upper_planner_node]: egocentric MIQP failed: status=DAQP direct corridor QP infeasible: tried=4 solve_ms=0.393; retaining last published path
[WARN] [1791406924.961066043] [upper_planner_node]: egocentric MIQP failed: status=DAQP direct corridor QP infeasible: tried=4 solve_ms=0.614; retaining last published path
[WARN] [1791406926.460817322] [upper_planner_node]: egocentric MIQP failed: status=DAQP direct corridor QP infeasible: tried=4 solve_ms=0.481; retaining last published path
[WARN] [1791406927.959656126] [upper_planner_node]: egocentric MIQP failed: status=DAQP direct corridor QP infeasible: tried=4 solve_ms=0.257; retaining last published path
[WARN] [1791406928.960966687] [upper_planner_node]: egocentric MIQP failed: status=DAQP direct corridor QP infeasible: tried=4 solve_ms=0.485; retaining last published path
[WARN] [1791406929.961286883] [upper_planner_node]: egocentric MIQP failed: status=DAQP direct corridor QP infeasible: tried=4 solve_ms=0.458; retaining last published path
[WARN] [1791406931.459701098] [upper_planner_node]: egocentric MIQP failed: status=DAQP direct corridor QP infeasible: tried=4 solve_ms=0.306; retaining last published path
[WARN] [1791406932.460983916] [upper_planner_node]: egocentric MIQP failed: status=DAQP direct corridor QP infeasible: tried=4 solve_ms=0.485; retaining last published path
[WARN] [1791406933.461000263] [upper_planner_node]: egocentric MIQP failed: status=DAQP direct corridor QP infeasible: tried=4 solve_ms=0.482; retaining last published path
[WARN] [1791406934.960866811] [upper_planner_node]: egocentric MIQP failed: status=DAQP direct corridor QP infeasible: tried=4 solve_ms=0.448; retaining last published path
[WARN] [1791406935.963624713] [upper_planner_node]: egocentric MIQP failed: status=DAQP direct corridor QP infeasible: tried=4 solve_ms=0.486; retaining last published path
[WARN] [1791406937.463951948] [upper_planner_node]: egocentric MIQP failed: status=DAQP direct corridor QP infeasible: tried=4 solve_ms=2.227; retaining last published path
[WARN] [1791406938.961096270] [upper_planner_node]: egocentric MIQP failed: status=DAQP direct corridor QP infeasible: tried=4 solve_ms=0.452; retaining last published path
[WARN] [1791406939.961511030] [upper_planner_node]: egocentric MIQP failed: status=DAQP direct corridor QP infeasible: tried=4 solve_ms=0.471; retaining last published path
[WARN] [1791406941.461012353] [upper_planner_node]: egocentric MIQP failed: status=DAQP direct corridor QP infeasible: tried=4 solve_ms=0.470; retaining last published path
[WARN] [1791406942.461065598] [upper_planner_node]: egocentric MIQP failed: status=DAQP direct corridor QP infeasible: tried=4 solve_ms=0.473; retaining last published path
[WARN] [1791406943.461224447] [upper_planner_node]: egocentric MIQP failed: status=DAQP direct corridor QP infeasible: tried=4 solve_ms=0.476; retaining last published path
[WARN] [1791406944.461391872] [upper_planner_node]: egocentric MIQP failed: status=DAQP direct corridor QP infeasible: tried=4 solve_ms=0.483; retaining last published path
[WARN] [1791406945.461397532] [upper_planner_node]: egocentric MIQP failed: status=DAQP direct corridor QP infeasible: tried=4 solve_ms=0.455; retaining last published path
[WARN] [1791406946.961428792] [upper_planner_node]: egocentric MIQP failed: status=DAQP direct corridor QP infeasible: tried=4 solve_ms=0.485; retaining last published path
[WARN] [1791406947.963332686] [upper_planner_node]: egocentric MIQP failed: status=DAQP direct corridor QP infeasible: tried=4 solve_ms=0.838; retaining last published path
[INFO] [1791406948.695889899] [rclcpp]: signal_handler(SIGINT/SIGTERM)
