[INFO] [1791278179.640930696] [upper_planner_node]: planner state input: Odometry topic=/motive/vehicle/odom_map yaw=orientation.z scalar
[INFO] [1791278179.646787212] [upper_planner_node]: Egocentric MIQP planner ready: rate=2.00Hz pred_dt=0.750s Nmax=7 lower_dt=0.100s target_v=6.000m/s scale=fullscale wheelbase=2.80m length=4.70m bev=40.00m margin=2.00m state=odom grid=/bev/occupancy_grid sparse=/planner/upper_path_sparse dense=/planner/lower_reference_path
[INFO] [1791278179.647439038] [upper_planner_node]: upper branch model: cumulative_increment=1 turn_window_at_split=1 turn_target_absolute=1 split_continuity=6.75m r_dpsi=3.000 lambda_turn=0.600
[WARN] [1791278179.656633248] [upper_planner_node]: no valid interval at the measured k=0 state; retaining future horizon=7 reason=3
[WARN] [1791278179.659415310] [upper_planner_node]: no valid interval at the measured k=0 state; retaining future horizon=7 reason=3
[WARN] [1791278179.678218078] [upper_planner_node]: no valid interval at the measured k=0 state; retaining future horizon=7 reason=3
[WARN] [1791278179.681252403] [upper_planner_node]: no valid interval at the measured k=0 state; retaining future horizon=7 reason=3
[WARN] [1791278179.681642110] [upper_planner_node]: no valid interval at the measured k=0 state; retaining future horizon=7 reason=3
[WARN] [1791278179.681980935] [upper_planner_node]: no valid interval at the measured k=0 state; retaining future horizon=7 reason=3
[INFO] [1791278179.706031050] [upper_planner_node]: planner state input: Odometry topic=/motive/vehicle/odom_map yaw=orientation.z scalar
[INFO] [1791278179.710323618] [upper_planner_node]: Egocentric MIQP planner ready: rate=2.00Hz pred_dt=0.750s Nmax=7 lower_dt=0.100s target_v=6.000m/s scale=fullscale wheelbase=2.80m length=4.70m bev=40.00m margin=2.00m state=odom grid=/bev/occupancy_grid sparse=/planner/upper_path_sparse dense=/planner/lower_reference_path
[INFO] [1791278179.710659275] [upper_planner_node]: upper branch model: cumulative_increment=1 turn_window_at_split=1 turn_target_absolute=1 split_continuity=6.75m r_dpsi=3.000 lambda_turn=0.600
[WARN] [1791278179.748623092] [upper_planner_node]: interval_diag step=4 reason=3 ref_body=(7.379,16.418) heading_deg=65.80 center_cell=(23,116) center_value=100 line_free=0 blocked=438 unknown=0 outside=2 longest_run=0 min_run=2 grid_free=3657 zero=3657 positive=12727 unknown=0 topic=/bev/occupancy_grid frame=Vehicle origin=(0.000,-20.000) origin_yaw_deg=0.00 size=128x128 res=0.3125 positive_is_drivable=0 threshold=1 waypoint_bias=0 previous=0
[WARN] [1791278179.748865275] [upper_planner_node]: no valid preview interval at step=4; usable horizon=3 reason=3
[WARN] [1791278179.749734867] [upper_planner_node]: no valid preview interval at step=3; usable horizon=2 reason=3
[WARN] [1791278179.749961530] [upper_planner_node]: no valid preview interval at step=4; usable horizon=2 reason=3
[WARN] [1791278179.750373189] [upper_planner_node]: no valid preview interval at step=1; usable horizon=0 reason=3
[WARN] [1791278179.750633517] [upper_planner_node]: no valid preview interval at step=2; usable horizon=0 reason=3
[WARN] [1791278179.750807153] [upper_planner_node]: no valid preview interval at step=3; usable horizon=0 reason=3
[WARN] [1791278179.751029464] [upper_planner_node]: no valid preview interval at step=4; usable horizon=0 reason=3
[WARN] [1791278179.751416162] [upper_planner_node]: no valid preview interval at step=1; usable horizon=0 reason=3
[WARN] [1791278179.751605672] [upper_planner_node]: no valid preview interval at step=2; usable horizon=0 reason=3
[WARN] [1791278179.751770380] [upper_planner_node]: no valid preview interval at step=3; usable horizon=0 reason=3
[WARN] [1791278179.751939921] [upper_planner_node]: no valid preview interval at step=4; usable horizon=0 reason=3
[WARN] [1791278179.752126166] [upper_planner_node]: no valid interval at the measured k=0 state; retaining future horizon=7 reason=3
[WARN] [1791278179.754743424] [upper_planner_node]: no valid interval at the measured k=0 state; retaining future horizon=7 reason=3
[WARN] [1791278179.755211693] [upper_planner_node]: no valid interval at the measured k=0 state; retaining future horizon=7 reason=3
[WARN] [1791278179.755648761] [upper_planner_node]: no valid interval at the measured k=0 state; retaining future horizon=7 reason=3
