[INFO] [1791232650.255211382] [upper_planner_node]: planner state input: Odometry topic=/motive/vehicle/odom_map yaw=orientation.z scalar
[INFO] [1791232650.260445845] [upper_planner_node]: Egocentric MIQP planner ready: rate=2.00Hz pred_dt=0.750s Nmax=7 lower_dt=0.100s target_v=6.000m/s scale=fullscale wheelbase=2.80m length=4.70m bev=40.00m margin=2.00m state=odom grid=/bev/occupancy_grid sparse=/planner/upper_path_sparse dense=/planner/lower_reference_path
[INFO] [1791232650.260656219] [upper_planner_node]: upper branch model: cumulative_increment=1 turn_window_at_split=1 turn_target_absolute=1 split_continuity=6.75m r_dpsi=2.000 lambda_turn=0.600
[WARN] [1791232650.275069297] [upper_planner_node]: interval_diag step=7 reason=3 ref_body=(31.480,0.650) heading_deg=2.66 center_cell=(100,66) center_value=100 line_free=0 blocked=388 unknown=12 outside=2 longest_run=0 min_run=2 grid_free=2537 zero=2537 positive=10607 unknown=3240 topic=/bev/occupancy_grid frame=Vehicle origin=(0.000,-20.000) origin_yaw_deg=0.00 size=128x128 res=0.3125 positive_is_drivable=0 threshold=0 waypoint_bias=0 previous=1
[WARN] [1791232650.275232694] [upper_planner_node]: no valid preview interval at step=7; usable horizon=6 reason=3
[WARN] [1791232650.275664195] [upper_planner_node]: no valid preview interval at step=6; usable horizon=5 reason=3
[WARN] [1791232650.275802407] [upper_planner_node]: no valid preview interval at step=7; usable horizon=5 reason=3
[WARN] [1791232650.276151729] [upper_planner_node]: no valid preview interval at step=4; usable horizon=3 reason=3
[WARN] [1791232650.276282165] [upper_planner_node]: no valid preview interval at step=5; usable horizon=3 reason=3
[WARN] [1791232650.276388985] [upper_planner_node]: no valid preview interval at step=6; usable horizon=3 reason=3
[WARN] [1791232650.276493628] [upper_planner_node]: no valid preview interval at step=7; usable horizon=3 reason=3
[INFO] [1791232650.298146061] [upper_planner_node]: planner state input: Odometry topic=/motive/vehicle/odom_map yaw=orientation.z scalar
[INFO] [1791232650.301153193] [upper_planner_node]: Egocentric MIQP planner ready: rate=2.00Hz pred_dt=0.750s Nmax=7 lower_dt=0.100s target_v=6.000m/s scale=fullscale wheelbase=2.80m length=4.70m bev=40.00m margin=2.00m state=odom grid=/bev/occupancy_grid sparse=/planner/upper_path_sparse dense=/planner/lower_reference_path
[INFO] [1791232650.301308717] [upper_planner_node]: upper branch model: cumulative_increment=1 turn_window_at_split=1 turn_target_absolute=1 split_continuity=6.75m r_dpsi=2.000 lambda_turn=0.600
[WARN] [1791232650.315563134] [upper_planner_node]: no valid preview interval at step=7; usable horizon=6 reason=3
[WARN] [1791232650.316036268] [upper_planner_node]: no valid preview interval at step=6; usable horizon=5 reason=3
[WARN] [1791232650.316176881] [upper_planner_node]: no valid preview interval at step=7; usable horizon=5 reason=3
[WARN] [1791232650.316574365] [upper_planner_node]: no valid preview interval at step=4; usable horizon=3 reason=3
[WARN] [1791232650.316697793] [upper_planner_node]: no valid preview interval at step=5; usable horizon=3 reason=3
[WARN] [1791232650.316800996] [upper_planner_node]: no valid preview interval at step=6; usable horizon=3 reason=3
[WARN] [1791232650.316901447] [upper_planner_node]: no valid preview interval at step=7; usable horizon=3 reason=3
[INFO] [1791232650.336401975] [upper_planner_node]: planner state input: Odometry topic=/motive/vehicle/odom_map yaw=orientation.z scalar
[INFO] [1791232650.339309103] [upper_planner_node]: Egocentric MIQP planner ready: rate=2.00Hz pred_dt=0.750s Nmax=7 lower_dt=0.100s target_v=6.000m/s scale=fullscale wheelbase=2.80m length=4.70m bev=40.00m margin=2.00m state=odom grid=/bev/occupancy_grid sparse=/planner/upper_path_sparse dense=/planner/lower_reference_path
[INFO] [1791232650.339428371] [upper_planner_node]: upper branch model: cumulative_increment=1 turn_window_at_split=1 turn_target_absolute=1 split_continuity=6.75m r_dpsi=2.000 lambda_turn=0.600
[INFO] [1791232650.376669950] [upper_planner_node]: planner state input: Odometry topic=/motive/vehicle/odom_map yaw=orientation.z scalar
[INFO] [1791232650.379740347] [upper_planner_node]: Egocentric MIQP planner ready: rate=2.00Hz pred_dt=0.750s Nmax=7 lower_dt=0.100s target_v=6.000m/s scale=fullscale wheelbase=2.80m length=4.70m bev=40.00m margin=2.00m state=odom grid=/bev/occupancy_grid sparse=/planner/upper_path_sparse dense=/planner/lower_reference_path
[INFO] [1791232650.379887871] [upper_planner_node]: upper branch model: cumulative_increment=1 turn_window_at_split=1 turn_target_absolute=1 split_continuity=6.75m r_dpsi=2.000 lambda_turn=0.600
