[INFO] [1791232649.889501301] [upper_planner_node]: planner state input: Odometry topic=/motive/vehicle/odom_map yaw=orientation.z scalar
[INFO] [1791232649.894479244] [upper_planner_node]: Egocentric MIQP planner ready: rate=1.00Hz pred_dt=0.750s Nmax=7 lower_dt=0.100s target_v=6.000m/s scale=fullscale wheelbase=2.80m length=4.70m bev=40.00m margin=2.00m state=odom grid=/bev/occupancy_grid sparse=/planner/upper_path_sparse dense=/planner/lower_reference_path
[INFO] [1791232649.894629393] [upper_planner_node]: upper branch model: cumulative_increment=1 turn_window_at_split=1 turn_target_absolute=1 split_continuity=6.75m r_dpsi=3.000 lambda_turn=0.600
[WARN] [1791232649.910086246] [upper_planner_node]: interval_diag step=7 reason=3 ref_body=(23.779,19.165) heading_deg=46.28 center_cell=(76,125) center_value=100 line_free=0 blocked=137 unknown=99 outside=2 longest_run=0 min_run=2 grid_free=5156 zero=5156 positive=7988 unknown=3240 topic=/bev/occupancy_grid frame=Vehicle origin=(0.000,-20.000) origin_yaw_deg=0.00 size=128x128 res=0.3125 positive_is_drivable=0 threshold=0 waypoint_bias=0 previous=1
[WARN] [1791232649.910268908] [upper_planner_node]: no valid preview interval at step=7; usable horizon=6 reason=3
[WARN] [1791232649.912691541] [upper_planner_node]: no valid preview interval at step=6; usable horizon=5 reason=3
[WARN] [1791232649.912868155] [upper_planner_node]: no valid preview interval at step=7; usable horizon=5 reason=3
[WARN] [1791232649.913214021] [upper_planner_node]: no valid preview interval at step=4; usable horizon=3 reason=3
[WARN] [1791232649.913341609] [upper_planner_node]: no valid preview interval at step=5; usable horizon=3 reason=3
[WARN] [1791232649.913450252] [upper_planner_node]: no valid preview interval at step=6; usable horizon=3 reason=3
[WARN] [1791232649.913556239] [upper_planner_node]: no valid preview interval at step=7; usable horizon=3 reason=3
[INFO] [1791232649.936329251] [upper_planner_node]: planner state input: Odometry topic=/motive/vehicle/odom_map yaw=orientation.z scalar
[INFO] [1791232649.939285437] [upper_planner_node]: Egocentric MIQP planner ready: rate=1.00Hz pred_dt=0.750s Nmax=7 lower_dt=0.100s target_v=6.000m/s scale=fullscale wheelbase=2.80m length=4.70m bev=40.00m margin=2.00m state=odom grid=/bev/occupancy_grid sparse=/planner/upper_path_sparse dense=/planner/lower_reference_path
[INFO] [1791232649.939448834] [upper_planner_node]: upper branch model: cumulative_increment=1 turn_window_at_split=1 turn_target_absolute=1 split_continuity=6.75m r_dpsi=3.000 lambda_turn=0.600
[WARN] [1791232649.954613934] [upper_planner_node]: no valid preview interval at step=7; usable horizon=6 reason=3
[WARN] [1791232649.963315958] [upper_planner_node]: no valid preview interval at step=6; usable horizon=5 reason=3
[WARN] [1791232649.963473115] [upper_planner_node]: no valid preview interval at step=7; usable horizon=5 reason=3
[WARN] [1791232649.963889800] [upper_planner_node]: no valid preview interval at step=4; usable horizon=3 reason=3
[WARN] [1791232649.964023212] [upper_planner_node]: no valid preview interval at step=5; usable horizon=3 reason=3
[WARN] [1791232649.964138063] [upper_planner_node]: no valid preview interval at step=6; usable horizon=3 reason=3
[WARN] [1791232649.964239890] [upper_planner_node]: no valid preview interval at step=7; usable horizon=3 reason=3
[INFO] [1791232649.983892359] [upper_planner_node]: planner state input: Odometry topic=/motive/vehicle/odom_map yaw=orientation.z scalar
[INFO] [1791232649.986668699] [upper_planner_node]: Egocentric MIQP planner ready: rate=1.00Hz pred_dt=0.750s Nmax=7 lower_dt=0.100s target_v=6.000m/s scale=fullscale wheelbase=2.80m length=4.70m bev=40.00m margin=2.00m state=odom grid=/bev/occupancy_grid sparse=/planner/upper_path_sparse dense=/planner/lower_reference_path
[INFO] [1791232649.986806016] [upper_planner_node]: upper branch model: cumulative_increment=1 turn_window_at_split=1 turn_target_absolute=1 split_continuity=6.75m r_dpsi=3.000 lambda_turn=0.600
[INFO] [1791232650.024885508] [upper_planner_node]: planner state input: Odometry topic=/motive/vehicle/odom_map yaw=orientation.z scalar
[INFO] [1791232650.027965857] [upper_planner_node]: Egocentric MIQP planner ready: rate=1.00Hz pred_dt=0.750s Nmax=7 lower_dt=0.100s target_v=6.000m/s scale=fullscale wheelbase=2.80m length=4.70m bev=40.00m margin=2.00m state=odom grid=/bev/occupancy_grid sparse=/planner/upper_path_sparse dense=/planner/lower_reference_path
[INFO] [1791232650.028124678] [upper_planner_node]: upper branch model: cumulative_increment=1 turn_window_at_split=1 turn_target_absolute=1 split_continuity=6.75m r_dpsi=3.000 lambda_turn=0.600
