180209 {
  "bag": "/home/imac/ros2_ws/drive_debug_20261006_180209_light",
  "bag_grid_window": [
    "18:02:10.117",
    "18:02:44.933"
  ],
  "pose_window": [
    "18:02:12.869",
    "18:02:44.937"
  ],
  "goals_true": 0,
  "last_xy": [
    305.0888850271739,
    118.79324774079046
  ],
  "last_goal_distance_m": 59.70566286365427,
  "upper_n": 61,
  "upper_valid": 54,
  "upper_failures": [
    {
      "time": "18:02:39.964",
      "xy": [
        281.3363799211797,
        126.18284354172054
      ],
      "status": "DAQP direct corridor QP infeasible: tried=1"
    },
    {
      "time": "18:02:40.464",
      "xy": [
        284.05405200841255,
        125.45907726116708
      ],
      "status": "DAQP direct corridor QP infeasible: tried=1"
    },
    {
      "time": "18:02:40.964",
      "xy": [
        286.7549864261897,
        124.64367811325599
      ],
      "status": "DAQP direct corridor QP infeasible: tried=1"
    },
    {
      "time": "18:02:41.464",
      "xy": [
        289.4429037163205,
        123.79642119853715
      ],
      "status": "DAQP direct corridor QP infeasible: tried=1"
    },
    {
      "time": "18:02:41.964",
      "xy": [
        292.07161561561566,
        122.95971664467203
      ],
      "status": "DAQP direct corridor QP infeasible: tried=1"
    },
    {
      "time": "18:02:42.464",
      "xy": [
        294.56403997984677,
        122.16676865628531
      ],
      "status": "DAQP direct corridor QP infeasible: tried=1"
    },
    {
      "time": "18:02:42.964",
      "xy": [
        296.9281286755355,
        121.40912573598939
      ],
      "status": "DAQP direct corridor QP infeasible: tried=1"
    }
  ],
  "horizons": {
    "7": 60,
    "6": 1
  },
  "upper_gaps": [],
  "path_gaps": [],
  "lower_gaps": [],
  "odom_max_gap_sec": 0.04339170455932617,
  "grid_n": 1116,
  "grid_max_gap_sec": 0.21335077285766602,
  "geometry_patterns": {
    "(128, 128, 0.3125, [2.95, -20.0], [0.0, 0.0, 0.0, 1.0])": 1116
  },
  "known_counts": {
    "16384": 1116
  },
  "unknown_counts": {
    "0": 1116
  },
  "grid_edge_40m_free_frames": 857,
  "near9m_empty": 55,
  "free_far_effective0": {
    "min": 8.125,
    "median": 40.0,
    "p95": 40.0,
    "max": 40.0
  },
  "all_lower_modes": {
    "3": 44,
    "0": 298
  },
  "moving_valid_n": 282,
  "moving_valid_sat_fraction": 0.10638297872340426,
  "moving_valid_lateral_error_abs": {
    "min": 0.00011526845628800648,
    "median": 0.13115764745316094,
    "p95": 0.7964564861883288,
    "max": 1.5592040407885046
  },
  "segments": {
    "공통 초반 0~45m": {
      "n": 96,
      "speed": {
        "min": 1.1061333841010106,
        "median": 5.763523749711213,
        "p95": 6.428792998085489,
        "max": 6.796271215644965
      },
      "sat_fraction": 0.0,
      "local_error_abs": {
        "min": 0.00029458284484143145,
        "median": 0.05036129013494483,
        "p95": 0.23237675712382294,
        "max": 0.327906193430768
      },
      "steering_deg": {
        "min": -7.762977091281355,
        "median": 2.638708774975683,
        "p95": 11.924748169796935,
        "max": 12.646163379415578
      },
      "heading_abs_deg": {
        "min": 0.07296466889568498,
        "median": 3.0558359695531117,
        "p95": 7.137578808252485,
        "max": 11.274974980215266
      }
    },
    "공통 첫 분기 45~85m": {
      "n": 62,
      "speed": {
        "min": 5.851090571663624,
        "median": 6.274105687192153,
        "p95": 6.561896471065015,
        "max": 6.672803898548603
      },
      "sat_fraction": 0.06451612903225806,
      "local_error_abs": {
        "min": 0.00011526845628800648,
        "median": 0.2279764412290589,
        "p95": 0.8456791827439493,
        "max": 1.070361452488448
      },
      "steering_deg": {
        "min": -13.511914103886248,
        "median": -1.0469689033230511,
        "p95": 17.16596878219462,
        "max": 17.188734024679423
      },
      "heading_abs_deg": {
        "min": 1.1527733280602428,
        "median": 8.880000612782307,
        "p95": 21.176460953867466,
        "max": 25.43429988730847
      }
    },
    "두 번째 분기 접근 85~125m": {
      "n": 76,
      "speed": {
        "min": 5.766944835346038,
        "median": 6.153001197523009,
        "p95": 6.503017045225015,
        "max": 6.7025651994366156
      },
      "sat_fraction": 0.27631578947368424,
      "local_error_abs": {
        "min": 0.006919605506053651,
        "median": 0.285838997534124,
        "p95": 1.0086572282312771,
        "max": 1.5592040407885046
      },
      "steering_deg": {
        "min": -17.188734024679423,
        "median": 2.1886763190547347,
        "p95": 17.188734024679423,
        "max": 17.188734024679423
      },
      "heading_abs_deg": {
        "min": 0.19384540116585017,
        "median": 12.02605090369305,
        "p95": 27.86017261096928,
        "max": 29.505786106081892
      }
    }
  },
  "invalid_runs": [
    {
      "start": "18:02:10.764",
      "end": "18:02:11.165",
      "n": 5,
      "mode": 3
    },
    {
      "start": "18:02:41.066",
      "end": "18:02:44.865",
      "n": 39,
      "mode": 3
    }
  ]
}
180803 {
  "bag": "/home/imac/ros2_ws/drive_debug_20261006_180803_light",
  "bag_grid_window": [
    "18:08:04.513",
    "18:08:36.187"
  ],
  "pose_window": [
    "18:08:04.465",
    "18:08:36.196"
  ],
  "goals_true": 0,
  "last_xy": [
    311.8274932077711,
    124.44447963941587
  ],
  "last_goal_distance_m": 58.35946207332391,
  "upper_n": 51,
  "upper_valid": 47,
  "upper_failures": [
    {
      "time": "18:08:30.226",
      "xy": [
        282.8908224501627,
        126.02993871588225
      ],
      "status": "DAQP direct corridor QP infeasible: tried=1"
    },
    {
      "time": "18:08:30.727",
      "xy": [
        285.65765613169077,
        126.31973748414774
      ],
      "status": "DAQP direct corridor QP infeasible: tried=1"
    },
    {
      "time": "18:08:31.227",
      "xy": [
        288.5895698415869,
        126.3283637306974
      ],
      "status": "DAQP direct corridor QP infeasible: tried=1"
    },
    {
      "time": "18:08:31.727",
      "xy": [
        291.50310447279367,
        126.16627871929441
      ],
      "status": "DAQP direct corridor QP infeasible: tried=1"
    }
  ],
  "horizons": {
    "7": 50,
    "6": 1
  },
  "upper_gaps": [],
  "path_gaps": [],
  "lower_gaps": [],
  "odom_max_gap_sec": 0.04956340789794922,
  "grid_n": 695,
  "grid_max_gap_sec": 0.2789921760559082,
  "geometry_patterns": {
    "(128, 128, 0.3125, [2.95, -20.0], [0.0, 0.0, 0.0, 1.0])": 695
  },
  "known_counts": {
    "16384": 695
  },
  "unknown_counts": {
    "0": 695
  },
  "grid_edge_40m_free_frames": 559,
  "near9m_empty": 97,
  "free_far_effective0": {
    "min": 17.1875,
    "median": 40.0,
    "p95": 40.0,
    "max": 40.0
  },
  "all_lower_modes": {
    "0": 262,
    "3": 35
  },
  "moving_valid_n": 262,
  "moving_valid_sat_fraction": 0.04580152671755725,
  "moving_valid_lateral_error_abs": {
    "min": 0.0038178728161430767,
    "median": 0.17812015447512125,
    "p95": 0.6461899876321093,
    "max": 1.0927196677177384
  },
  "segments": {
    "공통 초반 0~45m": {
      "n": 78,
      "speed": {
        "min": 3.0440847573957575,
        "median": 5.883181408482978,
        "p95": 6.2599867217655,
        "max": 6.43697332732699
      },
      "sat_fraction": 0.07692307692307693,
      "local_error_abs": {
        "min": 0.008057741964657585,
        "median": 0.09155441807321443,
        "p95": 0.4522952274086484,
        "max": 1.0927196677177384
      },
      "steering_deg": {
        "min": -10.75142331214133,
        "median": -0.4231696680938214,
        "p95": 17.188734024679423,
        "max": 17.188734024679423
      },
      "heading_abs_deg": {
        "min": 0.06232226766065263,
        "median": 4.103157903498529,
        "p95": 16.844485646495848,
        "max": 21.534801140090718
      }
    },
    "공통 첫 분기 45~85m": {
      "n": 60,
      "speed": {
        "min": 5.887777198468395,
        "median": 6.170241595314959,
        "p95": 6.501038789486001,
        "max": 6.831867671612127
      },
      "sat_fraction": 0.0,
      "local_error_abs": {
        "min": 0.004698763018550378,
        "median": 0.1465480327928455,
        "p95": 0.6471490169563408,
        "max": 1.0284719890800598
      },
      "steering_deg": {
        "min": -10.89449272336465,
        "median": 3.1128735485504144,
        "p95": 14.222122339114733,
        "max": 15.348990128337933
      },
      "heading_abs_deg": {
        "min": 0.10313325948490781,
        "median": 5.959572726420451,
        "p95": 17.861959121470157,
        "max": 20.915241510664547
      }
    },
    "두 번째 분기 접근 85~125m": {
      "n": 73,
      "speed": {
        "min": 5.728907002516232,
        "median": 6.1489128441321235,
        "p95": 6.2859469031041515,
        "max": 6.44876994851748
      },
      "sat_fraction": 0.0410958904109589,
      "local_error_abs": {
        "min": 0.007453320588320395,
        "median": 0.2132360555629953,
        "p95": 0.5771661546449023,
        "max": 0.6614916289498813
      },
      "steering_deg": {
        "min": -12.889730998803358,
        "median": 1.4657780619238707,
        "p95": 15.871095047739363,
        "max": 17.188734024679423
      },
      "heading_abs_deg": {
        "min": 0.013062776462683622,
        "median": 6.84580466910718,
        "p95": 18.350830025154167,
        "max": 26.37872037974748
      }
    }
  },
  "invalid_runs": [
    {
      "start": "18:08:31.315",
      "end": "18:08:34.714",
      "n": 35,
      "mode": 3
    }
  ]
}
