181847 {
  "bag": "/home/imac/ros2_ws/drive_debug_20261006_181847_light",
  "bag_grid_window": [
    "18:18:48.931",
    "18:19:19.721"
  ],
  "pose_window": [
    "18:18:51.291",
    "18:19:19.719"
  ],
  "goals_true": 0,
  "last_xy": [
    287.847231657122,
    120.44287750869442
  ],
  "last_goal_distance_m": 52.489092684980875,
  "upper_n": 50,
  "upper_valid": 42,
  "upper_failures": [
    {
      "time": "18:18:58.269",
      "xy": [
        194.05009142672324,
        180.68299410931547
      ],
      "status": "DAQP direct corridor QP infeasible: tried=32"
    },
    {
      "time": "18:18:58.769",
      "xy": [
        195.3192034670909,
        177.88966436450897
      ],
      "status": "DAQP direct corridor QP infeasible: tried=160"
    },
    {
      "time": "18:19:02.769",
      "xy": [
        212.94715113618005,
        162.52263148627165
      ],
      "status": "DAQP direct corridor QP infeasible: tried=24"
    },
    {
      "time": "18:19:03.269",
      "xy": [
        215.70518692929872,
        161.04453626074044
      ],
      "status": "DAQP direct corridor QP infeasible: tried=4"
    },
    {
      "time": "18:19:03.769",
      "xy": [
        218.23382444404828,
        159.20561857503097
      ],
      "status": "DAQP direct corridor QP infeasible: tried=2"
    },
    {
      "time": "18:19:12.769",
      "xy": [
        256.23513580422696,
        132.89280971213933
      ],
      "status": "DAQP direct corridor QP infeasible: tried=1"
    },
    {
      "time": "18:19:15.269",
      "xy": [
        269.57877088167015,
        132.3039273398532
      ],
      "status": "DAQP direct corridor QP infeasible: tried=1"
    },
    {
      "time": "18:19:15.770",
      "xy": [
        272.18997929867396,
        131.56617132685764
      ],
      "status": "DAQP direct corridor QP infeasible: tried=1"
    }
  ],
  "horizons": {
    "7": 50
  },
  "upper_gaps": [],
  "path_gaps": [
    {
      "from": "18:18:57.773",
      "to": "18:18:59.275",
      "sec": 1.5013484954833984
    },
    {
      "from": "18:19:02.274",
      "to": "18:19:04.273",
      "sec": 1.998894453048706
    },
    {
      "from": "18:19:12.272",
      "to": "18:19:13.272",
      "sec": 0.9999496936798096
    }
  ],
  "lower_gaps": [],
  "odom_max_gap_sec": 0.05144929885864258,
  "grid_n": 481,
  "grid_max_gap_sec": 0.22870683670043945,
  "geometry_patterns": {
    "(128, 128, 0.3125, [2.95, -20.0], [0.0, 0.0, 0.0, 1.0])": 481
  },
  "known_counts": {
    "16384": 481
  },
  "unknown_counts": {
    "0": 481
  },
  "grid_edge_40m_free_frames": 414,
  "near9m_empty": 0,
  "free_far_effective0": {
    "min": 19.375,
    "median": 40.0,
    "p95": 40.0,
    "max": 40.0
  },
  "all_lower_modes": {
    "0": 263,
    "3": 26
  },
  "moving_valid_n": 263,
  "moving_valid_sat_fraction": 0.08745247148288973,
  "moving_valid_lateral_error_abs": {
    "min": 0.0,
    "median": 0.09972572640396048,
    "p95": 1.11444630993894,
    "max": 1.7481140394795047
  },
  "segments": {
    "공통 초반 0~45m": {
      "n": 95,
      "speed": {
        "min": 1.0030135390740185,
        "median": 5.41070880293382,
        "p95": 6.232213065649175,
        "max": 6.313768107380259
      },
      "sat_fraction": 0.06315789473684211,
      "local_error_abs": {
        "min": 0.0,
        "median": 0.04583404127233109,
        "p95": 1.3707110650486496,
        "max": 1.7481140394795047
      },
      "steering_deg": {
        "min": -17.188734024679423,
        "median": 1.9683060071120444,
        "p95": 15.950537387787135,
        "max": 17.188734024679423
      },
      "heading_abs_deg": {
        "min": 0.1902625776974224,
        "median": 4.808440743639951,
        "p95": 26.833777717211017,
        "max": 28.862205130707036
      }
    },
    "공통 첫 분기 45~85m": {
      "n": 56,
      "speed": {
        "min": 5.591080595390963,
        "median": 6.007276294673963,
        "p95": 6.248296162674337,
        "max": 6.452233415867774
      },
      "sat_fraction": 0.05357142857142857,
      "local_error_abs": {
        "min": 0.0008690138116429907,
        "median": 0.23993062356810602,
        "p95": 0.7972401256275018,
        "max": 0.9923849297877331
      },
      "steering_deg": {
        "min": -15.447953592995894,
        "median": 1.9263216880576222,
        "p95": 15.318278823065205,
        "max": 17.188734024679423
      },
      "heading_abs_deg": {
        "min": 0.6320740237140187,
        "median": 9.786111706080678,
        "p95": 19.096526935695966,
        "max": 20.500183744098575
      }
    },
    "두 번째 분기 접근 85~125m": {
      "n": 92,
      "speed": {
        "min": 4.754026607105455,
        "median": 5.055800141042997,
        "p95": 5.452744722696224,
        "max": 5.801063288174776
      },
      "sat_fraction": 0.08695652173913043,
      "local_error_abs": {
        "min": 2.2412114482582568e-05,
        "median": 0.08769783102852885,
        "p95": 0.6536539979619588,
        "max": 0.7118565396378895
      },
      "steering_deg": {
        "min": -17.188734024679423,
        "median": 4.712047446120456,
        "p95": 16.4026182003647,
        "max": 17.188734024679423
      },
      "heading_abs_deg": {
        "min": 0.3640083607542164,
        "median": 9.000008240348638,
        "p95": 22.518212820221173,
        "max": 26.20107307374062
      }
    }
  },
  "invalid_runs": [
    {
      "start": "18:19:03.791",
      "end": "18:19:04.191",
      "n": 5,
      "mode": 3
    },
    {
      "start": "18:19:16.292",
      "end": "18:19:18.291",
      "n": 21,
      "mode": 3
    }
  ]
}
181932 {
  "bag": "/home/imac/ros2_ws/drive_debug_20261006_181932_light",
  "bag_grid_window": [
    "18:19:33.936",
    "18:20:01.844"
  ],
  "pose_window": [
    "18:19:34.087",
    "18:20:01.820"
  ],
  "goals_true": 0,
  "last_xy": [
    285.89323283815276,
    140.00892063734543
  ],
  "last_goal_distance_m": 32.95045194568591,
  "upper_n": 51,
  "upper_valid": 35,
  "upper_failures": [
    {
      "time": "18:19:54.066",
      "xy": [
        252.79544590212598,
        138.8604160026506
      ],
      "status": "DAQP direct corridor QP infeasible: tried=4"
    },
    {
      "time": "18:19:54.566",
      "xy": [
        255.33586376943575,
        137.63475066092786
      ],
      "status": "DAQP direct corridor QP infeasible: tried=4"
    },
    {
      "time": "18:19:55.066",
      "xy": [
        258.1135014622007,
        136.97719181528362
      ],
      "status": "DAQP direct corridor QP infeasible: tried=3"
    },
    {
      "time": "18:19:55.566",
      "xy": [
        260.96443706971814,
        136.96975091310037
      ],
      "status": "empty valid interval prefix"
    },
    {
      "time": "18:19:56.066",
      "xy": [
        263.70121527885357,
        137.2005571206931
      ],
      "status": "empty valid interval prefix"
    },
    {
      "time": "18:19:56.566",
      "xy": [
        266.2731573780964,
        137.50189562519176
      ],
      "status": "empty valid interval prefix"
    },
    {
      "time": "18:19:57.066",
      "xy": [
        268.7029924565059,
        137.8024798417362
      ],
      "status": "empty valid interval prefix"
    },
    {
      "time": "18:19:57.566",
      "xy": [
        270.9780889326185,
        138.09997299270609
      ],
      "status": "empty valid interval prefix"
    },
    {
      "time": "18:19:58.066",
      "xy": [
        273.1313476263151,
        138.37040286492555
      ],
      "status": "empty valid interval prefix"
    },
    {
      "time": "18:19:58.566",
      "xy": [
        275.1491123550371,
        138.63520094297436
      ],
      "status": "empty valid interval prefix"
    },
    {
      "time": "18:19:59.066",
      "xy": [
        277.0642776133173,
        138.872828351774
      ],
      "status": "empty valid interval prefix"
    },
    {
      "time": "18:19:59.566",
      "xy": [
        278.86072161468627,
        139.107506401423
      ],
      "status": "empty valid interval prefix"
    },
    {
      "time": "18:20:00.066",
      "xy": [
        280.56894294913934,
        139.3196233963287
      ],
      "status": "empty valid interval prefix"
    },
    {
      "time": "18:20:00.566",
      "xy": [
        282.1747178778052,
        139.53071543496947
      ],
      "status": "DAQP direct corridor QP infeasible: tried=1"
    },
    {
      "time": "18:20:01.066",
      "xy": [
        283.70557146479615,
        139.71971276745654
      ],
      "status": "DAQP direct corridor QP infeasible: tried=1"
    },
    {
      "time": "18:20:01.566",
      "xy": [
        285.14429886604506,
        139.90813680596168
      ],
      "status": "DAQP direct corridor QP infeasible: tried=1"
    }
  ],
  "horizons": {
    "7": 37,
    "5": 1,
    "2": 2,
    "1": 1,
    "0": 10
  },
  "upper_gaps": [],
  "path_gaps": [],
  "lower_gaps": [],
  "odom_max_gap_sec": 0.0461888313293457,
  "grid_n": 931,
  "grid_max_gap_sec": 0.24019813537597656,
  "geometry_patterns": {
    "(128, 128, 0.3125, [2.95, -20.0], [0.0, 0.0, 0.0, 1.0])": 931
  },
  "known_counts": {
    "16384": 931
  },
  "unknown_counts": {
    "0": 931
  },
  "grid_edge_40m_free_frames": 730,
  "near9m_empty": 170,
  "free_far_effective0": {
    "min": 3.4375,
    "median": 40.0,
    "p95": 40.0,
    "max": 40.0
  },
  "all_lower_modes": {
    "0": 213,
    "3": 68
  },
  "moving_valid_n": 213,
  "moving_valid_sat_fraction": 0.11737089201877934,
  "moving_valid_lateral_error_abs": {
    "min": 8.095552522738476e-05,
    "median": 0.08084966692545544,
    "p95": 1.7532630472692121,
    "max": 5.707113652280421
  },
  "segments": {
    "공통 초반 0~45m": {
      "n": 78,
      "speed": {
        "min": 2.624761797722337,
        "median": 5.76384694855724,
        "p95": 6.459580627136149,
        "max": 6.576172069638438
      },
      "sat_fraction": 0.0,
      "local_error_abs": {
        "min": 8.095552522738476e-05,
        "median": 0.04114144037527598,
        "p95": 0.2670601249962559,
        "max": 0.48137964773266306
      },
      "steering_deg": {
        "min": -5.690461372554204,
        "median": 0.8815818756671427,
        "p95": 11.846378775628146,
        "max": 13.183489751042792
      },
      "heading_abs_deg": {
        "min": 0.02348069319104674,
        "median": 3.262237405025755,
        "p95": 7.078483491501647,
        "max": 8.607010842839532
      }
    },
    "공통 첫 분기 45~85m": {
      "n": 65,
      "speed": {
        "min": 5.733858743740701,
        "median": 6.114690498533242,
        "p95": 6.456395586076303,
        "max": 6.561664359284733
      },
      "sat_fraction": 0.0,
      "local_error_abs": {
        "min": 0.002902470440014973,
        "median": 0.05792621517119068,
        "p95": 0.28465410345134756,
        "max": 0.36730506950094916
      },
      "steering_deg": {
        "min": -4.631026674968707,
        "median": 0.4876840604836287,
        "p95": 9.796563395513209,
        "max": 10.430820891935374
      },
      "heading_abs_deg": {
        "min": 0.2991404541485945,
        "median": 3.5594073073495593,
        "p95": 8.177992032918048,
        "max": 10.11397887536521
      }
    },
    "두 번째 분기 접근 85~125m": {
      "n": 67,
      "speed": {
        "min": 5.506374643566321,
        "median": 6.105333843642244,
        "p95": 6.423320926162686,
        "max": 6.523766581498944
      },
      "sat_fraction": 0.3283582089552239,
      "local_error_abs": {
        "min": 0.03370951988649066,
        "median": 0.2820692548399354,
        "p95": 3.564130037623992,
        "max": 4.766510838949768
      },
      "steering_deg": {
        "min": -17.188734024679423,
        "median": 5.584611284288213,
        "p95": 17.188734024679423,
        "max": 17.188734024679423
      },
      "heading_abs_deg": {
        "min": 2.66162569999914,
        "median": 16.36408390702295,
        "p95": 46.03374196384255,
        "max": 46.90544144156802
      }
    }
  },
  "invalid_runs": [
    {
      "start": "18:19:55.130",
      "end": "18:20:01.828",
      "n": 68,
      "mode": 3
    }
  ]
}
