/bev/occupancy_grid count 573 start/end 18:51:47.969 18:52:20.273 gap median/max 0.05441939830780029 0.5640585422515869
grid [(0.3125, 128, 128, [2.95, -20.0], [0.0, 0.0, 0.0, 1.0])] gaps>1s []
/motive/vehicle/odom_map count 904 start/end 18:51:50.191 18:52:20.290 gap median/max 0.03428244590759277 0.0446925163269043
/planner/lower_reference_path/with_arclength count 52 start/end 18:51:50.331 18:52:18.131 gap median/max 0.50002121925354 3.000087261199951
/debug/upper_branch_event count 60 start/end 18:51:50.633 18:52:20.131 gap median/max 0.5000510215759277 0.5062072277069092
/debug/lower_mpc_trace count 312 start/end 18:51:47.848 18:52:20.248 gap median/max 0.09997367858886719 1.4750123023986816
LOWER modes Counter({0.0: 289, 3.0: 23}) speed min/med/max [0.06632413 5.11743227 6.36669364] valid steering saturation 0.21453287197231835
mode 0.0 count 289 first,last 18:51:47.848 18:52:19.549
mode 3.0 count 23 first,last 18:51:56.424 18:52:20.248
UPPER 18:51:50.633 success 7 xy 187.14 216.07 yaw -84.4 status solved
UPPER 18:51:51.135 success 7 xy 187.36 214.49 yaw -82.4 status solved
UPPER 18:51:51.631 success 7 xy 187.6 212.64 yaw -82.2 status solved
UPPER 18:51:52.131 success 7 xy 187.76 210.55 yaw -84.3 status solved
UPPER 18:51:52.631 success 7 xy 187.78 208.24 yaw -88.0 status solved
UPPER 18:51:53.132 success 7 xy 187.61 205.74 yaw -92.0 status solved
UPPER 18:51:53.633 success 7 xy 187.32 203.09 yaw -95.0 status solved
UPPER 18:51:54.133 success 7 xy 186.92 200.32 yaw -97.1 status solved
UPPER 18:51:54.632 success 7 xy 186.46 197.46 yaw -98.7 status solved
UPPER 18:51:55.132 success 7 xy 185.95 194.54 yaw -98.9 status solved
UPPER 18:51:55.632 success 7 xy 185.58 191.57 yaw -97.5 status solved
UPPER 18:51:56.131 success 7 xy 185.26 188.78 yaw -97.5 status solved
UPPER 18:51:56.632 success 7 xy 184.97 186.18 yaw -97.1 status solved
UPPER 18:51:57.133 success 7 xy 184.98 183.71 yaw -91.4 status solved
UPPER 18:51:57.633 success 7 xy 185.52 181.32 yaw -81.4 status solved
UPPER 18:51:58.133 success 7 xy 186.6 179.13 yaw -68.9 status solved
UPPER 18:51:58.631 success 7 xy 188.19 177.27 yaw -55.5 status solved
UPPER 18:51:59.135 success 7 xy 190.07 175.73 yaw -44.6 status solved
UPPER 18:51:59.635 success 7 xy 191.99 174.3 yaw -40.3 status solved
UPPER 18:52:00.139 success 7 xy 193.73 172.68 yaw -43.6 status solved
UPPER 18:52:00.636 success 7 xy 195.21 170.76 yaw -50.7 status solved
UPPER 18:52:01.141 success 7 xy 196.72 168.86 yaw -50.9 status solved
UPPER 18:52:01.636 success 7 xy 198.53 167.18 yaw -45.0 status solved
UPPER 18:52:02.136 success 7 xy 200.61 165.79 yaw -37.0 status solved
UPPER 18:52:02.643 success 7 xy 202.9 164.7 yaw -29.4 status solved
UPPER 18:52:03.136 success 7 xy 205.27 163.8 yaw -23.8 status solved
UPPER 18:52:03.633 success 7 xy 207.72 163.09 yaw -19.2 status solved
UPPER 18:52:04.133 success 7 xy 210.19 162.39 yaw -17.9 status solved
UPPER 18:52:04.634 success 7 xy 212.59 161.46 yaw -21.9 status solved
UPPER 18:52:05.133 success 7 xy 214.81 160.11 yaw -30.4 status solved
UPPER 18:52:05.632 success 7 xy 216.69 158.27 yaw -42.2 status solved
UPPER 18:52:06.131 success 7 xy 218.22 156.12 yaw -52.0 status solved
UPPER 18:52:06.633 success 7 xy 219.66 153.91 yaw -55.7 status solved
UPPER 18:52:07.134 success 7 xy 221.4 151.91 yaw -50.4 status solved
UPPER 18:52:07.631 success 7 xy 223.58 150.35 yaw -39.4 status solved
UPPER 18:52:08.132 success 7 xy 226.11 149.33 yaw -26.9 status solved
UPPER 18:52:08.634 success 7 xy 228.76 148.68 yaw -18.7 status solved
UPPER 18:52:09.133 success 7 xy 231.39 148.03 yaw -16.9 status solved
UPPER 18:52:09.633 success 7 xy 233.96 147.15 yaw -20.6 status solved
UPPER 18:52:10.134 success 7 xy 236.34 145.82 yaw -29.1 status solved
UPPER 18:52:10.632 success 7 xy 238.39 143.98 yaw -40.7 status solved
UPPER 18:52:11.131 success 7 xy 239.96 141.7 yaw -53.1 status solved
UPPER 18:52:11.631 success 7 xy 241.23 139.24 yaw -61.1 status solved
UPPER 18:52:12.132 success 7 xy 242.52 136.81 yaw -61.7 status solved
UPPER 18:52:12.632 solver_rejected 6 xy 244.21 134.61 yaw -54.7 status DAQP direct corridor QP infeasible: tried=1
UPPER 18:52:13.131 solver_rejected 7 xy 246.41 132.85 yaw -42.5 status DAQP direct corridor QP infeasible: tried=1
UPPER 18:52:13.631 solver_rejected 7 xy 249.06 131.76 yaw -27.7 status DAQP direct corridor QP infeasible: tried=1
UPPER 18:52:14.131 solver_rejected 7 xy 251.86 131.25 yaw -15.8 status DAQP direct corridor QP infeasible: tried=1
UPPER 18:52:14.631 solver_rejected 7 xy 254.57 130.96 yaw -10.2 status DAQP direct corridor QP infeasible: tried=1
UPPER 18:52:15.132 success 7 xy 257.13 130.75 yaw -7.4 status solved
UPPER 18:52:15.631 success 7 xy 259.56 130.67 yaw -4.2 status solved
UPPER 18:52:16.131 success 7 xy 261.93 130.95 yaw 3.3 status solved
UPPER 18:52:16.631 success 7 xy 264.21 131.52 yaw 9.8 status solved
UPPER 18:52:17.131 success 7 xy 266.49 132.06 yaw 11.1 status solved
UPPER 18:52:17.633 success 7 xy 268.82 132.3 yaw 5.8 status solved
UPPER 18:52:18.132 success 6 xy 271.2 132.03 yaw -4.2 status solved
UPPER 18:52:18.631 solver_rejected 7 xy 273.47 131.21 yaw -16.8 status DAQP direct corridor QP infeasible: tried=1
UPPER 18:52:19.131 solver_rejected 7 xy 275.49 129.81 yaw -30.8 status DAQP direct corridor QP infeasible: tried=1
UPPER 18:52:19.632 solver_rejected 7 xy 277.11 127.94 yaw -45.2 status DAQP direct corridor QP infeasible: tried=1
UPPER 18:52:20.131 solver_rejected 7 xy 278.39 125.82 yaw -55.4 status DAQP direct corridor QP infeasible: tried=1
WARNINGS
18:51:47.777 lower_tracking_mpc_node lower control invalid: neutral steering/throttle: waiting for pose
18:51:50.206 px4_odom_map_bridge Waiting for valid PX4 source pose on /px4/sih/odom
18:51:56.424 lower_tracking_mpc_node lower control invalid: neutral steering/throttle: stale pose
18:51:56.448 lower_tracking_mpc_node lower MPC state reset: path/mission/pose/reset event
18:52:12.631 upper_planner_node interval_diag step=7 reason=3 ref_body=(25.276,18.882) heading_deg=37.49 center_cell=(71,124) center_value=100 line_free=0 blocked=304 unknown=0 outside=2 longest_run=0 min_run=2 grid_free=1843 zero=1843 positive=14541 unknown=0 topic=/bev/occupancy_grid frame=Vehicle origin=(2.950,-20.000) origin_yaw_deg=0.00 size=128x128 res=0.3125 positive_is_drivable=0 threshold=1 waypoint_bias=0 previous=1
18:52:12.631 upper_planner_node no valid preview interval at step=7; usable horizon=6 reason=3
18:52:12.631 upper_planner_node horizon_diag configured=7 extent_limit=7 requested=7 usable=6 reserve=1 restore=1 step_m=4.500 previous=1
18:52:12.632 upper_planner_node egocentric MIQP failed: status=DAQP direct corridor QP infeasible: tried=1 solve_ms=0.177; retaining last published path
18:52:13.648 lower_tracking_mpc_node lower control invalid: neutral steering/throttle: stale lower path
18:52:14.132 upper_planner_node egocentric MIQP failed: status=DAQP direct corridor QP infeasible: tried=1 solve_ms=0.201; retaining last published path
18:52:14.648 lower_tracking_mpc_node lower control invalid: neutral steering/throttle: stale lower path
18:52:18.131 upper_planner_node interval_diag step=7 reason=3 ref_body=(27.265,-15.937) heading_deg=-29.64 center_cell=(77,13) center_value=100 line_free=0 blocked=365 unknown=0 outside=0 longest_run=0 min_run=2 grid_free=839 zero=839 positive=15545 unknown=0 topic=/bev/occupancy_grid frame=Vehicle origin=(2.950,-20.000) origin_yaw_deg=0.00 size=128x128 res=0.3125 positive_is_drivable=0 threshold=1 waypoint_bias=0 previous=1
18:52:18.132 upper_planner_node no valid preview interval at step=7; usable horizon=6 reason=3
18:52:18.132 upper_planner_node horizon_diag configured=7 extent_limit=7 requested=7 usable=6 reserve=1 restore=1 step_m=4.500 previous=1
18:52:18.631 upper_planner_node egocentric MIQP failed: status=DAQP direct corridor QP infeasible: tried=1 solve_ms=0.151; retaining last published path
18:52:19.631 upper_planner_node egocentric MIQP failed: status=DAQP direct corridor QP infeasible: tried=1 solve_ms=0.155; retaining last published path
18:52:19.649 lower_tracking_mpc_node lower control invalid: neutral steering/throttle: stale lower path
