/bev/occupancy_grid count 1033 start/end 18:26:04.484 18:26:34.672 gap median/max 0.02633380889892578 0.12053108215332031
grid [(0.3125, 128, 128, [2.95, -20.0], [0.0, 0.0, 0.0, 1.0])] gaps>1s []
/motive/vehicle/odom_map count 909 start/end 18:26:04.449 18:26:34.714 gap median/max 0.03389453887939453 0.053261756896972656
/planner/lower_reference_path/with_arclength count 44 start/end 18:26:04.449 18:26:25.804 gap median/max 0.4999840259552002 0.9746227264404297
/debug/upper_branch_event count 55 start/end 18:26:04.804 18:26:31.805 gap median/max 0.5001015663146973 0.9746084213256836
/debug/lower_mpc_trace count 286 start/end 18:26:04.479 18:26:32.979 gap median/max 0.10002994537353516 0.10470199584960938
LOWER modes Counter({0.0: 229, 3.0: 57}) speed min/med/max [0.01167993 5.68785768 7.97692183] valid steering saturation 0.021834061135371178
mode 0.0 count 229 first,last 18:26:04.478 18:26:27.280
mode 3.0 count 57 first,last 18:26:27.379 18:26:32.979
UPPER 18:26:04.804 success 6 xy 186.98 219.99 yaw -90.1 status solved
UPPER 18:26:05.302 success 6 xy 186.95 219.91 yaw -90.2 status solved
UPPER 18:26:05.804 success 6 xy 186.92 219.6 yaw -90.1 status solved
UPPER 18:26:06.303 success 6 xy 186.9 219.04 yaw -89.9 status solved
UPPER 18:26:06.803 success 6 xy 186.92 218.18 yaw -88.8 status solved
UPPER 18:26:07.304 success 6 xy 186.99 217.05 yaw -87.1 status solved
UPPER 18:26:07.805 success 6 xy 187.14 215.64 yaw -84.9 status solved
UPPER 18:26:08.303 success 6 xy 187.34 213.98 yaw -83.5 status solved
UPPER 18:26:08.804 success 6 xy 187.54 212.05 yaw -83.7 status solved
UPPER 18:26:09.304 success 6 xy 187.64 209.9 yaw -86.2 status solved
UPPER 18:26:09.803 success 6 xy 187.6 207.53 yaw -89.7 status solved
UPPER 18:26:10.304 success 6 xy 187.42 204.99 yaw -92.6 status solved
UPPER 18:26:10.804 success 6 xy 187.25 202.29 yaw -93.1 status solved
UPPER 18:26:11.305 success 6 xy 187.2 199.48 yaw -90.9 status solved
UPPER 18:26:11.805 success 6 xy 187.4 196.58 yaw -86.8 status solved
UPPER 18:26:12.304 success 6 xy 187.78 193.67 yaw -83.7 status solved
UPPER 18:26:12.806 success 6 xy 188.33 190.73 yaw -80.5 status solved
UPPER 18:26:13.304 success 6 xy 189.08 187.81 yaw -77.1 status solved
UPPER 18:26:13.805 success 6 xy 190.02 184.9 yaw -73.9 status solved
UPPER 18:26:14.305 success 6 xy 191.16 182.05 yaw -70.0 status solved
UPPER 18:26:14.807 success 6 xy 192.67 179.35 yaw -63.3 status solved
UPPER 18:26:15.308 success 6 xy 194.54 176.89 yaw -55.9 status solved
UPPER 18:26:15.805 success 6 xy 196.64 174.63 yaw -50.4 status solved
UPPER 18:26:16.780 success 6 xy 198.75 172.42 yaw -48.9 status solved
UPPER 18:26:16.807 success 6 xy 200.74 170.15 yaw -50.2 status solved
UPPER 18:26:17.308 success 6 xy 202.7 167.89 yaw -50.1 status solved
UPPER 18:26:17.805 success 6 xy 204.8 165.74 yaw -47.3 status solved
UPPER 18:26:18.306 success 6 xy 207.08 163.82 yaw -42.5 status solved
UPPER 18:26:18.805 success 6 xy 209.53 162.1 yaw -37.9 status solved
UPPER 18:26:19.304 success 6 xy 212.04 160.49 yaw -35.0 status solved
UPPER 18:26:19.805 success 6 xy 214.61 158.99 yaw -32.4 status solved
UPPER 18:26:20.305 success 6 xy 217.24 157.57 yaw -30.6 status solved
UPPER 18:26:20.804 success 6 xy 219.86 156.13 yaw -30.9 status solved
UPPER 18:26:21.304 success 6 xy 222.37 154.53 yaw -33.7 status solved
UPPER 18:26:21.805 success 6 xy 224.77 152.77 yaw -37.1 status solved
UPPER 18:26:22.305 success 6 xy 227.07 150.89 yaw -40.1 status solved
UPPER 18:26:22.805 success 6 xy 229.3 148.9 yaw -42.3 status solved
UPPER 18:26:23.304 success 6 xy 231.6 146.99 yaw -41.1 status solved
UPPER 18:26:23.805 success 6 xy 234.1 145.33 yaw -35.8 status solved
UPPER 18:26:24.303 success 6 xy 236.85 144.08 yaw -27.7 status solved
UPPER 18:26:24.805 success 6 xy 239.74 143.21 yaw -20.9 status solved
UPPER 18:26:25.303 success 6 xy 242.62 142.39 yaw -19.0 status solved
UPPER 18:26:25.805 success 6 xy 245.5 141.58 yaw -17.7 status solved
UPPER 18:26:26.307 solver_rejected 6 xy 248.47 141.17 yaw -10.9 status DAQP direct corridor QP infeasible: tried=24
UPPER 18:26:26.805 no_candidate 0 xy 251.46 141.07 yaw -5.5 status empty valid interval prefix
UPPER 18:26:27.308 solver_rejected 2 xy 254.45 141.32 yaw 2.0 status DAQP direct corridor QP infeasible: tried=4
UPPER 18:26:27.807 no_candidate 0 xy 257.33 142.17 yaw 11.7 status empty valid interval prefix
UPPER 18:26:28.311 no_candidate 0 xy 260.03 143.16 yaw 16.5 status empty valid interval prefix
UPPER 18:26:28.806 no_candidate 0 xy 262.55 144.16 yaw 18.8 status empty valid interval prefix
UPPER 18:26:29.305 no_candidate 0 xy 264.91 145.11 yaw 19.7 status empty valid interval prefix
UPPER 18:26:29.804 no_candidate 0 xy 267.13 146.01 yaw 20.2 status empty valid interval prefix
UPPER 18:26:30.308 solver_rejected 1 xy 269.22 146.85 yaw 20.4 status DAQP direct corridor QP infeasible: tried=1
UPPER 18:26:30.806 solver_rejected 1 xy 271.18 147.64 yaw 20.6 status DAQP direct corridor QP infeasible: tried=1
UPPER 18:26:31.303 no_candidate 0 xy 273.03 148.38 yaw 20.6 status empty valid interval prefix
UPPER 18:26:31.805 solver_rejected 1 xy 274.77 149.09 yaw 20.7 status DAQP direct corridor QP infeasible: tried=1
WARNINGS
18:26:04.449 lower_tracking_mpc_node MAVLink peer unknown; check MAVProxy --out=127.0.0.1:14540
18:26:04.449 lower_tracking_mpc_node lower control invalid: neutral steering/throttle: waiting for pose
18:26:04.449 lower_tracking_mpc_node lower control invalid: neutral steering/throttle: 
18:26:04.457 px4_ekf_bridge Start with the vehicle disarmed and stationary. PX4 EKF parameter changes marked as reboot-required need a Pixhawk reboot before fusion is tested.
18:26:04.458 px4_ekf_bridge SIH heading check: settling (EKF-SIH=-0.40005873599396696 deg); pose output blocked
18:26:04.467 upper_planner_node grid origin experiment: received_x=2.950 effective_x=0.000 shift_x=-2.950; cell data unchanged
18:26:04.468 px4_odom_map_bridge Waiting for valid PX4 source pose on /px4/sih/odom
18:26:04.469 px4_ekf_bridge SIH heading check: ok (EKF-SIH=-0.3087527671692365 deg); pose output enabled
18:26:11.460 upper_planner_node grid origin experiment: received_x=2.950 effective_x=0.000 shift_x=-2.950; cell data unchanged
18:26:16.302 upper_planner_node no valid interval at the measured k=0 state; retaining future horizon=6 reason=3
18:26:21.468 upper_planner_node grid origin experiment: received_x=2.950 effective_x=0.000 shift_x=-2.950; cell data unchanged
18:26:26.310 upper_planner_node egocentric MIQP failed: status=DAQP direct corridor QP infeasible: tried=24 solve_ms=1.765; retaining last published path
18:26:26.803 upper_planner_node no valid interval at the measured k=0 state; retaining future horizon=6 reason=3
18:26:26.803 upper_planner_node interval_diag step=1 reason=3 ref_body=(4.415,0.557) heading_deg=48.68 center_cell=(14,65) center_value=100 line_free=0 blocked=371 unknown=0 outside=1 longest_run=0 min_run=2 grid_free=821 zero=821 positive=15563 unknown=0 topic=/bev/occupancy_grid frame=Vehicle origin=(0.000,-20.000) origin_yaw_deg=0.00 size=128x128 res=0.3125 positive_is_drivable=0 threshold=1 waypoint_bias=0 previous=1
18:26:26.803 upper_planner_node no valid preview interval at step=1; usable horizon=0 reason=3
18:26:26.804 upper_planner_node no valid preview interval at step=3; usable horizon=0 reason=3
18:26:26.804 upper_planner_node no valid preview interval at step=4; usable horizon=0 reason=3
18:26:26.804 upper_planner_node no valid preview interval at step=5; usable horizon=0 reason=3
18:26:26.804 upper_planner_node no valid preview interval at step=6; usable horizon=0 reason=3
18:26:26.804 upper_planner_node horizon_diag configured=6 extent_limit=6 requested=6 usable=0 reserve=1 restore=1 step_m=4.500 previous=1
18:26:26.805 upper_planner_node empty valid interval prefix; retaining the last published path
18:26:27.305 upper_planner_node no valid interval at the measured k=0 state; retaining future horizon=6 reason=3
18:26:27.305 upper_planner_node no valid preview interval at step=3; usable horizon=2 reason=3
18:26:27.307 upper_planner_node no valid preview interval at step=4; usable horizon=2 reason=3
18:26:27.308 upper_planner_node no valid preview interval at step=5; usable horizon=2 reason=3
18:26:27.308 upper_planner_node no valid preview interval at step=6; usable horizon=2 reason=3
18:26:27.308 upper_planner_node egocentric MIQP failed: status=DAQP direct corridor QP infeasible: tried=4 solve_ms=0.295; retaining last published path
18:26:27.380 lower_tracking_mpc_node lower control invalid: neutral steering/throttle: stale lower path
18:26:27.803 upper_planner_node no valid interval at the measured k=0 state; retaining future horizon=6 reason=3
18:26:27.803 upper_planner_node no valid preview interval at step=1; usable horizon=0 reason=3
18:26:27.804 upper_planner_node no valid preview interval at step=2; usable horizon=0 reason=3
18:26:27.805 upper_planner_node no valid preview interval at step=3; usable horizon=0 reason=3
18:26:27.805 upper_planner_node no valid preview interval at step=4; usable horizon=0 reason=3
18:26:27.807 upper_planner_node no valid preview interval at step=5; usable horizon=0 reason=3
18:26:27.807 upper_planner_node no valid preview interval at step=6; usable horizon=0 reason=3
18:26:27.807 upper_planner_node empty valid interval prefix; retaining the last published path
18:26:28.303 upper_planner_node no valid interval at the measured k=0 state; retaining future horizon=6 reason=3
18:26:28.305 upper_planner_node no valid preview interval at step=1; usable horizon=0 reason=3
18:26:28.306 upper_planner_node no valid preview interval at step=2; usable horizon=0 reason=3
18:26:28.306 upper_planner_node no valid preview interval at step=3; usable horizon=0 reason=3
18:26:28.306 upper_planner_node no valid preview interval at step=4; usable horizon=0 reason=3
18:26:28.307 upper_planner_node no valid preview interval at step=5; usable horizon=0 reason=3
18:26:28.308 upper_planner_node no valid preview interval at step=6; usable horizon=0 reason=3
18:26:28.481 lower_tracking_mpc_node lower control invalid: neutral steering/throttle: stale lower path
18:26:28.803 upper_planner_node no valid interval at the measured k=0 state; retaining future horizon=6 reason=3
18:26:28.803 upper_planner_node interval_diag step=1 reason=3 ref_body=(2.070,4.870) heading_deg=36.40 center_cell=(6,79) center_value=100 line_free=0 blocked=345 unknown=0 outside=0 longest_run=0 min_run=2 grid_free=0 zero=0 positive=16384 unknown=0 topic=/bev/occupancy_grid frame=Vehicle origin=(0.000,-20.000) origin_yaw_deg=0.00 size=128x128 res=0.3125 positive_is_drivable=0 threshold=1 waypoint_bias=0 previous=1
18:26:28.804 upper_planner_node no valid preview interval at step=1; usable horizon=0 reason=3
18:26:28.804 upper_planner_node no valid preview interval at step=2; usable horizon=0 reason=3
18:26:28.805 upper_planner_node no valid preview interval at step=3; usable horizon=0 reason=3
18:26:28.805 upper_planner_node no valid preview interval at step=4; usable horizon=0 reason=3
18:26:28.806 upper_planner_node no valid preview interval at step=5; usable horizon=0 reason=3
18:26:28.806 upper_planner_node no valid preview interval at step=6; usable horizon=0 reason=3
18:26:28.806 upper_planner_node horizon_diag configured=6 extent_limit=6 requested=6 usable=0 reserve=1 restore=1 step_m=4.500 previous=1
18:26:28.807 upper_planner_node empty valid interval prefix; retaining the last published path
18:26:29.303 upper_planner_node no valid interval at the measured k=0 state; retaining future horizon=6 reason=3
18:26:29.305 upper_planner_node no valid preview interval at step=1; usable horizon=0 reason=3
18:26:29.305 upper_planner_node no valid preview interval at step=2; usable horizon=0 reason=3
18:26:29.306 upper_planner_node no valid preview interval at step=3; usable horizon=0 reason=3
18:26:29.306 upper_planner_node no valid preview interval at step=4; usable horizon=0 reason=3
18:26:29.306 upper_planner_node no valid preview interval at step=5; usable horizon=0 reason=3
18:26:29.306 upper_planner_node no valid preview interval at step=6; usable horizon=0 reason=3
18:26:29.480 lower_tracking_mpc_node lower control invalid: neutral steering/throttle: stale lower path
18:26:29.803 upper_planner_node no valid interval at the measured k=0 state; retaining future horizon=6 reason=3
18:26:29.803 upper_planner_node no valid preview interval at step=1; usable horizon=0 reason=3
18:26:29.803 upper_planner_node no valid preview interval at step=2; usable horizon=0 reason=3
18:26:29.804 upper_planner_node no valid preview interval at step=3; usable horizon=0 reason=3
18:26:29.804 upper_planner_node no valid preview interval at step=4; usable horizon=0 reason=3
18:26:29.804 upper_planner_node no valid preview interval at step=5; usable horizon=0 reason=3
18:26:29.804 upper_planner_node no valid preview interval at step=6; usable horizon=0 reason=3
18:26:30.305 upper_planner_node no valid interval at the measured k=0 state; retaining future horizon=6 reason=3
18:26:30.305 upper_planner_node no valid preview interval at step=2; usable horizon=1 reason=3
18:26:30.305 upper_planner_node no valid preview interval at step=3; usable horizon=1 reason=3
18:26:30.306 upper_planner_node no valid preview interval at step=4; usable horizon=1 reason=3
18:26:30.306 upper_planner_node no valid preview interval at step=5; usable horizon=1 reason=3
18:26:30.307 upper_planner_node no valid preview interval at step=6; usable horizon=1 reason=3
18:26:30.312 upper_planner_node egocentric MIQP failed: status=DAQP direct corridor QP infeasible: tried=1 solve_ms=0.219; retaining last published path
18:26:30.580 lower_tracking_mpc_node lower control invalid: neutral steering/throttle: stale lower path
18:26:30.803 upper_planner_node no valid interval at the measured k=0 state; retaining future horizon=6 reason=3
18:26:30.803 upper_planner_node no valid preview interval at step=2; usable horizon=1 reason=3
18:26:30.804 upper_planner_node interval_diag step=3 reason=3 ref_body=(7.496,12.728) heading_deg=27.11 center_cell=(23,104) center_value=100 line_free=0 blocked=450 unknown=0 outside=1 longest_run=0 min_run=2 grid_free=154 zero=154 positive=16230 unknown=0 topic=/bev/occupancy_grid frame=Vehicle origin=(0.000,-20.000) origin_yaw_deg=0.00 size=128x128 res=0.3125 positive_is_drivable=0 threshold=1 waypoint_bias=0 previous=1
18:26:30.804 upper_planner_node no valid preview interval at step=3; usable horizon=1 reason=3
18:26:30.804 upper_planner_node no valid preview interval at step=4; usable horizon=1 reason=3
18:26:30.804 upper_planner_node no valid preview interval at step=5; usable horizon=1 reason=3
18:26:30.805 upper_planner_node no valid preview interval at step=6; usable horizon=1 reason=3
18:26:31.303 upper_planner_node no valid interval at the measured k=0 state; retaining future horizon=6 reason=3
18:26:31.303 upper_planner_node no valid preview interval at step=1; usable horizon=0 reason=3
18:26:31.303 upper_planner_node no valid preview interval at step=2; usable horizon=0 reason=3
18:26:31.303 upper_planner_node no valid preview interval at step=3; usable horizon=0 reason=3
18:26:31.303 upper_planner_node no valid preview interval at step=4; usable horizon=0 reason=3
18:26:31.303 upper_planner_node no valid preview interval at step=5; usable horizon=0 reason=3
18:26:31.303 upper_planner_node horizon_diag configured=6 extent_limit=6 requested=6 usable=0 reserve=1 restore=1 step_m=4.500 previous=1
18:26:31.304 upper_planner_node empty valid interval prefix; retaining the last published path
18:26:31.517 upper_planner_node grid origin experiment: received_x=2.950 effective_x=0.000 shift_x=-2.950; cell data unchanged
18:26:31.579 lower_tracking_mpc_node lower control invalid: neutral steering/throttle: stale lower path
18:26:31.804 upper_planner_node no valid preview interval at step=2; usable horizon=1 reason=3
18:26:31.804 upper_planner_node no valid preview interval at step=3; usable horizon=1 reason=3
18:26:31.804 upper_planner_node no valid preview interval at step=4; usable horizon=1 reason=3
18:26:31.805 upper_planner_node egocentric MIQP failed: status=DAQP direct corridor QP infeasible: tried=1 solve_ms=0.208; retaining last published path
18:26:32.580 lower_tracking_mpc_node lower control invalid: neutral steering/throttle: stale lower path
