174526 {
  "bag": "/home/imac/ros2_ws/drive_debug_20261006_174526_light",
  "bag_grid_window": [
    "17:45:27.537",
    "17:46:40.895"
  ],
  "pose_window": [
    "17:46:04.576",
    "17:46:40.919"
  ],
  "goals_true": 0,
  "last_xy": [
    305.1976372290992,
    117.41610344850132
  ],
  "last_goal_distance_m": 60.98453274060885,
  "upper_n": 67,
  "upper_valid": 58,
  "upper_failures": [
    {
      "time": "17:46:14.941",
      "xy": [
        184.06644051035047,
        180.68923560125108
      ],
      "status": "DAQP direct corridor QP infeasible: tried=4"
    },
    {
      "time": "17:46:15.441",
      "xy": [
        184.8979864076309,
        177.65893485022576
      ],
      "status": "DAQP direct corridor QP infeasible: tried=12"
    },
    {
      "time": "17:46:15.941",
      "xy": [
        186.69366267313853,
        174.93136258433424
      ],
      "status": "DAQP direct corridor QP infeasible: tried=8"
    },
    {
      "time": "17:46:30.441",
      "xy": [
        251.69676889704647,
        134.69628361376638
      ],
      "status": "DAQP direct corridor QP infeasible: tried=1"
    },
    {
      "time": "17:46:35.941",
      "xy": [
        281.4202424479485,
        126.00225861727404
      ],
      "status": "DAQP direct corridor QP infeasible: tried=1"
    },
    {
      "time": "17:46:36.441",
      "xy": [
        284.1904892593759,
        125.21701611838762
      ],
      "status": "DAQP direct corridor QP infeasible: tried=1"
    },
    {
      "time": "17:46:36.941",
      "xy": [
        286.9332050264739,
        124.2817081142583
      ],
      "status": "DAQP direct corridor QP infeasible: tried=1"
    },
    {
      "time": "17:46:37.441",
      "xy": [
        289.63618112319085,
        123.28246581841509
      ],
      "status": "DAQP direct corridor QP infeasible: tried=1"
    },
    {
      "time": "17:46:37.941",
      "xy": [
        292.260586907692,
        122.30907997546284
      ],
      "status": "DAQP direct corridor QP infeasible: tried=1"
    }
  ],
  "horizons": {
    "7": 66,
    "6": 1
  },
  "upper_gaps": [],
  "path_gaps": [
    {
      "from": "17:46:14.443",
      "to": "17:46:16.462",
      "sec": 2.01961612701416
    },
    {
      "from": "17:46:29.945",
      "to": "17:46:30.944",
      "sec": 0.9983372688293457
    }
  ],
  "lower_gaps": [],
  "odom_max_gap_sec": 0.05219745635986328,
  "grid_n": 1937,
  "grid_max_gap_sec": 0.24100804328918457,
  "geometry_patterns": {
    "(128, 128, 0.3125, [2.95, -20.0], [0.0, 0.0, 0.0, 1.0])": 1937
  },
  "known_counts": {
    "16384": 1937
  },
  "unknown_counts": {
    "0": 1937
  },
  "grid_edge_40m_free_frames": 699,
  "near9m_empty": 995,
  "free_far_effective0": {
    "min": 6.5625,
    "median": 40.0,
    "p95": 40.0,
    "max": 40.0
  },
  "all_lower_modes": {
    "3": 417,
    "0": 314
  },
  "moving_valid_n": 297,
  "moving_valid_sat_fraction": 0.1750841750841751,
  "moving_valid_lateral_error_abs": {
    "min": 0.0,
    "median": 0.1302499346574721,
    "p95": 1.0244493880080914,
    "max": 1.6616800901437514
  },
  "segments": {
    "공통 초반 0~45m": {
      "n": 93,
      "speed": {
        "min": 1.0184718793702905,
        "median": 5.406614869735392,
        "p95": 6.3153347847650965,
        "max": 6.4782954427076245
      },
      "sat_fraction": 0.1827956989247312,
      "local_error_abs": {
        "min": 0.0,
        "median": 0.10298634233263702,
        "p95": 1.524199820218832,
        "max": 1.6616800901437514
      },
      "steering_deg": {
        "min": -16.24525164934051,
        "median": 0.41594903289413254,
        "p95": 17.188734024679423,
        "max": 17.188734024679423
      },
      "heading_abs_deg": {
        "min": 0.14000252702193014,
        "median": 4.994719094982676,
        "p95": 19.29164283445386,
        "max": 21.65015625160089
      }
    },
    "공통 첫 분기 45~85m": {
      "n": 75,
      "speed": {
        "min": 4.530251750772978,
        "median": 5.0155000812619495,
        "p95": 6.06865286913405,
        "max": 6.5148030299674655
      },
      "sat_fraction": 0.09333333333333334,
      "local_error_abs": {
        "min": 0.0,
        "median": 0.09417823230006597,
        "p95": 0.6915695202691683,
        "max": 1.1470985453870683
      },
      "steering_deg": {
        "min": -17.188734024679423,
        "median": 0.8112661347067487,
        "p95": 16.975689752296148,
        "max": 17.188734024679423
      },
      "heading_abs_deg": {
        "min": 0.06608007904405892,
        "median": 8.746915199217261,
        "p95": 28.907727514099083,
        "max": 29.939290642937607
      }
    },
    "두 번째 분기 접근 85~125m": {
      "n": 88,
      "speed": {
        "min": 4.754819632036451,
        "median": 5.374747311471273,
        "p95": 5.7887736691062415,
        "max": 6.2273850456174245
      },
      "sat_fraction": 0.3181818181818182,
      "local_error_abs": {
        "min": 0.0,
        "median": 0.20162118673287976,
        "p95": 0.9801908111557048,
        "max": 1.2071518403529473
      },
      "steering_deg": {
        "min": -17.188734024679423,
        "median": 1.0215634223997219,
        "p95": 17.188734024679423,
        "max": 17.188734024679423
      },
      "heading_abs_deg": {
        "min": 0.5901412937537935,
        "median": 16.36549065661766,
        "p95": 29.779294372496366,
        "max": 35.09341572916408
      }
    }
  },
  "invalid_runs": [
    {
      "start": "17:45:27.846",
      "end": "17:46:04.847",
      "n": 371,
      "mode": 3
    },
    {
      "start": "17:46:15.948",
      "end": "17:46:16.447",
      "n": 6,
      "mode": 3
    },
    {
      "start": "17:46:36.948",
      "end": "17:46:40.848",
      "n": 40,
      "mode": 3
    }
  ]
}
175433 {
  "bag": "/home/imac/ros2_ws/drive_debug_20261006_175433_light",
  "bag_grid_window": [
    "17:54:34.121",
    "17:55:18.142"
  ],
  "pose_window": [
    "17:54:33.955",
    "17:55:18.176"
  ],
  "goals_true": 0,
  "last_xy": [
    331.1546132587106,
    108.76545470456756
  ],
  "last_goal_distance_m": 82.60763057613497,
  "upper_n": 84,
  "upper_valid": 50,
  "upper_failures": [
    {
      "time": "17:54:55.375",
      "xy": [
        254.95548106593137,
        137.1494729034957
      ],
      "status": "DAQP direct corridor QP infeasible: tried=1"
    },
    {
      "time": "17:54:55.875",
      "xy": [
        257.8942424556737,
        136.8365800571082
      ],
      "status": "DAQP direct corridor QP infeasible: tried=1"
    },
    {
      "time": "17:55:00.376",
      "xy": [
        282.2467393312408,
        126.42737780744181
      ],
      "status": "DAQP direct corridor QP infeasible: tried=1"
    },
    {
      "time": "17:55:00.875",
      "xy": [
        285.0484641748838,
        125.44997974241805
      ],
      "status": "DAQP direct corridor QP infeasible: tried=1"
    },
    {
      "time": "17:55:01.375",
      "xy": [
        287.8067028178384,
        124.42272310874988
      ],
      "status": "DAQP direct corridor QP infeasible: tried=1"
    },
    {
      "time": "17:55:01.875",
      "xy": [
        290.56637527406644,
        123.43256155438739
      ],
      "status": "DAQP direct corridor QP infeasible: tried=1"
    },
    {
      "time": "17:55:02.375",
      "xy": [
        293.2155112381972,
        122.46690141541637
      ],
      "status": "DAQP direct corridor QP infeasible: tried=1"
    },
    {
      "time": "17:55:02.875",
      "xy": [
        295.7584616313537,
        121.56701918462602
      ],
      "status": "DAQP direct corridor QP infeasible: tried=1"
    },
    {
      "time": "17:55:03.375",
      "xy": [
        298.1365370659498,
        120.70282082072961
      ],
      "status": "DAQP direct corridor QP infeasible: tried=1"
    },
    {
      "time": "17:55:03.875",
      "xy": [
        300.4001510230595,
        119.90394483455147
      ],
      "status": "DAQP direct corridor QP infeasible: tried=1"
    },
    {
      "time": "17:55:04.375",
      "xy": [
        302.63255100483843,
        119.09170837148028
      ],
      "status": "DAQP direct corridor QP infeasible: tried=1"
    },
    {
      "time": "17:55:04.875",
      "xy": [
        304.5172441322683,
        118.42627954892787
      ],
      "status": "DAQP direct corridor QP infeasible: tried=1"
    },
    {
      "time": "17:55:05.375",
      "xy": [
        306.38996546887586,
        117.73811958548966
      ],
      "status": "DAQP direct corridor QP infeasible: tried=1"
    },
    {
      "time": "17:55:05.875",
      "xy": [
        308.2878460699658,
        117.06480875849282
      ],
      "status": "DAQP direct corridor QP infeasible: tried=1"
    },
    {
      "time": "17:55:06.375",
      "xy": [
        309.85889985754386,
        116.48779407448318
      ],
      "status": "DAQP direct corridor QP infeasible: tried=1"
    },
    {
      "time": "17:55:06.876",
      "xy": [
        311.46474182508945,
        115.91845246986402
      ],
      "status": "DAQP direct corridor QP infeasible: tried=1"
    },
    {
      "time": "17:55:07.375",
      "xy": [
        312.96028398437966,
        115.36191767154908
      ],
      "status": "DAQP direct corridor QP infeasible: tried=1"
    },
    {
      "time": "17:55:07.875",
      "xy": [
        314.4010976959324,
        114.84917216758672
      ],
      "status": "DAQP direct corridor QP infeasible: tried=1"
    },
    {
      "time": "17:55:08.375",
      "xy": [
        315.7432834205212,
        114.34693371478572
      ],
      "status": "DAQP direct corridor QP infeasible: tried=1"
    },
    {
      "time": "17:55:08.875",
      "xy": [
        317.0374159870754,
        113.88797970332871
      ],
      "status": "DAQP direct corridor QP infeasible: tried=1"
    },
    {
      "time": "17:55:09.375",
      "xy": [
        318.2427261569432,
        113.43725264594494
      ],
      "status": "DAQP direct corridor QP infeasible: tried=1"
    },
    {
      "time": "17:55:09.875",
      "xy": [
        319.4075387615695,
        113.02527651708087
      ],
      "status": "DAQP direct corridor QP infeasible: tried=1"
    },
    {
      "time": "17:55:10.375",
      "xy": [
        320.48703837652783,
        112.61974398779631
      ],
      "status": "DAQP direct corridor QP infeasible: tried=1"
    },
    {
      "time": "17:55:10.875",
      "xy": [
        321.53170606573246,
        112.25177500367835
      ],
      "status": "DAQP direct corridor QP infeasible: tried=1"
    },
    {
      "time": "17:55:11.375",
      "xy": [
        322.49675767069505,
        111.88914125369008
      ],
      "status": "DAQP direct corridor QP infeasible: tried=1"
    },
    {
      "time": "17:55:11.875",
      "xy": [
        323.4304093932579,
        111.5637751472935
      ],
      "status": "DAQP direct corridor QP infeasible: tried=1"
    },
    {
      "time": "17:55:12.375",
      "xy": [
        324.28984314344393,
        111.23944009041564
      ],
      "status": "DAQP direct corridor QP infeasible: tried=1"
    },
    {
      "time": "17:55:12.876",
      "xy": [
        325.12635453472,
        110.9512600985985
      ],
      "status": "DAQP direct corridor QP infeasible: tried=1"
    },
    {
      "time": "17:55:13.375",
      "xy": [
        325.93784809805186,
        110.64937964128188
      ],
      "status": "DAQP direct corridor QP infeasible: tried=1"
    },
    {
      "time": "17:55:13.875",
      "xy": [
        326.63345999149016,
        110.41054855104224
      ],
      "status": "DAQP direct corridor QP infeasible: tried=1"
    },
    {
      "time": "17:55:14.376",
      "xy": [
        327.3039381334268,
        110.15585488112805
      ],
      "status": "DAQP direct corridor QP infeasible: tried=1"
    },
    {
      "time": "17:55:14.875",
      "xy": [
        327.95516761049777,
        109.9320664863183
      ],
      "status": "DAQP direct corridor QP infeasible: tried=1"
    },
    {
      "time": "17:55:15.376",
      "xy": [
        328.539678004713,
        109.7077581099259
      ],
      "status": "DAQP direct corridor QP infeasible: tried=1"
    },
    {
      "time": "17:55:15.876",
      "xy": [
        329.1053210834969,
        109.51659404845826
      ],
      "status": "DAQP direct corridor QP infeasible: tried=1"
    }
  ],
  "horizons": {
    "7": 83,
    "6": 1
  },
  "upper_gaps": [],
  "path_gaps": [
    {
      "from": "17:54:54.878",
      "to": "17:54:56.380",
      "sec": 1.5015332698822021
    }
  ],
  "lower_gaps": [],
  "odom_max_gap_sec": 0.048090219497680664,
  "grid_n": 1213,
  "grid_max_gap_sec": 0.16677641868591309,
  "geometry_patterns": {
    "(128, 128, 0.3125, [2.95, -20.0], [0.0, 0.0, 0.0, 1.0])": 1213
  },
  "known_counts": {
    "16384": 1213
  },
  "unknown_counts": {
    "0": 1213
  },
  "grid_edge_40m_free_frames": 829,
  "near9m_empty": 174,
  "free_far_effective0": {
    "min": 4.375,
    "median": 40.0,
    "p95": 40.0,
    "max": 40.0
  },
  "all_lower_modes": {
    "0": 263,
    "3": 168
  },
  "moving_valid_n": 263,
  "moving_valid_sat_fraction": 0.08745247148288973,
  "moving_valid_lateral_error_abs": {
    "min": 0.0016753476467382539,
    "median": 0.16650157031427026,
    "p95": 0.6565700098856623,
    "max": 1.084879943810307
  },
  "segments": {
    "공통 초반 0~45m": {
      "n": 79,
      "speed": {
        "min": 2.9104469146865224,
        "median": 5.8831270127306325,
        "p95": 6.5874961619105905,
        "max": 6.781910877889429
      },
      "sat_fraction": 0.08860759493670886,
      "local_error_abs": {
        "min": 0.0016753476467382539,
        "median": 0.12297427497399298,
        "p95": 0.3646048239798545,
        "max": 0.5762075817746092
      },
      "steering_deg": {
        "min": -13.219396055509549,
        "median": 0.11403128751981094,
        "p95": 17.188734024679423,
        "max": 17.188734024679423
      },
      "heading_abs_deg": {
        "min": 0.03866715764578325,
        "median": 8.046142720137572,
        "p95": 15.00703148177655,
        "max": 18.025983408868807
      }
    },
    "공통 첫 분기 45~85m": {
      "n": 62,
      "speed": {
        "min": 5.760002495179131,
        "median": 6.223593107054889,
        "p95": 6.546985221716903,
        "max": 6.740849196325148
      },
      "sat_fraction": 0.0,
      "local_error_abs": {
        "min": 0.006878061764300003,
        "median": 0.15780749618319598,
        "p95": 0.6534935392039932,
        "max": 1.084879943810307
      },
      "steering_deg": {
        "min": -13.760699134026273,
        "median": -0.30697728537524527,
        "p95": 13.916029460517361,
        "max": 14.78206496118774
      },
      "heading_abs_deg": {
        "min": 0.08368931073215362,
        "median": 2.837510162497484,
        "p95": 20.45939230334202,
        "max": 23.741001086304312
      }
    },
    "두 번째 분기 접근 85~125m": {
      "n": 65,
      "speed": {
        "min": 5.689071827049704,
        "median": 6.121670793722177,
        "p95": 6.561510117793743,
        "max": 6.72606785408929
      },
      "sat_fraction": 0.24615384615384617,
      "local_error_abs": {
        "min": 0.004489409292454838,
        "median": 0.200597439037832,
        "p95": 0.6093194552132156,
        "max": 0.7372880485568349
      },
      "steering_deg": {
        "min": -17.188734024679423,
        "median": 1.5348826075731805,
        "p95": 17.188734024679423,
        "max": 17.188734024679423
      },
      "heading_abs_deg": {
        "min": 0.14892488246970917,
        "median": 8.330401376062984,
        "p95": 24.300351280367895,
        "max": 27.83033245822237
      }
    }
  },
  "invalid_runs": [
    {
      "start": "17:55:01.445",
      "end": "17:55:18.145",
      "n": 168,
      "mode": 3
    }
  ]
}
