[INFO] [1791231559.593863060] [upper_planner_node]: planner state input: Odometry topic=/motive/vehicle/odom_map yaw=orientation.z scalar
[INFO] [1791231559.599277874] [upper_planner_node]: Egocentric MIQP planner ready: rate=2.00Hz pred_dt=0.750s Nmax=7 lower_dt=0.100s target_v=6.000m/s scale=fullscale wheelbase=2.80m length=4.70m bev=40.00m margin=2.00m state=odom grid=/bev/occupancy_grid sparse=/planner/upper_path_sparse dense=/planner/lower_reference_path
[INFO] [1791231559.599489400] [upper_planner_node]: upper branch model: cumulative_increment=1 turn_window_at_split=1 turn_target_absolute=1 split_continuity=6.75m r_dpsi=3.000 lambda_turn=0.600
[WARN] [1791231559.629184060] [upper_planner_node]: interval_diag step=7 reason=3 ref_body=(31.493,0.410) heading_deg=0.24 center_cell=(100,65) center_value=100 line_free=0 blocked=387 unknown=14 outside=1 longest_run=0 min_run=2 grid_free=2263 zero=2263 positive=10881 unknown=3240 topic=/bev/occupancy_grid frame=Vehicle origin=(0.000,-20.000) origin_yaw_deg=0.00 size=128x128 res=0.3125 positive_is_drivable=0 threshold=0 waypoint_bias=0 previous=1
[WARN] [1791231559.629353697] [upper_planner_node]: no valid preview interval at step=7; usable horizon=6 reason=3
[WARN] [1791231559.629718123] [upper_planner_node]: no valid preview interval at step=6; usable horizon=5 reason=3
[WARN] [1791231559.629845359] [upper_planner_node]: no valid preview interval at step=7; usable horizon=5 reason=3
[INFO] [1791231559.651540201] [upper_planner_node]: planner state input: Odometry topic=/motive/vehicle/odom_map yaw=orientation.z scalar
[INFO] [1791231559.654506112] [upper_planner_node]: Egocentric MIQP planner ready: rate=2.00Hz pred_dt=0.750s Nmax=7 lower_dt=0.100s target_v=6.000m/s scale=fullscale wheelbase=2.80m length=4.70m bev=40.00m margin=2.00m state=odom grid=/bev/occupancy_grid sparse=/planner/upper_path_sparse dense=/planner/lower_reference_path
[INFO] [1791231559.654625219] [upper_planner_node]: upper branch model: cumulative_increment=1 turn_window_at_split=1 turn_target_absolute=1 split_continuity=6.75m r_dpsi=3.000 lambda_turn=0.600
[WARN] [1791231559.684129441] [upper_planner_node]: no valid preview interval at step=7; usable horizon=6 reason=3
[WARN] [1791231559.684626704] [upper_planner_node]: no valid preview interval at step=6; usable horizon=5 reason=3
[WARN] [1791231559.684752531] [upper_planner_node]: no valid preview interval at step=7; usable horizon=5 reason=3
[INFO] [1791231559.704675193] [upper_planner_node]: planner state input: Odometry topic=/motive/vehicle/odom_map yaw=orientation.z scalar
[INFO] [1791231559.707422602] [upper_planner_node]: Egocentric MIQP planner ready: rate=2.00Hz pred_dt=0.750s Nmax=7 lower_dt=0.100s target_v=6.000m/s scale=fullscale wheelbase=2.80m length=4.70m bev=40.00m margin=2.00m state=odom grid=/bev/occupancy_grid sparse=/planner/upper_path_sparse dense=/planner/lower_reference_path
[INFO] [1791231559.707543597] [upper_planner_node]: upper branch model: cumulative_increment=1 turn_window_at_split=1 turn_target_absolute=1 split_continuity=6.75m r_dpsi=3.000 lambda_turn=0.600
[WARN] [1791231559.736657600] [upper_planner_node]: no valid preview interval at step=7; usable horizon=6 reason=3
[WARN] [1791231559.737109901] [upper_planner_node]: no valid preview interval at step=6; usable horizon=5 reason=3
[WARN] [1791231559.737235217] [upper_planner_node]: no valid preview interval at step=7; usable horizon=5 reason=3
[INFO] [1791231559.757030195] [upper_planner_node]: planner state input: Odometry topic=/motive/vehicle/odom_map yaw=orientation.z scalar
[INFO] [1791231559.759955497] [upper_planner_node]: Egocentric MIQP planner ready: rate=2.00Hz pred_dt=0.750s Nmax=7 lower_dt=0.100s target_v=6.000m/s scale=fullscale wheelbase=2.80m length=4.70m bev=40.00m margin=2.00m state=odom grid=/bev/occupancy_grid sparse=/planner/upper_path_sparse dense=/planner/lower_reference_path
[INFO] [1791231559.760088141] [upper_planner_node]: upper branch model: cumulative_increment=1 turn_window_at_split=1 turn_target_absolute=1 split_continuity=6.75m r_dpsi=3.000 lambda_turn=0.600
[WARN] [1791231559.789439206] [upper_planner_node]: no valid preview interval at step=7; usable horizon=6 reason=3
[WARN] [1791231559.789865011] [upper_planner_node]: no valid preview interval at step=6; usable horizon=5 reason=3
[WARN] [1791231559.789996374] [upper_planner_node]: no valid preview interval at step=7; usable horizon=5 reason=3
