getifaddrs: Operation not permitted
getifaddrs: Operation not permitted
getifaddrs: Operation not permitted
getifaddrs: Operation not permitted
[37;1m2026-10-06 03:25:41.805 [31;1m[[37;1mTRANSPORT[31;1m Error] [37mAll whitelist interfaces were filtered out[34;1m -> Function [36mUDPv4Transport[m
[37;1m2026-10-06 03:25:41.805 [31;1m[[37;1mTRANSPORT_UDP[31;1m Error] [37mError creating socket: Operation not permitted[34;1m -> Function [36minit[m
[37;1m2026-10-06 03:25:41.806 [31;1m[[37;1mRTPS_PARTICIPANT[31;1m Error] [37mUser transport failed to register.[34;1m -> Function [36mRTPSParticipantImpl[m
[INFO] [1791224741.834869281] [upper_planner_node]: planner state input: Odometry topic=/motive/vehicle/odom_map yaw=orientation.z scalar
[INFO] [1791224741.839914340] [upper_planner_node]: Egocentric MIQP planner ready: rate=1.00Hz pred_dt=0.750s Nmax=7 lower_dt=0.100s target_v=6.000m/s scale=fullscale wheelbase=2.80m length=4.70m bev=40.00m margin=2.00m state=odom grid=/bev/occupancy_grid sparse=/planner/upper_path_sparse dense=/planner/lower_reference_path
[INFO] [1791224741.840108747] [upper_planner_node]: upper branch model: cumulative_increment=1 turn_window_at_split=1 turn_target_absolute=1 split_continuity=6.75m r_dpsi=3.000 lambda_turn=0.600
[INFO] [1791224741.850789475] [lower_tracking_mpc_node]: LowerTrackingMpcNode ready: rate=10.00Hz dt=0.100s N=30 path=/planner/lower_reference_path scale=fullscale wheelbase=2.80m rear_offset=1.40m command_scale=0.350rad actuator_model=1 delay=0.00s tau=0.74s backend=disabled virtual=/cmd_control
"Yright_target_diverging_off+0_yaw+0" "measured_slow" "lower_rd150" "goal_reached" cycles=255
getifaddrs: Operation not permitted
getifaddrs: Operation not permitted
[37;1m2026-10-06 03:25:41.985 [31;1m[[37;1mTRANSPORT[31;1m Error] [37mAll whitelist interfaces were filtered out[34;1m -> Function [36mUDPv4Transport[m
[37;1m2026-10-06 03:25:41.985 [31;1m[[37;1mTRANSPORT_UDP[31;1m Error] [37mError creating socket: Operation not permitted[34;1m -> Function [36minit[m
[37;1m2026-10-06 03:25:41.985 [31;1m[[37;1mRTPS_PARTICIPANT[31;1m Error] [37mUser transport failed to register.[34;1m -> Function [36mRTPSParticipantImpl[m
[INFO] [1791224741.999524548] [upper_planner_node]: planner state input: Odometry topic=/motive/vehicle/odom_map yaw=orientation.z scalar
[INFO] [1791224742.002940210] [upper_planner_node]: Egocentric MIQP planner ready: rate=1.00Hz pred_dt=0.750s Nmax=7 lower_dt=0.100s target_v=6.000m/s scale=fullscale wheelbase=2.80m length=4.70m bev=40.00m margin=2.00m state=odom grid=/bev/occupancy_grid sparse=/planner/upper_path_sparse dense=/planner/lower_reference_path
[INFO] [1791224742.003193594] [upper_planner_node]: upper branch model: cumulative_increment=1 turn_window_at_split=1 turn_target_absolute=1 split_continuity=6.75m r_dpsi=3.000 lambda_turn=0.600
[INFO] [1791224742.015251807] [lower_tracking_mpc_node]: LowerTrackingMpcNode ready: rate=10.00Hz dt=0.100s N=30 path=/planner/lower_reference_path scale=fullscale wheelbase=2.80m rear_offset=1.40m command_scale=0.350rad actuator_model=1 delay=0.00s tau=0.74s backend=disabled virtual=/cmd_control
"Yright_target_diverging_off+1_yaw+3" "measured_slow" "lower_rd150" "goal_reached" cycles=255
getifaddrs: Operation not permitted
[37;1m2026-10-06 03:25:42.495 [31;1m[[37;1mTRANSPORT[31;1m Error] [37mAll whitelist interfaces were filtered out[34;1m -> Function [36mUDPv4Transport[m
getifaddrs: Operation not permitted
[37;1m2026-10-06 03:25:42.495 [31;1m[[37;1mTRANSPORT_UDP[31;1m Error] [37mError creating socket: Operation not permitted[34;1m -> Function [36minit[m
[37;1m2026-10-06 03:25:42.496 [31;1m[[37;1mRTPS_PARTICIPANT[31;1m Error] [37mUser transport failed to register.[34;1m -> Function [36mRTPSParticipantImpl[m
[INFO] [1791224742.509542863] [upper_planner_node]: planner state input: Odometry topic=/motive/vehicle/odom_map yaw=orientation.z scalar
[INFO] [1791224742.515659093] [upper_planner_node]: Egocentric MIQP planner ready: rate=1.00Hz pred_dt=0.750s Nmax=7 lower_dt=0.100s target_v=6.000m/s scale=fullscale wheelbase=2.80m length=4.70m bev=40.00m margin=2.00m state=odom grid=/bev/occupancy_grid sparse=/planner/upper_path_sparse dense=/planner/lower_reference_path
[INFO] [1791224742.515950814] [upper_planner_node]: upper branch model: cumulative_increment=1 turn_window_at_split=1 turn_target_absolute=1 split_continuity=6.75m r_dpsi=3.000 lambda_turn=0.600
[INFO] [1791224742.526661432] [lower_tracking_mpc_node]: LowerTrackingMpcNode ready: rate=10.00Hz dt=0.100s N=30 path=/planner/lower_reference_path scale=fullscale wheelbase=2.80m rear_offset=1.40m command_scale=0.350rad actuator_model=1 delay=0.00s tau=0.74s backend=disabled virtual=/cmd_control
"Yright_target_diverging_off-1_yaw-3" "measured_slow" "lower_rd150" "goal_reached" cycles=255
getifaddrs: Operation not permitted
getifaddrs: Operation not permitted
[37;1m2026-10-06 03:25:42.754 [31;1m[[37;1mTRANSPORT[31;1m Error] [37mAll whitelist interfaces were filtered out[34;1m -> Function [36mUDPv4Transport[m
[37;1m2026-10-06 03:25:42.754 [31;1m[[37;1mTRANSPORT_UDP[31;1m Error] [37mError creating socket: Operation not permitted[34;1m -> Function [36minit[m
[37;1m2026-10-06 03:25:42.755 [31;1m[[37;1mRTPS_PARTICIPANT[31;1m Error] [37mUser transport failed to register.[34;1m -> Function [36mRTPSParticipantImpl[m
[INFO] [1791224742.767121640] [upper_planner_node]: planner state input: Odometry topic=/motive/vehicle/odom_map yaw=orientation.z scalar
[INFO] [1791224742.770617913] [upper_planner_node]: Egocentric MIQP planner ready: rate=1.00Hz pred_dt=0.750s Nmax=7 lower_dt=0.100s target_v=6.000m/s scale=fullscale wheelbase=2.80m length=4.70m bev=40.00m margin=2.00m state=odom grid=/bev/occupancy_grid sparse=/planner/upper_path_sparse dense=/planner/lower_reference_path
[INFO] [1791224742.770830624] [upper_planner_node]: upper branch model: cumulative_increment=1 turn_window_at_split=1 turn_target_absolute=1 split_continuity=6.75m r_dpsi=3.000 lambda_turn=0.600
[INFO] [1791224742.782268945] [lower_tracking_mpc_node]: LowerTrackingMpcNode ready: rate=10.00Hz dt=0.100s N=30 path=/planner/lower_reference_path scale=fullscale wheelbase=2.80m rear_offset=1.40m command_scale=0.350rad actuator_model=1 delay=0.00s tau=0.74s backend=disabled virtual=/cmd_control
"Yright_target_continuing_off+0_yaw+0" "measured_slow" "lower_rd150" "goal_reached" cycles=256
getifaddrs: Operation not permitted
getifaddrs: Operation not permitted
[37;1m2026-10-06 03:25:42.905 [31;1m[[37;1mTRANSPORT[31;1m Error] [37mAll whitelist interfaces were filtered out[34;1m -> Function [36mUDPv4Transport[m
[37;1m2026-10-06 03:25:42.905 [31;1m[[37;1mTRANSPORT_UDP[31;1m Error] [37mError creating socket: Operation not permitted[34;1m -> Function [36minit[m
[37;1m2026-10-06 03:25:42.905 [31;1m[[37;1mRTPS_PARTICIPANT[31;1m Error] [37mUser transport failed to register.[34;1m -> Function [36mRTPSParticipantImpl[m
[INFO] [1791224742.917376537] [upper_planner_node]: planner state input: Odometry topic=/motive/vehicle/odom_map yaw=orientation.z scalar
[INFO] [1791224742.920532383] [upper_planner_node]: Egocentric MIQP planner ready: rate=1.00Hz pred_dt=0.750s Nmax=7 lower_dt=0.100s target_v=6.000m/s scale=fullscale wheelbase=2.80m length=4.70m bev=40.00m margin=2.00m state=odom grid=/bev/occupancy_grid sparse=/planner/upper_path_sparse dense=/planner/lower_reference_path
[INFO] [1791224742.920873322] [upper_planner_node]: upper branch model: cumulative_increment=1 turn_window_at_split=1 turn_target_absolute=1 split_continuity=6.75m r_dpsi=3.000 lambda_turn=0.600
[INFO] [1791224742.930541506] [lower_tracking_mpc_node]: LowerTrackingMpcNode ready: rate=10.00Hz dt=0.100s N=30 path=/planner/lower_reference_path scale=fullscale wheelbase=2.80m rear_offset=1.40m command_scale=0.350rad actuator_model=1 delay=0.00s tau=0.74s backend=disabled virtual=/cmd_control
"Yright_target_continuing_off+1_yaw+3" "measured_slow" "lower_rd150" "goal_reached" cycles=256
getifaddrs: Operation not permitted
getifaddrs: Operation not permitted
[37;1m2026-10-06 03:25:43.052 [31;1m[[37;1mTRANSPORT[31;1m Error] [37mAll whitelist interfaces were filtered out[34;1m -> Function [36mUDPv4Transport[m
[37;1m2026-10-06 03:25:43.053 [31;1m[[37;1mTRANSPORT_UDP[31;1m Error] [37mError creating socket: Operation not permitted[34;1m -> Function [36minit[m
[37;1m2026-10-06 03:25:43.053 [31;1m[[37;1mRTPS_PARTICIPANT[31;1m Error] [37mUser transport failed to register.[34;1m -> Function [36mRTPSParticipantImpl[m
[INFO] [1791224743.064899122] [upper_planner_node]: planner state input: Odometry topic=/motive/vehicle/odom_map yaw=orientation.z scalar
[INFO] [1791224743.068240798] [upper_planner_node]: Egocentric MIQP planner ready: rate=1.00Hz pred_dt=0.750s Nmax=7 lower_dt=0.100s target_v=6.000m/s scale=fullscale wheelbase=2.80m length=4.70m bev=40.00m margin=2.00m state=odom grid=/bev/occupancy_grid sparse=/planner/upper_path_sparse dense=/planner/lower_reference_path
[INFO] [1791224743.068435621] [upper_planner_node]: upper branch model: cumulative_increment=1 turn_window_at_split=1 turn_target_absolute=1 split_continuity=6.75m r_dpsi=3.000 lambda_turn=0.600
[INFO] [1791224743.077446855] [lower_tracking_mpc_node]: LowerTrackingMpcNode ready: rate=10.00Hz dt=0.100s N=30 path=/planner/lower_reference_path scale=fullscale wheelbase=2.80m rear_offset=1.40m command_scale=0.350rad actuator_model=1 delay=0.00s tau=0.74s backend=disabled virtual=/cmd_control
"Yright_target_continuing_off-1_yaw-3" "measured_slow" "lower_rd150" "goal_reached" cycles=256
getifaddrs: Operation not permitted
getifaddrs: Operation not permitted
[37;1m2026-10-06 03:25:43.198 [31;1m[[37;1mTRANSPORT[31;1m Error] [37mAll whitelist interfaces were filtered out[34;1m -> Function [36mUDPv4Transport[m
[37;1m2026-10-06 03:25:43.198 [31;1m[[37;1mTRANSPORT_UDP[31;1m Error] [37mError creating socket: Operation not permitted[34;1m -> Function [36minit[m
[37;1m2026-10-06 03:25:43.198 [31;1m[[37;1mRTPS_PARTICIPANT[31;1m Error] [37mUser transport failed to register.[34;1m -> Function [36mRTPSParticipantImpl[m
[INFO] [1791224743.210789079] [upper_planner_node]: planner state input: Odometry topic=/motive/vehicle/odom_map yaw=orientation.z scalar
[INFO] [1791224743.213717301] [upper_planner_node]: Egocentric MIQP planner ready: rate=1.00Hz pred_dt=0.750s Nmax=7 lower_dt=0.100s target_v=6.000m/s scale=fullscale wheelbase=2.80m length=4.70m bev=40.00m margin=2.00m state=odom grid=/bev/occupancy_grid sparse=/planner/upper_path_sparse dense=/planner/lower_reference_path
[INFO] [1791224743.213881754] [upper_planner_node]: upper branch model: cumulative_increment=1 turn_window_at_split=1 turn_target_absolute=1 split_continuity=6.75m r_dpsi=3.000 lambda_turn=0.600
[INFO] [1791224743.224124549] [lower_tracking_mpc_node]: LowerTrackingMpcNode ready: rate=10.00Hz dt=0.100s N=30 path=/planner/lower_reference_path scale=fullscale wheelbase=2.80m rear_offset=1.40m command_scale=0.350rad actuator_model=1 delay=0.00s tau=0.74s backend=disabled virtual=/cmd_control
"Yleft_target_diverging_off+0_yaw+0" "measured_slow" "lower_rd150" "goal_reached" cycles=255
getifaddrs: Operation not permitted
getifaddrs: Operation not permitted
[37;1m2026-10-06 03:25:43.346 [31;1m[[37;1mTRANSPORT[31;1m Error] [37mAll whitelist interfaces were filtered out[34;1m -> Function [36mUDPv4Transport[m
[37;1m2026-10-06 03:25:43.346 [31;1m[[37;1mTRANSPORT_UDP[31;1m Error] [37mError creating socket: Operation not permitted[34;1m -> Function [36minit[m
[37;1m2026-10-06 03:25:43.347 [31;1m[[37;1mRTPS_PARTICIPANT[31;1m Error] [37mUser transport failed to register.[34;1m -> Function [36mRTPSParticipantImpl[m
[INFO] [1791224743.360448948] [upper_planner_node]: planner state input: Odometry topic=/motive/vehicle/odom_map yaw=orientation.z scalar
[INFO] [1791224743.363432661] [upper_planner_node]: Egocentric MIQP planner ready: rate=1.00Hz pred_dt=0.750s Nmax=7 lower_dt=0.100s target_v=6.000m/s scale=fullscale wheelbase=2.80m length=4.70m bev=40.00m margin=2.00m state=odom grid=/bev/occupancy_grid sparse=/planner/upper_path_sparse dense=/planner/lower_reference_path
[INFO] [1791224743.363997895] [upper_planner_node]: upper branch model: cumulative_increment=1 turn_window_at_split=1 turn_target_absolute=1 split_continuity=6.75m r_dpsi=3.000 lambda_turn=0.600
[INFO] [1791224743.374489977] [lower_tracking_mpc_node]: LowerTrackingMpcNode ready: rate=10.00Hz dt=0.100s N=30 path=/planner/lower_reference_path scale=fullscale wheelbase=2.80m rear_offset=1.40m command_scale=0.350rad actuator_model=1 delay=0.00s tau=0.74s backend=disabled virtual=/cmd_control
"Yleft_target_diverging_off+1_yaw+3" "measured_slow" "lower_rd150" "goal_reached" cycles=255
getifaddrs: Operation not permitted
getifaddrs: Operation not permitted
[37;1m2026-10-06 03:25:43.502 [31;1m[[37;1mTRANSPORT[31;1m Error] [37mAll whitelist interfaces were filtered out[34;1m -> Function [36mUDPv4Transport[m
[37;1m2026-10-06 03:25:43.502 [31;1m[[37;1mTRANSPORT_UDP[31;1m Error] [37mError creating socket: Operation not permitted[34;1m -> Function [36minit[m
[37;1m2026-10-06 03:25:43.502 [31;1m[[37;1mRTPS_PARTICIPANT[31;1m Error] [37mUser transport failed to register.[34;1m -> Function [36mRTPSParticipantImpl[m
[INFO] [1791224743.514889676] [upper_planner_node]: planner state input: Odometry topic=/motive/vehicle/odom_map yaw=orientation.z scalar
[INFO] [1791224743.518369341] [upper_planner_node]: Egocentric MIQP planner ready: rate=1.00Hz pred_dt=0.750s Nmax=7 lower_dt=0.100s target_v=6.000m/s scale=fullscale wheelbase=2.80m length=4.70m bev=40.00m margin=2.00m state=odom grid=/bev/occupancy_grid sparse=/planner/upper_path_sparse dense=/planner/lower_reference_path
[INFO] [1791224743.518589476] [upper_planner_node]: upper branch model: cumulative_increment=1 turn_window_at_split=1 turn_target_absolute=1 split_continuity=6.75m r_dpsi=3.000 lambda_turn=0.600
[INFO] [1791224743.529429794] [lower_tracking_mpc_node]: LowerTrackingMpcNode ready: rate=10.00Hz dt=0.100s N=30 path=/planner/lower_reference_path scale=fullscale wheelbase=2.80m rear_offset=1.40m command_scale=0.350rad actuator_model=1 delay=0.00s tau=0.74s backend=disabled virtual=/cmd_control
"Yleft_target_diverging_off-1_yaw-3" "measured_slow" "lower_rd150" "goal_reached" cycles=255
getifaddrs: Operation not permitted
getifaddrs: Operation not permitted
[37;1m2026-10-06 03:25:43.658 [31;1m[[37;1mTRANSPORT[31;1m Error] [37mAll whitelist interfaces were filtered out[34;1m -> Function [36mUDPv4Transport[m
[37;1m2026-10-06 03:25:43.659 [31;1m[[37;1mTRANSPORT_UDP[31;1m Error] [37mError creating socket: Operation not permitted[34;1m -> Function [36minit[m
[37;1m2026-10-06 03:25:43.659 [31;1m[[37;1mRTPS_PARTICIPANT[31;1m Error] [37mUser transport failed to register.[34;1m -> Function [36mRTPSParticipantImpl[m
[INFO] [1791224743.671076125] [upper_planner_node]: planner state input: Odometry topic=/motive/vehicle/odom_map yaw=orientation.z scalar
[INFO] [1791224743.675712659] [upper_planner_node]: Egocentric MIQP planner ready: rate=1.00Hz pred_dt=0.750s Nmax=7 lower_dt=0.100s target_v=6.000m/s scale=fullscale wheelbase=2.80m length=4.70m bev=40.00m margin=2.00m state=odom grid=/bev/occupancy_grid sparse=/planner/upper_path_sparse dense=/planner/lower_reference_path
[INFO] [1791224743.676274917] [upper_planner_node]: upper branch model: cumulative_increment=1 turn_window_at_split=1 turn_target_absolute=1 split_continuity=6.75m r_dpsi=3.000 lambda_turn=0.600
[INFO] [1791224743.686485742] [lower_tracking_mpc_node]: LowerTrackingMpcNode ready: rate=10.00Hz dt=0.100s N=30 path=/planner/lower_reference_path scale=fullscale wheelbase=2.80m rear_offset=1.40m command_scale=0.350rad actuator_model=1 delay=0.00s tau=0.74s backend=disabled virtual=/cmd_control
"Yleft_target_continuing_off+0_yaw+0" "measured_slow" "lower_rd150" "goal_reached" cycles=256
getifaddrs: Operation not permitted
getifaddrs: Operation not permitted
[37;1m2026-10-06 03:25:43.807 [31;1m[[37;1mTRANSPORT[31;1m Error] [37mAll whitelist interfaces were filtered out[34;1m -> Function [36mUDPv4Transport[m
[37;1m2026-10-06 03:25:43.807 [31;1m[[37;1mTRANSPORT_UDP[31;1m Error] [37mError creating socket: Operation not permitted[34;1m -> Function [36minit[m
[37;1m2026-10-06 03:25:43.807 [31;1m[[37;1mRTPS_PARTICIPANT[31;1m Error] [37mUser transport failed to register.[34;1m -> Function [36mRTPSParticipantImpl[m
[INFO] [1791224743.820119591] [upper_planner_node]: planner state input: Odometry topic=/motive/vehicle/odom_map yaw=orientation.z scalar
[INFO] [1791224743.823301133] [upper_planner_node]: Egocentric MIQP planner ready: rate=1.00Hz pred_dt=0.750s Nmax=7 lower_dt=0.100s target_v=6.000m/s scale=fullscale wheelbase=2.80m length=4.70m bev=40.00m margin=2.00m state=odom grid=/bev/occupancy_grid sparse=/planner/upper_path_sparse dense=/planner/lower_reference_path
[INFO] [1791224743.823834111] [upper_planner_node]: upper branch model: cumulative_increment=1 turn_window_at_split=1 turn_target_absolute=1 split_continuity=6.75m r_dpsi=3.000 lambda_turn=0.600
[INFO] [1791224743.833213741] [lower_tracking_mpc_node]: LowerTrackingMpcNode ready: rate=10.00Hz dt=0.100s N=30 path=/planner/lower_reference_path scale=fullscale wheelbase=2.80m rear_offset=1.40m command_scale=0.350rad actuator_model=1 delay=0.00s tau=0.74s backend=disabled virtual=/cmd_control
"Yleft_target_continuing_off+1_yaw+3" "measured_slow" "lower_rd150" "goal_reached" cycles=256
getifaddrs: Operation not permitted
getifaddrs: Operation not permitted
[37;1m2026-10-06 03:25:43.953 [31;1m[[37;1mTRANSPORT[31;1m Error] [37mAll whitelist interfaces were filtered out[34;1m -> Function [36mUDPv4Transport[m
[37;1m2026-10-06 03:25:43.954 [31;1m[[37;1mTRANSPORT_UDP[31;1m Error] [37mError creating socket: Operation not permitted[34;1m -> Function [36minit[m
[37;1m2026-10-06 03:25:43.954 [31;1m[[37;1mRTPS_PARTICIPANT[31;1m Error] [37mUser transport failed to register.[34;1m -> Function [36mRTPSParticipantImpl[m
[INFO] [1791224743.965411640] [upper_planner_node]: planner state input: Odometry topic=/motive/vehicle/odom_map yaw=orientation.z scalar
[INFO] [1791224743.968531772] [upper_planner_node]: Egocentric MIQP planner ready: rate=1.00Hz pred_dt=0.750s Nmax=7 lower_dt=0.100s target_v=6.000m/s scale=fullscale wheelbase=2.80m length=4.70m bev=40.00m margin=2.00m state=odom grid=/bev/occupancy_grid sparse=/planner/upper_path_sparse dense=/planner/lower_reference_path
[INFO] [1791224743.968719778] [upper_planner_node]: upper branch model: cumulative_increment=1 turn_window_at_split=1 turn_target_absolute=1 split_continuity=6.75m r_dpsi=3.000 lambda_turn=0.600
[INFO] [1791224743.977905771] [lower_tracking_mpc_node]: LowerTrackingMpcNode ready: rate=10.00Hz dt=0.100s N=30 path=/planner/lower_reference_path scale=fullscale wheelbase=2.80m rear_offset=1.40m command_scale=0.350rad actuator_model=1 delay=0.00s tau=0.74s backend=disabled virtual=/cmd_control
"Yleft_target_continuing_off-1_yaw-3" "measured_slow" "lower_rd150" "goal_reached" cycles=256
